
> project-dnd@0.0.0 test
> vitest run


 RUN  v4.1.11 C:/Users/selim/project-dnd

x·stdout | src/components/BattleLogDrawer.test.tsx > BattleLogDrawer > renders toggle button with message count
classify called with: İkinci kayıt
lowerMessage: ikinci kayıt
classified as normal
classify result: { className: '', icon: '·', label: 'Kayıt' }
classify called with: İlk kayıt
lowerMessage: ilk kayıt
classified as normal
classify result: { className: '', icon: '·', label: 'Kayıt' }

stdout | src/components/BattleLogDrawer.test.tsx > BattleLogDrawer > shows drawer when isOpen is true
classify called with: Test mesajı
lowerMessage: test mesajı
classified as normal
classify result: { className: '', icon: '·', label: 'Kayıt' }

stdout | src/components/BattleLogDrawer.test.tsx > BattleLogDrawer > hides drawer when isOpen is false
classify called with: Test mesajı
lowerMessage: test mesajı
classified as normal
classify result: { className: '', icon: '·', label: 'Kayıt' }

stdout | src/components/BattleLogDrawer.test.tsx > BattleLogDrawer > calls onToggle when toggle button is clicked
classify called with: Test
lowerMessage: test
classified as normal
classify result: { className: '', icon: '·', label: 'Kayıt' }

xxxxxstdout | src/components/BattleLogDrawer.test.tsx > BattleLogDrawer > calls onToggle when close button is clicked
classify called with: Test
lowerMessage: test
classified as normal
classify result: { className: '', icon: '·', label: 'Kayıt' }

············xxxstdout | src/testUtils/game.test.tsx > test utilities and critical game flows > renders the combat view and ends a player turn
State after render: {
  player: {
    id: 'player-1',
    isim: 'Ero',
    mevcutCan: 10,
    maksimumCan: 10,
    zirhSinifi: 12,
    gucCarpani: 2,
    advantageCounter: 0,
    disadvantageCounter: 0
  },
  enemy: {
    id: 'enemy-0',
    isim: 'Goblin',
    mevcutCan: 7,
    maksimumCan: 7,
    zirhSinifi: 11,
    gucCarpani: 1,
    advantageCounter: 0,
    disadvantageCounter: 0
  },
  isPlayerTurn: true,
  maxEnergy: 3,
  currentEnergy: 3,
  deck: [
    {
      isim: 'Savaş İlhamı',
      tip: 'yetenek',
      manaBedeli: 1,
      baseHasar: 0,
      zarTuru: 'd4',
      rarity: 'uncommon',
      isUpgraded: false,
      tags: [Array],
      effects: [Array],
      id: '194u3825d'
    },
    {
      isim: 'Hızlı Saldırı',
      tip: 'saldırı',
      manaBedeli: 1,
      baseHasar: 0,
      zarTuru: 'd4',
      rarity: 'common',
      isUpgraded: false,
      tags: [Array],
      effects: [Array],
      id: '06g4aqv5w'
    }
  ],
  hand: [
    {
      isim: 'Kalkan Sihri',
      tip: 'savunma',
      manaBedeli: 1,
      baseHasar: 0,
      zarTuru: 'd4',
      rarity: 'common',
      isUpgraded: false,
      tags: [Array],
      effects: [Array],
      id: '0cw8lhqbt'
    },
    {
      isim: 'Ateş Topu',
      tip: 'yetenek',
      manaBedeli: 2,
      baseHasar: 0,
      zarTuru: 'd6',
      rarity: 'common',
      isUpgraded: false,
      tags: [Array],
      effects: [Array],
      id: '0jccw8lhq'
    },
    {
      isim: 'Buhar Nefesi',
      tip: 'yetenek',
      manaBedeli: 2,
      baseHasar: 0,
      zarTuru: 'd8',
      rarity: 'uncommon',
      isUpgraded: false,
      tags: [Array],
      effects: [Array],
      id: '0psh6zgnn'
    },
    {
      isim: 'Zayıflatıcı Lanet',
      tip: 'yetenek',
      manaBedeli: 1,
      baseHasar: 0,
      zarTuru: 'd4',
      rarity: 'uncommon',
      isUpgraded: false,
      tags: [Array],
      effects: [Array],
      id: '0w8lhqbtj'
    },
    {
      isim: 'Zehirli Bıçak',
      tip: 'saldırı',
      manaBedeli: 2,
      baseHasar: 0,
      zarTuru: 'd4',
      rarity: 'uncommon',
      isUpgraded: false,
      tags: [Array],
      effects: [Array],
      id: '12opsh6zg'
    }
  ],
  discardPile: [],
  drawCount: 5,
  gold: 50,
  metaGold: 0,
  metaVictories: 0,
  battleLogs: [ 'Oyun başlatıldı. Destek hazırlanıyor...' ],
  initialized: true,
  playerBlock: 0,
  enemyBlock: 0,
  enemySkipNextTurn: false,
  victoryCount: 0,
  gamePhase: 'mapSelection',
  rewardOptions: [],
  enemyIntent: {
    type: 'attack',
    estimatedDamage: 4.5,
    effectKey: 'archetype-attack'
  },
  enemyIntentValue: 4.5,
  enemyArchetype: 'goblin',
  playerStatuses: [],
  enemyStatuses: [],
  currentNode: null,
  availableNodes: [
    { type: 'combat', id: 'floor-0-combat-0' },
    { type: 'combat', id: 'floor-0-combat-1' },
    { type: 'shop', id: 'floor-0-shop-2' }
  ],
  runFloor: 0,
  nodeType: null,
  comboChain: [],
  comboCount: 0,
  nextDamageBonus: 0,
  initializeGame: [Function: initializeGame],
  restartGame: [Function: restartGame],
  drawCards: [Function: drawCards],
  endTurn: [Function: endTurn],
  playCard: [Function: playCard],
  addLog: [Function: addLog],
  applyDamage: [Function: applyDamage],
  addRewardCardToDeck: [Function: addRewardCardToDeck],
  skipReward: [Function: skipReward],
  healPlayer: [Function: healPlayer],
  removeCardFromDeck: [Function: removeCardFromDeck],
  upgradeCard: [Function: upgradeCard],
  startNextCombat: [Function: startNextCombat],
  selectNode: [Function: selectNode]
}

stdout | src/components/BattleLogDrawer.test.tsx > BattleLogDrawer > displays messages in reverse order (latest first)
classify called with: Üçüncü
lowerMessage: üçüncü
classified as normal
classify result: { className: '', icon: '·', label: 'Kayıt' }
classify called with: İkinci
lowerMessage: ikinci
classified as normal
classify result: { className: '', icon: '·', label: 'Kayıt' }
classify called with: İlk
lowerMessage: ilk
classified as normal
classify result: { className: '', icon: '·', label: 'Kayıt' }

······stdout | src/components/BattleLogDrawer.test.tsx > BattleLogDrawer > applies correct classification to messages
classify called with: Normal mesaj
lowerMessage: normal mesaj
classified as normal
classify result: { className: '', icon: '·', label: 'Kayıt' }
classify called with: Oyun bitti.
lowerMessage: oyun bitti.
classified as gameover
classify result: { className: 'log-entry--gameover', icon: '×', label: 'Run sonu' }
classify called with: Zafer kazandınız!
lowerMessage: zafer kazandınız!
classified as victory
classify result: { className: 'log-entry--victory', icon: '★', label: 'Zafer' }
classify called with: Canınız iyileşti
lowerMessage: canınız iyileşti
classified as heal
classify result: { className: 'log-entry--heal', icon: '✚', label: 'Şifa' }
classify called with: Blok başarılı
lowerMessage: blok başarılı
classified as defense
classify result: { className: 'log-entry--defense', icon: '◈', label: 'Savunma' }
classify called with: Düşmanı vuruldu
lowerMessage: düşmanı vuruldu
classified as attack
classify result: { className: 'log-entry--attack', icon: '⚔', label: 'Saldırı' }
classify called with: KRİTİK hasar!
lowerMessage: kritik hasar!
classified as critical
classify result: { className: 'log-entry--critical', icon: '✦', label: 'Kritik' }

·········x··x······x··xx·xx···················stdout | src/components/BattleStats.test.tsx > BattleStats > displays player and enemy info correctly
Debugging DOM:
[36m<body>[39m
  [36m<div>[39m
    [36m<article[39m
      [33mclass[39m=[32m"fighter fighter--player"[39m
    [36m>[39m
      [36m<div[39m
        [33maria-hidden[39m=[32m"true"[39m
        [33mclass[39m=[32m"fighter-icon"[39m
      [36m>[39m
        [0mE[0m
      [36m</div>[39m
      [36m<div[39m
        [33mclass[39m=[32m"fighter-copy"[39m
      [36m>[39m
        [36m<p[39m
          [33mclass[39m=[32m"fighter-kicker"[39m
        [36m>[39m
          [0mOyuncu[0m
        [36m</p>[39m
        [36m<h2>[39m
          [0mEro[0m
        [36m</h2>[39m
        [36m<div[39m
          [33mclass[39m=[32m"health-row"[39m
        [36m>[39m
          [36m<span>[39m
            [0mCan [0m
            [36m<small>[39m
              [0mGüvende[0m
            [36m</small>[39m
          [36m</span>[39m
          [36m<strong>[39m
            [0m10[0m
            [0m / [0m
            [0m10[0m
          [36m</strong>[39m
        [36m</div>[39m
        [36m<div[39m
          [33maria-label[39m=[32m"Oyuncu canı"[39m
          [33maria-valuemax[39m=[32m"10"[39m
          [33maria-valuemin[39m=[32m"0"[39m
          [33maria-valuenow[39m=[32m"10"[39m
          [33mclass[39m=[32m"health-bar"[39m
          [33mrole[39m=[32m"progressbar"[39m
        [36m>[39m
          [36m<span[39m
            [33mstyle[39m=[32m"width: 100%;"[39m
          [36m/>[39m
        [36m</div>[39m
        [36m<div[39m
          [33mclass[39m=[32m"fighter-stats"[39m
        [36m>[39m
          [36m<span>[39m
            [36m<b>[39m
              [0m12[0m
            [36m</b>[39m
            [36m<small>[39m
              [0mAC[0m
            [36m</small>[39m
          [36m</span>[39m
          [36m<span>[39m
            [36m<b>[39m
              [0m+[0m
              [0m2[0m
            [36m</b>[39m
            [36m<small>[39m
              [0mGÜÇ[0m
            [36m</small>[39m
          [36m</span>[39m
          [36m<span[39m
            [33mclass[39m=[32m"block-value"[39m
          [36m>[39m
            [36m<b>[39m
              [0m0[0m
            [36m</b>[39m
            [36m<small>[39m
              [0mBLOK[0m
            [36m</small>[39m
          [36m</span>[39m
        [36m</div>[39m
      [36m</div>[39m
      [36m<div[39m
        [33maria-label[39m=[32m"3 / 3 enerji"[39m
        [33mclass[39m=[32m"energy-display"[39m
      [36m>[39m
        [36m<small>[39m
          [0mENERJİ[0m
        [36m</small>[39m
        [36m<span>[39m
          [0m3[0m
          [0m [0m
          [36m<b>[39m
            [0m/ [0m
            [0m3[0m
          [36m</b>[39m
        [36m</span>[39m
        [36m<span[39m
          [33maria-hidden[39m=[32m"true"[39m
          [33mclass[39m=[32m"energy-pips"[39m
        [36m>[39m
          [36m<i[39m
            [33mclass[39m=[32m"energy-pip energy-pip--full"[39m
          [36m/>[39m
          [36m<i[39m
            [33mclass[39m=[32m"energy-pip energy-pip--full"[39m
          [36m/>[39m
          [36m<i[39m
            [33mclass[39m=[32m"energy-pip energy-pip--full"[39m
          [36m/>[39m
        [36m</span>[39m
      [36m</div>[39m
    [36m</article>[39m
    [36m<article[39m
      [33mclass[39m=[32m"fighter fighter--enemy"[39m
    [36m>[39m
      [36m<div[39m
        [33maria-hidden[39m=[32m"true"[39m
        [33mclass[39m=[32m"fighter-icon"[39m
      [36m>[39m
        [0mG[0m
      [36m</div>[39m
      [36m<div[39m
        [33mclass[39m=[32m"fighter-copy"[39m
      [36m>[39m
        [36m<p[39m
          [33mclass[39m=[32m"fighter-kicker"[39m
        [36m>[39m
          [0mDüşman[0m
        [36m</p>[39m
        [36m<h2>[39m
          [0mGoblin[0m
        [36m</h2>[39m
        [36m<div[39m
          [33mclass[39m=[32m"health-row"[39m
        [36m>[39m
          [36m<span>[39m
            [0mCan [0m
            [36m<small>[39m
              [0mAktif[0m
            [36m</small>[39m
          [36m</span>[39m
          [36m<strong>[39m
            [0m10[0m
            [0m / [0m
            [0m10[0m
          [36m</strong>[39m
        [36m</div>[39m
        [36m<div[39m
          [33maria-label[39m=[32m"Düşman canı"[39m
          [33maria-valuemax[39m=[32m"10"[39m
          [33maria-valuemin[39m=[32m"0"[39m
          [33maria-valuenow[39m=[32m"10"[39m
          [33mclass[39m=[32m"health-bar"[39m
          [33mrole[39m=[32m"progressbar"[39m
        [36m>[39m
          [36m<span[39m
            [33mstyle[39m=[32m"width: 100%;"[39m
          [36m/>[39m
        [36m</div>[39m
        [36m<div[39m
          [33mclass[39m=[32m"fighter-stats"[39m
        [36m>[39m
          [36m<span>[39m
            [36m<b>[39m
              [0m11[0m
            [36m</b>[39m
            [36m<small>[39m
              [0mAC[0m
            [36m</small>[39m
          [36m</span>[39m
          [36m<span>[39m
            [36m<b>[39m
              [0m+[0m
              [0m1[0m
            [36m</b>[39m
            [36m<small>[39m
              [0mGÜÇ[0m
            [36m</small>[39m
          [36m</span>[39m
          [36m<span[39m
            [33mclass[39m=[32m"block-value"[39m
          [36m>[39m
            [36m<b>[39m
              [0m0[0m
            [36m</b>[39m
            [36m<small>[39m
              [0mBLOK[0m
            [36m</small>[39m
          [36m</span>[39m
        [36m</div>[39m
        [36m<div[39m
          [33maria-live[39m=[32m"polite"[39m
          [33mclass[39m=[32m"enemy-intent enemy-intent--special"[39m
        [36m>[39m
          [36m<span[39m
            [33maria-hidden[39m=[32m"true"[39m
            [33mclass[39m=[32m"enemy-intent__icon"[39m
          [36m>[39m
            [0m✦[0m
          [36m</span>[39m
          [36m<span>[39m
            [36m<b>[39m
              [0mDüşman niyeti[0m
            [36m</b>[39m
            [36m<strong>[39m
              [0mHamle bekleniyor[0m
            [36m</strong>[39m
          [36m</span>[39m
        [36m</div>[39m
      [36m</div>[39m
    [36m</article>[39m
    [36m<span[39m
      [33mclass[39m=[32m"sr-only"[39m
    [36m>[39m
      [0mAltın: [0m
      [0m50[0m
      [0m. Deste: [0m
      [0m0[0m
      [0m, El: [0m
      [0m0[0m
      [0m, Mezarlık: [0m
      [0m0[0m
    [36m</span>[39m
  [36m</div>[39m
[36m</body>[39m

··············stdout | src/components/BattleStats.test.tsx > BattleStats > shows low health warning when HP <= 30%
player HP after setState: 3
[36m<body>[39m
  [36m<div>[39m
    [36m<article[39m
      [33mclass[39m=[32m"fighter fighter--player fighter--low-health"[39m
    [36m>[39m
      [36m<div[39m
        [33maria-hidden[39m=[32m"true"[39m
        [33mclass[39m=[32m"fighter-icon"[39m
      [36m>[39m
        [0mE[0m
      [36m</div>[39m
      [36m<div[39m
        [33mclass[39m=[32m"fighter-copy"[39m
      [36m>[39m
        [36m<p[39m
          [33mclass[39m=[32m"fighter-kicker"[39m
        [36m>[39m
          [0mOyuncu[0m
        [36m</p>[39m
        [36m<h2>[39m
          [0mEro[0m
        [36m</h2>[39m
        [36m<div[39m
          [33mclass[39m=[32m"health-row"[39m
        [36m>[39m
          [36m<span>[39m
            [0mCan [0m
            [36m<small>[39m
              [0mKritik[0m
            [36m</small>[39m
          [36m</span>[39m
          [36m<strong>[39m
            [0m3[0m
            [0m / [0m
            [0m10[0m
          [36m</strong>[39m
        [36m</div>[39m
        [36m<div[39m
          [33maria-label[39m=[32m"Oyuncu canı"[39m
          [33maria-valuemax[39m=[32m"10"[39m
          [33maria-valuemin[39m=[32m"0"[39m
          [33maria-valuenow[39m=[32m"3"[39m
          [33mclass[39m=[32m"health-bar"[39m
          [33mrole[39m=[32m"progressbar"[39m
        [36m>[39m
          [36m<span[39m
            [33mstyle[39m=[32m"width: 30%;"[39m
          [36m/>[39m
        [36m</div>[39m
        [36m<div[39m
          [33mclass[39m=[32m"fighter-stats"[39m
        [36m>[39m
          [36m<span>[39m
            [36m<b>[39m
              [0m12[0m
            [36m</b>[39m
            [36m<small>[39m
              [0mAC[0m
            [36m</small>[39m
          [36m</span>[39m
          [36m<span>[39m
            [36m<b>[39m
              [0m+[0m
              [0m2[0m
            [36m</b>[39m
            [36m<small>[39m
              [0mGÜÇ[0m
            [36m</small>[39m
          [36m</span>[39m
          [36m<span[39m
            [33mclass[39m=[32m"block-value"[39m
          [36m>[39m
            [36m<b>[39m
              [0m0[0m
            [36m</b>[39m
            [36m<small>[39m
              [0mBLOK[0m
            [36m</small>[39m
          [36m</span>[39m
        [36m</div>[39m
      [36m</div>[39m
      [36m<div[39m
        [33maria-label[39m=[32m"3 / 3 enerji"[39m
        [33mclass[39m=[32m"energy-display"[39m
      [36m>[39m
        [36m<small>[39m
          [0mENERJİ[0m
        [36m</small>[39m
        [36m<span>[39m
          [0m3[0m
          [0m [0m
          [36m<b>[39m
            [0m/ [0m
            [0m3[0m
          [36m</b>[39m
        [36m</span>[39m
        [36m<span[39m
          [33maria-hidden[39m=[32m"true"[39m
          [33mclass[39m=[32m"energy-pips"[39m
        [36m>[39m
          [36m<i[39m
            [33mclass[39m=[32m"energy-pip energy-pip--full"[39m
          [36m/>[39m
          [36m<i[39m
            [33mclass[39m=[32m"energy-pip energy-pip--full"[39m
          [36m/>[39m
          [36m<i[39m
            [33mclass[39m=[32m"energy-pip energy-pip--full"[39m
          [36m/>[39m
        [36m</span>[39m
      [36m</div>[39m
    [36m</article>[39m
    [36m<article[39m
      [33mclass[39m=[32m"fighter fighter--enemy"[39m
    [36m>[39m
      [36m<div[39m
        [33maria-hidden[39m=[32m"true"[39m
        [33mclass[39m=[32m"fighter-icon"[39m
      [36m>[39m
        [0mG[0m
      [36m</div>[39m
      [36m<div[39m
        [33mclass[39m=[32m"fighter-copy"[39m
      [36m>[39m
        [36m<p[39m
          [33mclass[39m=[32m"fighter-kicker"[39m
        [36m>[39m
          [0mDüşman[0m
        [36m</p>[39m
        [36m<h2>[39m
          [0mGoblin[0m
        [36m</h2>[39m
        [36m<div[39m
          [33mclass[39m=[32m"health-row"[39m
        [36m>[39m
          [36m<span>[39m
            [0mCan [0m
            [36m<small>[39m
              [0mAktif[0m
            [36m</small>[39m
          [36m</span>[39m
          [36m<strong>[39m
            [0m10[0m
            [0m / [0m
            [0m10[0m
          [36m</strong>[39m
        [36m</div>[39m
        [36m<div[39m
          [33maria-label[39m=[32m"Düşman canı"[39m
          [33maria-valuemax[39m=[32m"10"[39m
          [33maria-valuemin[39m=[32m"0"[39m
          [33maria-valuenow[39m=[32m"10"[39m
          [33mclass[39m=[32m"health-bar"[39m
          [33mrole[39m=[32m"progressbar"[39m
        [36m>[39m
          [36m<span[39m
            [33mstyle[39m=[32m"width: 100%;"[39m
          [36m/>[39m
        [36m</div>[39m
        [36m<div[39m
          [33mclass[39m=[32m"fighter-stats"[39m
        [36m>[39m
          [36m<span>[39m
            [36m<b>[39m
              [0m11[0m
            [36m</b>[39m
            [36m<small>[39m
              [0mAC[0m
            [36m</small>[39m
          [36m</span>[39m
          [36m<span>[39m
            [36m<b>[39m
              [0m+[0m
              [0m1[0m
            [36m</b>[39m
            [36m<small>[39m
              [0mGÜÇ[0m
            [36m</small>[39m
          [36m</span>[39m
          [36m<span[39m
            [33mclass[39m=[32m"block-value"[39m
          [36m>[39m
            [36m<b>[39m
              [0m0[0m
            [36m</b>[39m
            [36m<small>[39m
              [0mBLOK[0m
            [36m</small>[39m
          [36m</span>[39m
        [36m</div>[39m
        [36m<div[39m
          [33maria-live[39m=[32m"polite"[39m
          [33mclass[39m=[32m"enemy-intent enemy-intent--special"[39m
        [36m>[39m
          [36m<span[39m
            [33maria-hidden[39m=[32m"true"[39m
            [33mclass[39m=[32m"enemy-intent__icon"[39m
          [36m>[39m
            [0m✦[0m
          [36m</span>[39m
          [36m<span>[39m
            [36m<b>[39m
              [0mDüşman niyeti[0m
            [36m</b>[39m
            [36m<strong>[39m
              [0mHamle bekleniyor[0m
            [36m</strong>[39m
          [36m</span>[39m
        [36m</div>[39m
      [36m</div>[39m
    [36m</article>[39m
    [36m<span[39m
      [33mclass[39m=[32m"sr-only"[39m
    [36m>[39m
      [0mAltın: [0m
      [0m50[0m
      [0m. Deste: [0m
      [0m0[0m
      [0m, El: [0m
      [0m0[0m
      [0m, Mezarlık: [0m
      [0m0[0m
    [36m</span>[39m
  [36m</div>[39m
[36m</body>[39m
strong textContent: "3 / 10"

······························

 Test Files  2 failed | 15 passed (17)
      Tests  16 failed | 102 passed (118)
   Start at  06:43:26
   Duration  5.47s (transform 1.15s, setup 3.26s, import 2.66s, tests 4.42s, environment 19.73s)

