stderr | src/testUtils/game.test.tsx > upgrade system > does not upgrade already upgraded card
Card is already upgraded

stderr | src/testUtils/game.test.tsx > upgrade system > does not upgrade when gold insufficient
Not enough gold. Need 80 gold.

stderr | src/components/ShopPanel.test.tsx > ShopPanel > displays heal action with correct cost and status
Encountered two children with the same key, `card-common`. Keys should be unique so that components maintain their identity across updates. Non-unique keys may cause children to be duplicated and/or omitted — the behavior is unsupported and could change in a future version.
Encountered two children with the same key, `card-common`. Keys should be unique so that components maintain their identity across updates. Non-unique keys may cause children to be duplicated and/or omitted — the behavior is unsupported and could change in a future version.

stderr | src/App.test.tsx > App > renders initial mapSelection phase after initializeGame
Encountered two children with the same key, ``. Keys should be unique so that components maintain their identity across updates. Non-unique keys may cause children to be duplicated and/or omitted — the behavior is unsupported and could change in a future version.
Encountered two children with the same key, ``. Keys should be unique so that components maintain their identity across updates. Non-unique keys may cause children to be duplicated and/or omitted — the behavior is unsupported and could change in a future version.
Encountered two children with the same key, ``. Keys should be unique so that components maintain their identity across updates. Non-unique keys may cause children to be duplicated and/or omitted — the behavior is unsupported and could change in a future version.
Encountered two children with the same key, ``. Keys should be unique so that components maintain their identity across updates. Non-unique keys may cause children to be duplicated and/or omitted — the behavior is unsupported and could change in a future version.

stderr | src/components/ShopPanel.test.tsx > ShopPanel > heal button calls healPlayer when clicked and sufficient gold
Encountered two children with the same key, `card-common`. Keys should be unique so that components maintain their identity across updates. Non-unique keys may cause children to be duplicated and/or omitted — the behavior is unsupported and could change in a future version.
Encountered two children with the same key, `card-common`. Keys should be unique so that components maintain their identity across updates. Non-unique keys may cause children to be duplicated and/or omitted — the behavior is unsupported and could change in a future version.

stderr | src/components/ShopPanel.test.tsx > ShopPanel > heal button calls healPlayer when clicked and sufficient gold
Encountered two children with the same key, `card-common`. Keys should be unique so that components maintain their identity across updates. Non-unique keys may cause children to be duplicated and/or omitted — the behavior is unsupported and could change in a future version.
Encountered two children with the same key, `card-common`. Keys should be unique so that components maintain their identity across updates. Non-unique keys may cause children to be duplicated and/or omitted — the behavior is unsupported and could change in a future version.

stderr | src/App.test.tsx > App > transitions to combat when a combat node is selected
Encountered two children with the same key, ``. Keys should be unique so that components maintain their identity across updates. Non-unique keys may cause children to be duplicated and/or omitted — the behavior is unsupported and could change in a future version.
Encountered two children with the same key, ``. Keys should be unique so that components maintain their identity across updates. Non-unique keys may cause children to be duplicated and/or omitted — the behavior is unsupported and could change in a future version.
Encountered two children with the same key, ``. Keys should be unique so that components maintain their identity across updates. Non-unique keys may cause children to be duplicated and/or omitted — the behavior is unsupported and could change in a future version.
Encountered two children with the same key, ``. Keys should be unique so that components maintain their identity across updates. Non-unique keys may cause children to be duplicated and/or omitted — the behavior is unsupported and could change in a future version.

stderr | src/components/ShopPanel.test.tsx > ShopPanel > heal button is disabled when insufficient gold
Encountered two children with the same key, `card-common`. Keys should be unique so that components maintain their identity across updates. Non-unique keys may cause children to be duplicated and/or omitted — the behavior is unsupported and could change in a future version.
Encountered two children with the same key, `card-common`. Keys should be unique so that components maintain their identity across updates. Non-unique keys may cause children to be duplicated and/or omitted — the behavior is unsupported and could change in a future version.

stderr | src/components/ShopPanel.test.tsx > ShopPanel > displays upgrade action for each card in deck
Encountered two children with the same key, `card-common`. Keys should be unique so that components maintain their identity across updates. Non-unique keys may cause children to be duplicated and/or omitted — the behavior is unsupported and could change in a future version.
Encountered two children with the same key, `card-common`. Keys should be unique so that components maintain their identity across updates. Non-unique keys may cause children to be duplicated and/or omitted — the behavior is unsupported and could change in a future version.

stderr | src/App.test.tsx > App > transitions to combat when a combat node is selected
Encountered two children with the same key, ``. Keys should be unique so that components maintain their identity across updates. Non-unique keys may cause children to be duplicated and/or omitted — the behavior is unsupported and could change in a future version.
Encountered two children with the same key, ``. Keys should be unique so that components maintain their identity across updates. Non-unique keys may cause children to be duplicated and/or omitted — the behavior is unsupported and could change in a future version.
Encountered two children with the same key, ``. Keys should be unique so that components maintain their identity across updates. Non-unique keys may cause children to be duplicated and/or omitted — the behavior is unsupported and could change in a future version.
Encountered two children with the same key, ``. Keys should be unique so that components maintain their identity across updates. Non-unique keys may cause children to be duplicated and/or omitted — the behavior is unsupported and could change in a future version.

stderr | src/App.test.tsx > App > transitions to next map after defeating enemy in combat
Encountered two children with the same key, ``. Keys should be unique so that components maintain their identity across updates. Non-unique keys may cause children to be duplicated and/or omitted — the behavior is unsupported and could change in a future version.
Encountered two children with the same key, ``. Keys should be unique so that components maintain their identity across updates. Non-unique keys may cause children to be duplicated and/or omitted — the behavior is unsupported and could change in a future version.
Encountered two children with the same key, ``. Keys should be unique so that components maintain their identity across updates. Non-unique keys may cause children to be duplicated and/or omitted — the behavior is unsupported and could change in a future version.
Encountered two children with the same key, ``. Keys should be unique so that components maintain their identity across updates. Non-unique keys may cause children to be duplicated and/or omitted — the behavior is unsupported and could change in a future version.

stderr | src/components/ShopPanel.test.tsx > ShopPanel > upgrade button is enabled when card not upgraded and sufficient gold
Encountered two children with the same key, `card-common`. Keys should be unique so that components maintain their identity across updates. Non-unique keys may cause children to be duplicated and/or omitted — the behavior is unsupported and could change in a future version.
Encountered two children with the same key, `card-common`. Keys should be unique so that components maintain their identity across updates. Non-unique keys may cause children to be duplicated and/or omitted — the behavior is unsupported and could change in a future version.

stderr | src/components/ShopPanel.test.tsx > ShopPanel > upgrade button shows correct cost and is disabled when insufficient gold
Encountered two children with the same key, `card-common`. Keys should be unique so that components maintain their identity across updates. Non-unique keys may cause children to be duplicated and/or omitted — the behavior is unsupported and could change in a future version.
Encountered two children with the same key, `card-common`. Keys should be unique so that components maintain their identity across updates. Non-unique keys may cause children to be duplicated and/or omitted — the behavior is unsupported and could change in a future version.

stderr | src/App.test.tsx > App > transitions to next map after defeating enemy in combat
Encountered two children with the same key, ``. Keys should be unique so that components maintain their identity across updates. Non-unique keys may cause children to be duplicated and/or omitted — the behavior is unsupported and could change in a future version.
Encountered two children with the same key, ``. Keys should be unique so that components maintain their identity across updates. Non-unique keys may cause children to be duplicated and/or omitted — the behavior is unsupported and could change in a future version.
Encountered two children with the same key, ``. Keys should be unique so that components maintain their identity across updates. Non-unique keys may cause children to be duplicated and/or omitted — the behavior is unsupported and could change in a future version.
Encountered two children with the same key, ``. Keys should be unique so that components maintain their identity across updates. Non-unique keys may cause children to be duplicated and/or omitted — the behavior is unsupported and could change in a future version.

stderr | src/components/ShopPanel.test.tsx > ShopPanel > upgrade button is disabled and shows zaten yükseltilmiş when card is already upgraded
Encountered two children with the same key, `card-common`. Keys should be unique so that components maintain their identity across updates. Non-unique keys may cause children to be duplicated and/or omitted — the behavior is unsupported and could change in a future version.
Encountered two children with the same key, `card-common`. Keys should be unique so that components maintain their identity across updates. Non-unique keys may cause children to be duplicated and/or omitted — the behavior is unsupported and could change in a future version.

stderr | src/components/ShopPanel.test.tsx > ShopPanel > upgrade button calls upgradeCard with correct card id when clicked
Encountered two children with the same key, `card-common`. Keys should be unique so that components maintain their identity across updates. Non-unique keys may cause children to be duplicated and/or omitted — the behavior is unsupported and could change in a future version.
Encountered two children with the same key, `card-common`. Keys should be unique so that components maintain their identity across updates. Non-unique keys may cause children to be duplicated and/or omitted — the behavior is unsupported and could change in a future version.

stderr | src/components/ShopPanel.test.tsx > ShopPanel > upgrade button calls upgradeCard with correct card id when clicked
Encountered two children with the same key, `card-common`. Keys should be unique so that components maintain their identity across updates. Non-unique keys may cause children to be duplicated and/or omitted — the behavior is unsupported and could change in a future version.
Encountered two children with the same key, `card-common`. Keys should be unique so that components maintain their identity across updates. Non-unique keys may cause children to be duplicated and/or omitted — the behavior is unsupported and could change in a future version.

stderr | src/App.test.tsx > App > transitions to next map after defeating enemy in combat
Encountered two children with the same key, `weeeeeeee`. Keys should be unique so that components maintain their identity across updates. Non-unique keys may cause children to be duplicated and/or omitted — the behavior is unsupported and could change in a future version.
Encountered two children with the same key, `weeeeeeee`. Keys should be unique so that components maintain their identity across updates. Non-unique keys may cause children to be duplicated and/or omitted — the behavior is unsupported and could change in a future version.

stderr | src/components/ShopPanel.test.tsx > ShopPanel > displays remove action for each card in deck
Encountered two children with the same key, `card-common`. Keys should be unique so that components maintain their identity across updates. Non-unique keys may cause children to be duplicated and/or omitted — the behavior is unsupported and could change in a future version.
Encountered two children with the same key, `card-common`. Keys should be unique so that components maintain their identity across updates. Non-unique keys may cause children to be duplicated and/or omitted — the behavior is unsupported and could change in a future version.

stderr | src/components/ShopPanel.test.tsx > ShopPanel > remove button is enabled when sufficient gold (>=50)
Encountered two children with the same key, `card-common`. Keys should be unique so that components maintain their identity across updates. Non-unique keys may cause children to be duplicated and/or omitted — the behavior is unsupported and could change in a future version.
Encountered two children with the same key, `card-common`. Keys should be unique so that components maintain their identity across updates. Non-unique keys may cause children to be duplicated and/or omitted — the behavior is unsupported and could change in a future version.

stderr | src/App.test.tsx > App > restarts the game from gameOver
Encountered two children with the same key, ``. Keys should be unique so that components maintain their identity across updates. Non-unique keys may cause children to be duplicated and/or omitted — the behavior is unsupported and could change in a future version.
Encountered two children with the same key, ``. Keys should be unique so that components maintain their identity across updates. Non-unique keys may cause children to be duplicated and/or omitted — the behavior is unsupported and could change in a future version.
Encountered two children with the same key, ``. Keys should be unique so that components maintain their identity across updates. Non-unique keys may cause children to be duplicated and/or omitted — the behavior is unsupported and could change in a future version.
Encountered two children with the same key, ``. Keys should be unique so that components maintain their identity across updates. Non-unique keys may cause children to be duplicated and/or omitted — the behavior is unsupported and could change in a future version.

stderr | src/components/ShopPanel.test.tsx > ShopPanel > remove button is disabled when insufficient gold (<50)
Encountered two children with the same key, `card-common`. Keys should be unique so that components maintain their identity across updates. Non-unique keys may cause children to be duplicated and/or omitted — the behavior is unsupported and could change in a future version.
Encountered two children with the same key, `card-common`. Keys should be unique so that components maintain their identity across updates. Non-unique keys may cause children to be duplicated and/or omitted — the behavior is unsupported and could change in a future version.

stderr | src/components/ShopPanel.test.tsx > ShopPanel > start next combat button calls startNextCombat when clicked
Encountered two children with the same key, `card-common`. Keys should be unique so that components maintain their identity across updates. Non-unique keys may cause children to be duplicated and/or omitted — the behavior is unsupported and could change in a future version.
Encountered two children with the same key, `card-common`. Keys should be unique so that components maintain their identity across updates. Non-unique keys may cause children to be duplicated and/or omitted — the behavior is unsupported and could change in a future version.

stderr | src/components/ShopPanel.test.tsx > ShopPanel > upgrade cost scales with victoryCount correctly
Encountered two children with the same key, `card-common`. Keys should be unique so that components maintain their identity across updates. Non-unique keys may cause children to be duplicated and/or omitted — the behavior is unsupported and could change in a future version.
Encountered two children with the same key, `card-common`. Keys should be unique so that components maintain their identity across updates. Non-unique keys may cause children to be duplicated and/or omitted — the behavior is unsupported and could change in a future version.

stderr | src/components/ShopPanel.test.tsx > ShopPanel > legendary card upgrade cost is calculated correctly
Encountered two children with the same key, `card-common`. Keys should be unique so that components maintain their identity across updates. Non-unique keys may cause children to be duplicated and/or omitted — the behavior is unsupported and could change in a future version.
Encountered two children with the same key, `card-common`. Keys should be unique so that components maintain their identity across updates. Non-unique keys may cause children to be duplicated and/or omitted — the behavior is unsupported and could change in a future version.


⎯⎯⎯⎯⎯⎯ Failed Tests 16 ⎯⎯⎯⎯⎯⎯⎯

 FAIL  src/components/Card.test.tsx > Card > renders card with correct name, mana, and effect
TestingLibraryElementError: Unable to find an element with the text: /2/i, which matches selector '.card-mana strong'. This could be because the text is broken up by multiple elements. In this case, you can provide a function for your text matcher to make your matcher more flexible.

Ignored nodes: comments, script, style
[36m<body>[39m
  [36m<div>[39m
    [36m<button[39m
      [33maria-label[39m=[32m"Test Kartı, Saldırı, 2 mana, d6 zar, 3 temel hasar, Test Kartı oynanabilir"[39m
      [33mclass[39m=[32m"game-card game-card--saldırı game-card--common"[39m
      [33mtype[39m=[32m"button"[39m
    [36m>[39m
      [36m<span[39m
        [33mclass[39m=[32m"card-topline"[39m
      [36m>[39m
        [36m<strong[39m
          [33maria-label[39m=[32m"2 mana"[39m
          [33mclass[39m=[32m"card-mana"[39m
        [36m>[39m
          [0m2[0m
          [36m<small>[39m
            [0mMP[0m
          [36m</small>[39m
        [36m</strong>[39m
        [36m<span[39m
          [33mclass[39m=[32m"card-type"[39m
        [36m>[39m
          [36m<span[39m
            [33maria-hidden[39m=[32m"true"[39m
          [36m>[39m
            [0m⚔[0m
          [36m</span>[39m
          [0mSaldırı[0m
        [36m</span>[39m
        [36m<span[39m
          [33mclass[39m=[32m"card-rarity"[39m
        [36m>[39m
          [0mSıradan[0m
        [36m</span>[39m
      [36m</span>[39m
      [36m<span[39m
        [33maria-hidden[39m=[32m"true"[39m
        [33mclass[39m=[32m"card-art"[39m
      [36m>[39m
        [36m<span[39m
          [33mclass[39m=[32m"card-glyph"[39m
        [36m>[39m
          [0m⚔[0m
        [36m</span>[39m
        [36m<i />[39m
      [36m</span>[39m
      [36m<span[39m
        [33mclass[39m=[32m"card-name"[39m
      [36m>[39m
        [0mTest Kartı[0m
      [36m</span>[39m
      [36m<span[39m
        [33mclass[39m=[32m"card-effect"[39m
      [36m>[39m
        [0mZırha karşı saldır[0m
      [36m</span>[39m
      [36m<span[39m
        [33mclass[39m=[32m"card-details"[39m
      [36m>[39m
        [36m<span[39m
          [33mclass[39m=[32m"card-primary-stat"[39m
        [36m>[39m
          [36m<b>[39m
            [0mHASAR[0m
          [36m</b>[39m
          [36m<strong>[39m
            [0md6[0m
          [36m</strong>[39m
        [36m</span>[39m
        [36m<span>[39m
          [36m<b>[39m
            [0mZAR[0m
          [36m</b>[39m
          [0md6[0m
        [36m</span>[39m
        [36m<span>[39m
          [36m<b>[39m
            [0mETİKET[0m
          [36m</b>[39m
          [0mattack[0m
        [36m</span>[39m
      [36m</span>[39m
      [36m<span[39m
        [33mclass[39m=[32m"card-action"[39m
      [36m>[39m
        [0mOynamaya hazır[0m
      [36m</span>[39m
    [36m</button>[39m
  [36m</div>[39m
[36m</body>[39m
 ❯ Object.getElementError node_modules/@testing-library/dom/dist/config.js:37:19
 ❯ node_modules/@testing-library/dom/dist/query-helpers.js:76:38
 ❯ node_modules/@testing-library/dom/dist/query-helpers.js:52:17
 ❯ node_modules/@testing-library/dom/dist/query-helpers.js:95:19
 ❯ src/components/Card.test.tsx:38:31
     36|     expect(screen.getByText(/Test Kartı/i)).toBeInTheDocument();
     37|     // mana: check the aria-label of the card-mana strong element
     38|     const manaStrong = screen.getByText(/2/i, { selector: '.card-mana …
       |                               ^
     39|     expect(manaStrong).toHaveAttribute('aria-label', /2 mana/i);
     40|     // effect text (attack d6 -> "Zırha karşı saldır")

⎯⎯⎯⎯⎯⎯⎯⎯⎯⎯⎯⎯⎯⎯⎯⎯⎯⎯⎯⎯⎯⎯⎯[1/16]⎯

 FAIL  src/components/Card.test.tsx > Card > is playable when isPlayable prop is true and has sufficient energy (implicitly via prop)
TestingLibraryElementError: Found multiple elements with the role "button" and name `/Test Kartı oynanabilir/i`

Here are the matching elements:

Ignored nodes: comments, script, style
[36m<button[39m
  [33maria-label[39m=[32m"Test Kartı, Saldırı, 2 mana, d6 zar, 3 temel hasar, Test Kartı oynanabilir"[39m
  [33mclass[39m=[32m"game-card game-card--saldırı game-card--common"[39m
  [33mtype[39m=[32m"button"[39m
[36m>[39m
  [36m<span[39m
    [33mclass[39m=[32m"card-topline"[39m
  [36m>[39m
    [36m<strong[39m
      [33maria-label[39m=[32m"2 mana"[39m
      [33mclass[39m=[32m"card-mana"[39m
    [36m>[39m
      [0m2[0m
      [36m<small>[39m
        [0mMP[0m
      [36m</small>[39m
    [36m</strong>[39m
    [36m<span[39m
      [33mclass[39m=[32m"card-type"[39m
    [36m>[39m
      [36m<span[39m
        [33maria-hidden[39m=[32m"true"[39m
      [36m>[39m
        [0m⚔[0m
      [36m</span>[39m
      [0mSaldırı[0m
    [36m</span>[39m
    [36m<span[39m
      [33mclass[39m=[32m"card-rarity"[39m
    [36m>[39m
      [0mSıradan[0m
    [36m</span>[39m
  [36m</span>[39m
  [36m<span[39m
    [33maria-hidden[39m=[32m"true"[39m
    [33mclass[39m=[32m"card-art"[39m
  [36m>[39m
    [36m<span[39m
      [33mclass[39m=[32m"card-glyph"[39m
    [36m>[39m
      [0m⚔[0m
    [36m</span>[39m
    [36m<i />[39m
  [36m</span>[39m
  [36m<span[39m
    [33mclass[39m=[32m"card-name"[39m
  [36m>[39m
    [0mTest Kartı[0m
  [36m</span>[39m
  [36m<span[39m
    [33mclass[39m=[32m"card-effect"[39m
  [36m>[39m
    [0mZırha karşı saldır[0m
  [36m</span>[39m
  [36m<span[39m
    [33mclass[39m=[32m"card-details"[39m
  [36m>[39m
    [36m<span[39m
      [33mclass[39m=[32m"card-primary-stat"[39m
    [36m>[39m
      [36m<b>[39m
        [0mHASAR[0m
      [36m</b>[39m
      [36m<strong>[39m
        [0md6[0m
      [36m</strong>[39m
    [36m</span>[39m
    [36m<span>[39m
      [36m<b>[39m
        [0mZAR[0m
      [36m</b>[39m
      [0md6[0m
    [36m</span>[39m
    [36m<span>[39m
      [36m<b>[39m
        [0mETİKET[0m
      [36m</b>[39m
      [0mattack[0m
    [36m</span>[39m
  [36m</span>[39m
  [36m<span[39m
    [33mclass[39m=[32m"card-action"[39m
  [36m>[39m
    [0mOynamaya hazır[0m
  [36m</span>[39m
[36m</button>[39m

Ignored nodes: comments, script, style
[36m<button[39m
  [33maria-label[39m=[32m"Test Kartı, Saldırı, 2 mana, d6 zar, 3 temel hasar, Test Kartı oynanabilir"[39m
  [33mclass[39m=[32m"game-card game-card--saldırı game-card--common"[39m
  [33mtype[39m=[32m"button"[39m
[36m>[39m
  [36m<span[39m
    [33mclass[39m=[32m"card-topline"[39m
  [36m>[39m
    [36m<strong[39m
      [33maria-label[39m=[32m"2 mana"[39m
      [33mclass[39m=[32m"card-mana"[39m
    [36m>[39m
      [0m2[0m
      [36m<small>[39m
        [0mMP[0m
      [36m</small>[39m
    [36m</strong>[39m
    [36m<span[39m
      [33mclass[39m=[32m"card-type"[39m
    [36m>[39m
      [36m<span[39m
        [33maria-hidden[39m=[32m"true"[39m
      [36m>[39m
        [0m⚔[0m
      [36m</span>[39m
      [0mSaldırı[0m
    [36m</span>[39m
    [36m<span[39m
      [33mclass[39m=[32m"card-rarity"[39m
    [36m>[39m
      [0mSıradan[0m
    [36m</span>[39m
  [36m</span>[39m
  [36m<span[39m
    [33maria-hidden[39m=[32m"true"[39m
    [33mclass[39m=[32m"card-art"[39m
  [36m>[39m
    [36m<span[39m
      [33mclass[39m=[32m"card-glyph"[39m
    [36m>[39m
      [0m⚔[0m
    [36m</span>[39m
    [36m<i />[39m
  [36m</span>[39m
  [36m<span[39m
    [33mclass[39m=[32m"card-name"[39m
  [36m>[39m
    [0mTest Kartı[0m
    [36m<span[39m
      [33maria-label[39m=[32m"Yükseltilmiş"[39m
      [33mclass[39m=[32m"card-upgrade-indicator"[39m
    [36m>[39m
      [0m↑[0m
    [36m</span>[39m
  [36m</span>[39m
  [36m<span[39m
    [33mclass[39m=[32m"card-effect"[39m
  [36m>[39m
    [0mZırha karşı saldır[0m
  [36m</span>[39m
  [36m<span[39m
    [33mclass[39m=[32m"card-details"[39m
  [36m>[39m
    [36m<span[39m
      [33mclass[39m=[32m"card-primary-stat"[39m
    [36m>[39m
      [36m<b>[39m
        [0mHASAR[0m
      [36m</b>[39m
      [36m<strong>[39m
        [0md6[0m
      [36m</strong>[39m
    [36m</span>[39m
    [36m<span>[39m
      [36m<b>[39m
        [0mZAR[0m
      [36m</b>[39m
      [0md6[0m
    [36m</span>[39m
    [36m<span>[39m
      [36m<b>[39m
        [0mETİKET[0m
      [36m</b>[39m
      [0mattack[0m
    [36m</span>[39m
  [36m</span>[39m
  [36m<span[39m
    [33mclass[39m=[32m"card-action"[39m
  [36m>[39m
    [0mOynamaya hazır[0m
  [36m</span>[39m
[36m</button>[39m

Ignored nodes: comments, script, style
[36m<button[39m
  [33maria-label[39m=[32m"Test Kartı, Saldırı, 2 mana, d6 zar, 3 temel hasar, Test Kartı oynanabilir"[39m
  [33mclass[39m=[32m"game-card game-card--saldırı game-card--common"[39m
  [33mtype[39m=[32m"button"[39m
[36m>[39m
  [36m<span[39m
    [33mclass[39m=[32m"card-topline"[39m
  [36m>[39m
    [36m<strong[39m
      [33maria-label[39m=[32m"2 mana"[39m
      [33mclass[39m=[32m"card-mana"[39m
    [36m>[39m
      [0m2[0m
      [36m<small>[39m
        [0mMP[0m
      [36m</small>[39m
    [36m</strong>[39m
    [36m<span[39m
      [33mclass[39m=[32m"card-type"[39m
    [36m>[39m
      [36m<span[39m
        [33maria-hidden[39m=[32m"true"[39m
      [36m>[39m
        [0m⚔[0m
      [36m</span>[39m
      [0mSaldırı[0m
    [36m</span>[39m
    [36m<span[39m
      [33mclass[39m=[32m"card-rarity"[39m
    [36m>[39m
      [0mSıradan[0m
    [36m</span>[39m
  [36m</span>[39m
  [36m<span[39m
    [33maria-hidden[39m=[32m"true"[39m
    [33mclass[39m=[32m"card-art"[39m
  [36m>[39m
    [36m<span[39m
      [33mclass[39m=[32m"card-glyph"[39m
    [36m>[39m
      [0m⚔[0m
    [36m</span>[39m
    [36m<i />[39m
  [36m</span>[39m
  [36m<span[39m
    [33mclass[39m=[32m"card-name"[39m
  [36m>[39m
    [0mTest Kartı[0m
  [36m</span>[39m
  [36m<span[39m
    [33mclass[39m=[32m"card-effect"[39m
  [36m>[39m
    [0mZırha karşı saldır[0m
  [36m</span>[39m
  [36m<span[39m
    [33mclass[39m=[32m"card-details"[39m
  [36m>[39m
    [36m<span[39m
      [33mclass[39m=[32m"card-primary-stat"[39m
    [36m>[39m
      [36m<b>[39m
        [0mHASAR[0m
      [36m</b>[39m
      [36m<strong>[39m
        [0md6[0m
      [36m</strong>[39m
    [36m</span>[39m
    [36m<span>[39m
      [36m<b>[39m
        [0mZAR[0m
      [36m</b>[39m
      [0md6[0m
    [36m</span>[39m
    [36m<span>[39m
      [36m<b>[39m
        [0mETİKET[0m
      [36m</b>[39m
      [0mattack[0m
    [36m</span>[39m
  [36m</span>[39m
  [36m<span[39m
    [33mclass[39m=[32m"card-action"[39m
  [36m>[39m
    [0mOynamaya hazır[0m
  [36m</span>[39m
[36m</button>[39m

(If this is intentional, then use the `*AllBy*` variant of the query (like `queryAllByText`, `getAllByText`, or `findAllByText`)).

Ignored nodes: comments, script, style
[36m<body>[39m
  [36m<div>[39m
    [36m<button[39m
      [33maria-label[39m=[32m"Test Kartı, Saldırı, 2 mana, d6 zar, 3 temel hasar, Test Kartı oynanabilir"[39m
      [33mclass[39m=[32m"game-card game-card--saldırı game-card--common"[39m
      [33mtype[39m=[32m"button"[39m
    [36m>[39m
      [36m<span[39m
        [33mclass[39m=[32m"card-topline"[39m
      [36m>[39m
        [36m<strong[39m
          [33maria-label[39m=[32m"2 mana"[39m
          [33mclass[39m=[32m"card-mana"[39m
        [36m>[39m
          [0m2[0m
          [36m<small>[39m
            [0mMP[0m
          [36m</small>[39m
        [36m</strong>[39m
        [36m<span[39m
          [33mclass[39m=[32m"card-type"[39m
        [36m>[39m
          [36m<span[39m
            [33maria-hidden[39m=[32m"true"[39m
          [36m>[39m
            [0m⚔[0m
          [36m</span>[39m
          [0mSaldırı[0m
        [36m</span>[39m
        [36m<span[39m
          [33mclass[39m=[32m"card-rarity"[39m
        [36m>[39m
          [0mSıradan[0m
        [36m</span>[39m
      [36m</span>[39m
      [36m<span[39m
        [33maria-hidden[39m=[32m"true"[39m
        [33mclass[39m=[32m"card-art"[39m
      [36m>[39m
        [36m<span[39m
          [33mclass[39m=[32m"card-glyph"[39m
        [36m>[39m
          [0m⚔[0m
        [36m</span>[39m
        [36m<i />[39m
      [36m</span>[39m
      [36m<span[39m
        [33mclass[39m=[32m"card-name"[39m
      [36m>[39m
        [0mTest Kartı[0m
      [36m</span>[39m
      [36m<span[39m
        [33mclass[39m=[32m"card-effect"[39m
      [36m>[39m
        [0mZırha karşı saldır[0m
      [36m</span>[39m
      [36m<span[39m
        [33mclass[39m=[32m"card-details"[39m
      [36m>[39m
        [36m<span[39m
          [33mclass[39m=[32m"card-primary-stat"[39m
        [36m>[39m
          [36m<b>[39m
            [0mHASAR[0m
          [36m</b>[39m
          [36m<strong>[39m
            [0md6[0m
          [36m</strong>[39m
        [36m</span>[39m
        [36m<span>[39m
          [36m<b>[39m
            [0mZAR[0m
          [36m</b>[39m
          [0md6[0m
        [36m</span>[39m
        [36m<span>[39m
          [36m<b>[39m
            [0mETİKET[0m
          [36m</b>[39m
          [0mattack[0m
        [36m</span>[39m
      [36m</span>[39m
      [36m<span[39m
        [33mclass[39m=[32m"card-action"[39m
      [36m>[39m
        [0mOynamaya hazır[0m
      [36m</span>[39m
    [36m</button>[39m
  [36m</div>[39m
  [36m<div>[39m
    [36m<button[39m
      [33maria-label[39m=[32m"Test Kartı, Saldırı, 2 mana, d6 zar, 3 temel hasar, Test Kartı oynanabilir"[39m
      [33mclass[39m=[32m"game-card game-card--saldırı game-card--common"[39m
      [33mtype[39m=[32m"button"[39m
    [36m>[39m
      [36m<span[39m
        [33mclass[39m=[32m"card-topline"[39m
      [36m>[39m
        [36m<strong[39m
          [33maria-label[39m=[32m"2 mana"[39m
          [33mclass[39m=[32m"card-mana"[39m
        [36m>[39m
          [0m2[0m
          [36m<small>[39m
            [0mMP[0m
          [36m</small>[39m
        [36m</strong>[39m
        [36m<span[39m
          [33mclass[39m=[32m"card-type"[39m
        [36m>[39m
          [36m<span[39m
            [33maria-hidden[39m=[32m"true"[39m
          [36m>[39m
            [0m⚔[0m
          [36m</span>[39m
          [0mSaldırı[0m
        [36m</span>[39m
        [36m<span[39m
          [33mclass[39m=[32m"card-rarity"[39m
        [36m>[39m
          [0mSıradan[0m
        [36m</span>[39m
      [36m</span>[39m
      [36m<span[39m
        [33maria-hidden[39m=[32m"true"[39m
        [33mclass[39m=[32m"card-art"[39m
      [36m>[39m
        [36m<span[39m
          [33mclass[39m=[32m"card-glyph"[39m
        [36m>[39m
          [0m⚔[0m
        [36m</span>[39m
        [36m<i />[39m
      [36m</span>[39m
      [36m<span[39m
        [33mclass[39m=[32m"card-name"[39m
      [36m>[39m
        [0mTest Kartı[0m
        [36m<span[39m
          [33maria-label[39m=[32m"Yükseltilmiş"[39m
          [33mclass[39m=[32m"card-upgrade-indicator"[39m
        [36m>[39m
          [0m↑[0m
        [36m</span>[39m
      [36m</span>[39m
      [36m<span[39m
        [33mclass[39m=[32m"card-effect"[39m
      [36m>[39m
        [0mZırha karşı saldır[0m
      [36m</span>[39m
      [36m<span[39m
        [33mclass[39m=[32m"card-details"[39m
      [36m>[39m
        [36m<span[39m
          [33mclass[39m=[32m"card-primary-stat"[39m
        [36m>[39m
          [36m<b>[39m
            [0mHASAR[0m
          [36m</b>[39m
          [36m<strong>[39m
            [0md6[0m
          [36m</strong>[39m
        [36m</span>[39m
        [36m<span>[39m
          [36m<b>[39m
            [0mZAR[0m
          [36m</b>[39m
          [0md6[0m
        [36m</span>[39m
        [36m<span>[39m
          [36m<b>[39m
            [0mETİKET[0m
          [36m</b>[39m
          [0mattack[0m
        [36m</span>[39m
      [36m</span>[39m
      [36m<span[39m
        [33mclass[39m=[32m"card-action"[39m
      [36m>[39m
        [0mOynamaya hazır[0m
      [36m</span>[39m
    [36m</button>[39m
  [36m</div>[39m
  [36m<div>[39m
    [36m<button[39m
      [33maria-label[39m=[32m"Test Kartı, Saldırı, 2 mana, d6 zar, 3 temel hasar, Test Kartı oynanabilir"[39m
      [33mclass[39m=[32m"game-card game-card--saldırı game-card--common"[39m
      [33mtype[39m=[32m"button"[39m
    [36m>[39m
      [36m<span[39m
        [33mclass[39m=[32m"card-topline"[39m
      [36m>[39m
        [36m<strong[39m
          [33maria-label[39m=[32m"2 mana"[39m
          [33mclass[39m=[32m"card-mana"[39m
        [36m>[39m
          [0m2[0m
          [36m<small>[39m
            [0mMP[0m
          [36m</small>[39m
        [36m</strong>[39m
        [36m<span[39m
          [33mclass[39m=[32m"card-type"[39m
        [36m>[39m
          [36m<span[39m
            [33maria-hidden[39m=[32m"true"[39m
          [36m>[39m
            [0m⚔[0m
          [36m</span>[39m
          [0mSaldırı[0m
        [36m</span>[39m
        [36m<span[39m
          [33mclass[39m=[32m"card-rarity"[39m
        [36m>[39m
          [0mSıradan[0m
        [36m</span>[39m
      [36m</span>[39m
      [36m<span[39m
        [33maria-hidden[39m=[32m"true"[39m
        [33mclass[39m=[32m"card-art"[39m
      [36m>[39m
        [36m<span[39m
          [33mclass[39m=[32m"card-glyph"[39m
        [36m>[39m
          [0m⚔[0m
        [36m</span>[39m
        [36m<i />[39m
      [36m</span>[39m
      [36m<span[39m
        [33mclass[39m=[32m"card-name"[39m
      [36m>[39m
        [0mTest Kartı[0m
      [36m</span>[39m
      [36m<span[39m
        [33mclass[39m=[32m"card-effect"[39m
      [36m>[39m
        [0mZırha karşı saldır[0m
      [36m</span>[39m
      [36m<span[39m
        [33mclass[39m=[32m"card-details"[39m
      [36m>[39m
        [36m<span[39m
          [33mclass[39m=[32m"card-primary-stat"[39m
        [36m>[39m
          [36m<b>[39m
            [0mHASAR[0m
          [36m</b>[39m
          [36m<strong>[39m
            [0md6[0m
          [36m</strong>[39m
        [36m</span>[39m
        [36m<span>[39m
          [36m<b>[39m
            [0mZAR[0m
          [36m</b>[39m
          [0md6[0m
        [36m</span>[39m
        [36m<span>[39m
          [36m<b>[39m
            [0mETİKET[0m
          [36m</b>[39m
          [0mattack[0m
        [36m</span>[39m
      [36m</span>[39m
      [36m<span[39m
        [33mclass[39m=[32m"card-action"[39m
      [36m>[39m
        [0mOynamaya hazır[0m
      [36m</span>[39m
    [36m</button>[39m
  [36m</div>[39m
[36m</body>[39m
 ❯ Object.getElementError node_modules/@testing-library/dom/dist/config.js:37:19
 ❯ getElementError node_modules/@testing-library/dom/dist/query-helpers.js:20:35
 ❯ getMultipleElementsFoundError node_modules/@testing-library/dom/dist/query-helpers.js:23:10
 ❯ node_modules/@testing-library/dom/dist/query-helpers.js:55:13
 ❯ node_modules/@testing-library/dom/dist/query-helpers.js:95:19
 ❯ src/components/Card.test.tsx:60:27
     58|     render(<CardComponent card={baseCard} onPlay={onPlay} isPlayable={…
     59|
     60|     const button = screen.getByRole('button', { name: /Test Kartı oyna…
       |                           ^
     61|     expect(button).not.toBeDisabled();
     62|     expect(button).toHaveAttribute('aria-disabled', 'false');

⎯⎯⎯⎯⎯⎯⎯⎯⎯⎯⎯⎯⎯⎯⎯⎯⎯⎯⎯⎯⎯⎯⎯[2/16]⎯

 FAIL  src/components/Card.test.tsx > Card > is not playable when isPlayable prop is false
Error: [2mexpect([22m[31melement[39m[2m).toHaveAttribute([22m[32m[32m"aria-disabled"[32m[39m[2m, [22m[32m[32m"true"[32m[39m[2m) // element.getAttribute("aria-disabled") === "true"[22m

Expected the element to have attribute:
[32m  aria-disabled="true"[39m
Received:
[31m  null[39m
 ❯ src/components/Card.test.tsx:71:20
     69|     const button = screen.getByRole('button', { name: /Test Kartı için…
     70|     expect(button).toBeDisabled();
     71|     expect(button).toHaveAttribute('aria-disabled', 'true');
       |                    ^
     72|   });
     73|

⎯⎯⎯⎯⎯⎯⎯⎯⎯⎯⎯⎯⎯⎯⎯⎯⎯⎯⎯⎯⎯⎯⎯[3/16]⎯

 FAIL  src/components/Card.test.tsx > Card > calls onPlay when card is clicked and playable
TestingLibraryElementError: Found multiple elements with the role "button" and name `/Test Kartı oynanabilir/i`

Here are the matching elements:

Ignored nodes: comments, script, style
[36m<button[39m
  [33maria-label[39m=[32m"Test Kartı, Saldırı, 2 mana, d6 zar, 3 temel hasar, Test Kartı oynanabilir"[39m
  [33mclass[39m=[32m"game-card game-card--saldırı game-card--common"[39m
  [33mtype[39m=[32m"button"[39m
[36m>[39m
  [36m<span[39m
    [33mclass[39m=[32m"card-topline"[39m
  [36m>[39m
    [36m<strong[39m
      [33maria-label[39m=[32m"2 mana"[39m
      [33mclass[39m=[32m"card-mana"[39m
    [36m>[39m
      [0m2[0m
      [36m<small>[39m
        [0mMP[0m
      [36m</small>[39m
    [36m</strong>[39m
    [36m<span[39m
      [33mclass[39m=[32m"card-type"[39m
    [36m>[39m
      [36m<span[39m
        [33maria-hidden[39m=[32m"true"[39m
      [36m>[39m
        [0m⚔[0m
      [36m</span>[39m
      [0mSaldırı[0m
    [36m</span>[39m
    [36m<span[39m
      [33mclass[39m=[32m"card-rarity"[39m
    [36m>[39m
      [0mSıradan[0m
    [36m</span>[39m
  [36m</span>[39m
  [36m<span[39m
    [33maria-hidden[39m=[32m"true"[39m
    [33mclass[39m=[32m"card-art"[39m
  [36m>[39m
    [36m<span[39m
      [33mclass[39m=[32m"card-glyph"[39m
    [36m>[39m
      [0m⚔[0m
    [36m</span>[39m
    [36m<i />[39m
  [36m</span>[39m
  [36m<span[39m
    [33mclass[39m=[32m"card-name"[39m
  [36m>[39m
    [0mTest Kartı[0m
  [36m</span>[39m
  [36m<span[39m
    [33mclass[39m=[32m"card-effect"[39m
  [36m>[39m
    [0mZırha karşı saldır[0m
  [36m</span>[39m
  [36m<span[39m
    [33mclass[39m=[32m"card-details"[39m
  [36m>[39m
    [36m<span[39m
      [33mclass[39m=[32m"card-primary-stat"[39m
    [36m>[39m
      [36m<b>[39m
        [0mHASAR[0m
      [36m</b>[39m
      [36m<strong>[39m
        [0md6[0m
      [36m</strong>[39m
    [36m</span>[39m
    [36m<span>[39m
      [36m<b>[39m
        [0mZAR[0m
      [36m</b>[39m
      [0md6[0m
    [36m</span>[39m
    [36m<span>[39m
      [36m<b>[39m
        [0mETİKET[0m
      [36m</b>[39m
      [0mattack[0m
    [36m</span>[39m
  [36m</span>[39m
  [36m<span[39m
    [33mclass[39m=[32m"card-action"[39m
  [36m>[39m
    [0mOynamaya hazır[0m
  [36m</span>[39m
[36m</button>[39m

Ignored nodes: comments, script, style
[36m<button[39m
  [33maria-label[39m=[32m"Test Kartı, Saldırı, 2 mana, d6 zar, 3 temel hasar, Test Kartı oynanabilir"[39m
  [33mclass[39m=[32m"game-card game-card--saldırı game-card--common"[39m
  [33mtype[39m=[32m"button"[39m
[36m>[39m
  [36m<span[39m
    [33mclass[39m=[32m"card-topline"[39m
  [36m>[39m
    [36m<strong[39m
      [33maria-label[39m=[32m"2 mana"[39m
      [33mclass[39m=[32m"card-mana"[39m
    [36m>[39m
      [0m2[0m
      [36m<small>[39m
        [0mMP[0m
      [36m</small>[39m
    [36m</strong>[39m
    [36m<span[39m
      [33mclass[39m=[32m"card-type"[39m
    [36m>[39m
      [36m<span[39m
        [33maria-hidden[39m=[32m"true"[39m
      [36m>[39m
        [0m⚔[0m
      [36m</span>[39m
      [0mSaldırı[0m
    [36m</span>[39m
    [36m<span[39m
      [33mclass[39m=[32m"card-rarity"[39m
    [36m>[39m
      [0mSıradan[0m
    [36m</span>[39m
  [36m</span>[39m
  [36m<span[39m
    [33maria-hidden[39m=[32m"true"[39m
    [33mclass[39m=[32m"card-art"[39m
  [36m>[39m
    [36m<span[39m
      [33mclass[39m=[32m"card-glyph"[39m
    [36m>[39m
      [0m⚔[0m
    [36m</span>[39m
    [36m<i />[39m
  [36m</span>[39m
  [36m<span[39m
    [33mclass[39m=[32m"card-name"[39m
  [36m>[39m
    [0mTest Kartı[0m
    [36m<span[39m
      [33maria-label[39m=[32m"Yükseltilmiş"[39m
      [33mclass[39m=[32m"card-upgrade-indicator"[39m
    [36m>[39m
      [0m↑[0m
    [36m</span>[39m
  [36m</span>[39m
  [36m<span[39m
    [33mclass[39m=[32m"card-effect"[39m
  [36m>[39m
    [0mZırha karşı saldır[0m
  [36m</span>[39m
  [36m<span[39m
    [33mclass[39m=[32m"card-details"[39m
  [36m>[39m
    [36m<span[39m
      [33mclass[39m=[32m"card-primary-stat"[39m
    [36m>[39m
      [36m<b>[39m
        [0mHASAR[0m
      [36m</b>[39m
      [36m<strong>[39m
        [0md6[0m
      [36m</strong>[39m
    [36m</span>[39m
    [36m<span>[39m
      [36m<b>[39m
        [0mZAR[0m
      [36m</b>[39m
      [0md6[0m
    [36m</span>[39m
    [36m<span>[39m
      [36m<b>[39m
        [0mETİKET[0m
      [36m</b>[39m
      [0mattack[0m
    [36m</span>[39m
  [36m</span>[39m
  [36m<span[39m
    [33mclass[39m=[32m"card-action"[39m
  [36m>[39m
    [0mOynamaya hazır[0m
  [36m</span>[39m
[36m</button>[39m

Ignored nodes: comments, script, style
[36m<button[39m
  [33maria-label[39m=[32m"Test Kartı, Saldırı, 2 mana, d6 zar, 3 temel hasar, Test Kartı oynanabilir"[39m
  [33mclass[39m=[32m"game-card game-card--saldırı game-card--common"[39m
  [33mtype[39m=[32m"button"[39m
[36m>[39m
  [36m<span[39m
    [33mclass[39m=[32m"card-topline"[39m
  [36m>[39m
    [36m<strong[39m
      [33maria-label[39m=[32m"2 mana"[39m
      [33mclass[39m=[32m"card-mana"[39m
    [36m>[39m
      [0m2[0m
      [36m<small>[39m
        [0mMP[0m
      [36m</small>[39m
    [36m</strong>[39m
    [36m<span[39m
      [33mclass[39m=[32m"card-type"[39m
    [36m>[39m
      [36m<span[39m
        [33maria-hidden[39m=[32m"true"[39m
      [36m>[39m
        [0m⚔[0m
      [36m</span>[39m
      [0mSaldırı[0m
    [36m</span>[39m
    [36m<span[39m
      [33mclass[39m=[32m"card-rarity"[39m
    [36m>[39m
      [0mSıradan[0m
    [36m</span>[39m
  [36m</span>[39m
  [36m<span[39m
    [33maria-hidden[39m=[32m"true"[39m
    [33mclass[39m=[32m"card-art"[39m
  [36m>[39m
    [36m<span[39m
      [33mclass[39m=[32m"card-glyph"[39m
    [36m>[39m
      [0m⚔[0m
    [36m</span>[39m
    [36m<i />[39m
  [36m</span>[39m
  [36m<span[39m
    [33mclass[39m=[32m"card-name"[39m
  [36m>[39m
    [0mTest Kartı[0m
  [36m</span>[39m
  [36m<span[39m
    [33mclass[39m=[32m"card-effect"[39m
  [36m>[39m
    [0mZırha karşı saldır[0m
  [36m</span>[39m
  [36m<span[39m
    [33mclass[39m=[32m"card-details"[39m
  [36m>[39m
    [36m<span[39m
      [33mclass[39m=[32m"card-primary-stat"[39m
    [36m>[39m
      [36m<b>[39m
        [0mHASAR[0m
      [36m</b>[39m
      [36m<strong>[39m
        [0md6[0m
      [36m</strong>[39m
    [36m</span>[39m
    [36m<span>[39m
      [36m<b>[39m
        [0mZAR[0m
      [36m</b>[39m
      [0md6[0m
    [36m</span>[39m
    [36m<span>[39m
      [36m<b>[39m
        [0mETİKET[0m
      [36m</b>[39m
      [0mattack[0m
    [36m</span>[39m
  [36m</span>[39m
  [36m<span[39m
    [33mclass[39m=[32m"card-action"[39m
  [36m>[39m
    [0mOynamaya hazır[0m
  [36m</span>[39m
[36m</button>[39m

Ignored nodes: comments, script, style
[36m<button[39m
  [33maria-label[39m=[32m"Test Kartı, Saldırı, 2 mana, d6 zar, 3 temel hasar, Test Kartı oynanabilir"[39m
  [33mclass[39m=[32m"game-card game-card--saldırı game-card--common"[39m
  [33mtype[39m=[32m"button"[39m
[36m>[39m
  [36m<span[39m
    [33mclass[39m=[32m"card-topline"[39m
  [36m>[39m
    [36m<strong[39m
      [33maria-label[39m=[32m"2 mana"[39m
      [33mclass[39m=[32m"card-mana"[39m
    [36m>[39m
      [0m2[0m
      [36m<small>[39m
        [0mMP[0m
      [36m</small>[39m
    [36m</strong>[39m
    [36m<span[39m
      [33mclass[39m=[32m"card-type"[39m
    [36m>[39m
      [36m<span[39m
        [33maria-hidden[39m=[32m"true"[39m
      [36m>[39m
        [0m⚔[0m
      [36m</span>[39m
      [0mSaldırı[0m
    [36m</span>[39m
    [36m<span[39m
      [33mclass[39m=[32m"card-rarity"[39m
    [36m>[39m
      [0mSıradan[0m
    [36m</span>[39m
  [36m</span>[39m
  [36m<span[39m
    [33maria-hidden[39m=[32m"true"[39m
    [33mclass[39m=[32m"card-art"[39m
  [36m>[39m
    [36m<span[39m
      [33mclass[39m=[32m"card-glyph"[39m
    [36m>[39m
      [0m⚔[0m
    [36m</span>[39m
    [36m<i />[39m
  [36m</span>[39m
  [36m<span[39m
    [33mclass[39m=[32m"card-name"[39m
  [36m>[39m
    [0mTest Kartı[0m
  [36m</span>[39m
  [36m<span[39m
    [33mclass[39m=[32m"card-effect"[39m
  [36m>[39m
    [0mZırha karşı saldır[0m
  [36m</span>[39m
  [36m<span[39m
    [33mclass[39m=[32m"card-details"[39m
  [36m>[39m
    [36m<span[39m
      [33mclass[39m=[32m"card-primary-stat"[39m
    [36m>[39m
      [36m<b>[39m
        [0mHASAR[0m
      [36m</b>[39m
      [36m<strong>[39m
        [0md6[0m
      [36m</strong>[39m
    [36m</span>[39m
    [36m<span>[39m
      [36m<b>[39m
        [0mZAR[0m
      [36m</b>[39m
      [0md6[0m
    [36m</span>[39m
    [36m<span>[39m
      [36m<b>[39m
        [0mETİKET[0m
      [36m</b>[39m
      [0mattack[0m
    [36m</span>[39m
  [36m</span>[39m
  [36m<span[39m
    [33mclass[39m=[32m"card-action"[39m
  [36m>[39m
    [0mOynamaya hazır[0m
  [36m</span>[39m
[36m</button>[39m

(If this is intentional, then use the `*AllBy*` variant of the query (like `queryAllByText`, `getAllByText`, or `findAllByText`)).

Ignored nodes: comments, script, style
[36m<body>[39m
  [36m<div>[39m
    [36m<button[39m
      [33maria-label[39m=[32m"Test Kartı, Saldırı, 2 mana, d6 zar, 3 temel hasar, Test Kartı oynanabilir"[39m
      [33mclass[39m=[32m"game-card game-card--saldırı game-card--common"[39m
      [33mtype[39m=[32m"button"[39m
    [36m>[39m
      [36m<span[39m
        [33mclass[39m=[32m"card-topline"[39m
      [36m>[39m
        [36m<strong[39m
          [33maria-label[39m=[32m"2 mana"[39m
          [33mclass[39m=[32m"card-mana"[39m
        [36m>[39m
          [0m2[0m
          [36m<small>[39m
            [0mMP[0m
          [36m</small>[39m
        [36m</strong>[39m
        [36m<span[39m
          [33mclass[39m=[32m"card-type"[39m
        [36m>[39m
          [36m<span[39m
            [33maria-hidden[39m=[32m"true"[39m
          [36m>[39m
            [0m⚔[0m
          [36m</span>[39m
          [0mSaldırı[0m
        [36m</span>[39m
        [36m<span[39m
          [33mclass[39m=[32m"card-rarity"[39m
        [36m>[39m
          [0mSıradan[0m
        [36m</span>[39m
      [36m</span>[39m
      [36m<span[39m
        [33maria-hidden[39m=[32m"true"[39m
        [33mclass[39m=[32m"card-art"[39m
      [36m>[39m
        [36m<span[39m
          [33mclass[39m=[32m"card-glyph"[39m
        [36m>[39m
          [0m⚔[0m
        [36m</span>[39m
        [36m<i />[39m
      [36m</span>[39m
      [36m<span[39m
        [33mclass[39m=[32m"card-name"[39m
      [36m>[39m
        [0mTest Kartı[0m
      [36m</span>[39m
      [36m<span[39m
        [33mclass[39m=[32m"card-effect"[39m
      [36m>[39m
        [0mZırha karşı saldır[0m
      [36m</span>[39m
      [36m<span[39m
        [33mclass[39m=[32m"card-details"[39m
      [36m>[39m
        [36m<span[39m
          [33mclass[39m=[32m"card-primary-stat"[39m
        [36m>[39m
          [36m<b>[39m
            [0mHASAR[0m
          [36m</b>[39m
          [36m<strong>[39m
            [0md6[0m
          [36m</strong>[39m
        [36m</span>[39m
        [36m<span>[39m
          [36m<b>[39m
            [0mZAR[0m
          [36m</b>[39m
          [0md6[0m
        [36m</span>[39m
        [36m<span>[39m
          [36m<b>[39m
            [0mETİKET[0m
          [36m</b>[39m
          [0mattack[0m
        [36m</span>[39m
      [36m</span>[39m
      [36m<span[39m
        [33mclass[39m=[32m"card-action"[39m
      [36m>[39m
        [0mOynamaya hazır[0m
      [36m</span>[39m
    [36m</button>[39m
  [36m</div>[39m
  [36m<div>[39m
    [36m<button[39m
      [33maria-label[39m=[32m"Test Kartı, Saldırı, 2 mana, d6 zar, 3 temel hasar, Test Kartı oynanabilir"[39m
      [33mclass[39m=[32m"game-card game-card--saldırı game-card--common"[39m
      [33mtype[39m=[32m"button"[39m
    [36m>[39m
      [36m<span[39m
        [33mclass[39m=[32m"card-topline"[39m
      [36m>[39m
        [36m<strong[39m
          [33maria-label[39m=[32m"2 mana"[39m
          [33mclass[39m=[32m"card-mana"[39m
        [36m>[39m
          [0m2[0m
          [36m<small>[39m
            [0mMP[0m
          [36m</small>[39m
        [36m</strong>[39m
        [36m<span[39m
          [33mclass[39m=[32m"card-type"[39m
        [36m>[39m
          [36m<span[39m
            [33maria-hidden[39m=[32m"true"[39m
          [36m>[39m
            [0m⚔[0m
          [36m</span>[39m
          [0mSaldırı[0m
        [36m</span>[39m
        [36m<span[39m
          [33mclass[39m=[32m"card-rarity"[39m
        [36m>[39m
          [0mSıradan[0m
        [36m</span>[39m
      [36m</span>[39m
      [36m<span[39m
        [33maria-hidden[39m=[32m"true"[39m
        [33mclass[39m=[32m"card-art"[39m
      [36m>[39m
        [36m<span[39m
          [33mclass[39m=[32m"card-glyph"[39m
        [36m>[39m
          [0m⚔[0m
        [36m</span>[39m
        [36m<i />[39m
      [36m</span>[39m
      [36m<span[39m
        [33mclass[39m=[32m"card-name"[39m
      [36m>[39m
        [0mTest Kartı[0m
        [36m<span[39m
          [33maria-label[39m=[32m"Yükseltilmiş"[39m
          [33mclass[39m=[32m"card-upgrade-indicator"[39m
        [36m>[39m
          [0m↑[0m
        [36m</span>[39m
      [36m</span>[39m
      [36m<span[39m
        [33mclass[39m=[32m"card-effect"[39m
      [36m>[39m
        [0mZırha karşı saldır[0m
      [36m</span>[39m
      [36m<span[39m
        [33mclass[39m=[32m"card-details"[39m
      [36m>[39m
        [36m<span[39m
          [33mclass[39m=[32m"card-primary-stat"[39m
        [36m>[39m
          [36m<b>[39m
            [0mHASAR[0m
          [36m</b>[39m
          [36m<strong>[39m
            [0md6[0m
          [36m</strong>[39m
        [36m</span>[39m
        [36m<span>[39m
          [36m<b>[39m
            [0mZAR[0m
          [36m</b>[39m
          [0md6[0m
        [36m</span>[39m
        [36m<span>[39m
          [36m<b>[39m
            [0mETİKET[0m
          [36m</b>[39m
          [0mattack[0m
        [36m</span>[39m
      [36m</span>[39m
      [36m<span[39m
        [33mclass[39m=[32m"card-action"[39m
      [36m>[39m
        [0mOynamaya hazır[0m
      [36m</span>[39m
    [36m</button>[39m
  [36m</div>[39m
  [36m<div>[39m
    [36m<button[39m
      [33maria-label[39m=[32m"Test Kartı, Saldırı, 2 mana, d6 zar, 3 temel hasar, Test Kartı oynanabilir"[39m
      [33mclass[39m=[32m"game-card game-card--saldırı game-card--common"[39m
      [33mtype[39m=[32m"button"[39m
    [36m>[39m
      [36m<span[39m
        [33mclass[39m=[32m"card-topline"[39m
      [36m>[39m
        [36m<strong[39m
          [33maria-label[39m=[32m"2 mana"[39m
          [33mclass[39m=[32m"card-mana"[39m
        [36m>[39m
          [0m2[0m
          [36m<small>[39m
            [0mMP[0m
          [36m</small>[39m
        [36m</strong>[39m
        [36m<span[39m
          [33mclass[39m=[32m"card-type"[39m
        [36m>[39m
          [36m<span[39m
            [33maria-hidden[39m=[32m"true"[39m
          [36m>[39m
            [0m⚔[0m
          [36m</span>[39m
          [0mSaldırı[0m
        [36m</span>[39m
        [36m<span[39m
          [33mclass[39m=[32m"card-rarity"[39m
        [36m>[39m
          [0mSıradan[0m
        [36m</span>[39m
      [36m</span>[39m
      [36m<span[39m
        [33maria-hidden[39m=[32m"true"[39m
        [33mclass[39m=[32m"card-art"[39m
      [36m>[39m
        [36m<span[39m
          [33mclass[39m=[32m"card-glyph"[39m
        [36m>[39m
          [0m⚔[0m
        [36m</span>[39m
        [36m<i />[39m
      [36m</span>[39m
      [36m<span[39m
        [33mclass[39m=[32m"card-name"[39m
      [36m>[39m
        [0mTest Kartı[0m
      [36m</span>[39m
      [36m<span[39m
        [33mclass[39m=[32m"card-effect"[39m
      [36m>[39m
        [0mZırha karşı saldır[0m
      [36m</span>[39m
      [36m<span[39m
        [33mclass[39m=[32m"card-details"[39m
      [36m>[39m
        [36m<span[39m
          [33mclass[39m=[32m"card-primary-stat"[39m
        [36m>[39m
          [36m<b>[39m
            [0mHASAR[0m
          [36m</b>[39m
          [36m<strong>[39m
            [0md6[0m
          [36m</strong>[39m
        [36m</span>[39m
        [36m<span>[39m
          [36m<b>[39m
            [0mZAR[0m
          [36m</b>[39m
          [0md6[0m
        [36m</span>[39m
        [36m<span>[39m
          [36m<b>[39m
            [0mETİKET[0m
          [36m</b>[39m
          [0mattack[0m
        [36m</span>[39m
      [36m</span>[39m
      [36m<span[39m
        [33mclass[39m=[32m"card-action"[39m
      [36m>[39m
        [0mOynamaya hazır[0m
      [36m</span>[39m
    [36m</button>[39m
  [36m</div>[39m
  [36m<div>[39m
    [36m<button[39m
      [33maria-label[39m=[32m"Test Kartı, Saldırı, 2 mana, d6 zar, 3 temel hasar, Test Kartı için yeterli enerji yok"[39m
      [33mclass[39m=[32m"game-card game-card--saldırı game-card--common game-card--disabled"[39m
      [33mdisabled[39m=[32m""[39m
      [33mtype[39m=[32m"button"[39m
    [36m>[39m
      [36m<span[39m
        [33mclass[39m=[32m"card-topline"[39m
      [36m>[39m
        [36m<strong[39m
          [33maria-label[39m=[32m"2 mana"[39m
          [33mclass[39m=[32m"card-mana"[39m
        [36m>[39m
          [0m2[0m
          [36m<small>[39m
            [0mMP[0m
          [36m</small>[39m
        [36m</strong>[39m
        [36m<span[39m
          [33mclass[39m=[32m"card-type"[39m
        [36m>[39m
          [36m<span[39m
            [33maria-hidden[39m=[32m"true"[39m
          [36m>[39m
            [0m⚔[0m
          [36m</span>[39m
          [0mSaldırı[0m
        [36m</span>[39m
        [36m<span[39m
          [33mclass[39m=[32m"card-rarity"[39m
        [36m>[39m
          [0mSıradan[0m
        [36m</span>[39m
      [36m</span>[39m
      [36m<span[39m
        [33maria-hidden[39m=[32m"true"[39m
        [33mclass[39m=[32m"card-art"[39m
      [36m>[39m
        [36m<span[39m
          [33mclass[39m=[32m"card-glyph"[39m
        [36m>[39m
          [0m⚔[0m
        [36m</span>[39m
        [36m<i />[39m
      [36m</span>[39m
      [36m<span[39m
        [33mclass[39m=[32m"card-name"[39m
      [36m>[39m
        [0mTest Kartı[0m
      [36m</span>[39m
      [36m<span[39m
        [33mclass[39m=[32m"card-effect"[39m
      [36m>[39m
        [0mZırha karşı saldır[0m
      [36m</span>[39m
      [36m<span[39m
        [33mclass[39m=[32m"card-details"[39m
      [36m>[39m
        [36m<span[39m
          [33mclass[39m=[32m"card-primary-stat"[39m
        [36m>[39m
          [36m<b>[39m
            [0mHASAR[0m
          [36m</b>[39m
          [36m<strong>[39m
            [0md6[0m
          [36m</strong>[39m
        [36m</span>[39m
        [36m<span>[39m
          [36m<b>[39m
            [0mZAR[0m
          [36m</b>[39m
          [0md6[0m
        [36m</span>[39m
        [36m<span>[39m
          [36m<b>[39m
            [0mETİKET[0m
          [36m</b>[39m
          [0mattack[0m
        [36m</span>[39m
      [36m</span>[39m
      [36m<span[39m
        [33mclass[39m=[32m"card-action"[39m
      [36m>[39m
        [0mKullanılamaz[0m
      [36m</span>[39m
    [36m</button>[39m
  [36m</div>[39m
  [36m<div>[39m
    [36m<button[39m
      [33maria-label[39m=[32m"Test Kartı, Saldırı, 2 mana, d6 zar, 3 temel hasar, Test Kartı oynanabilir"[39m
      [33mclass[39m=[32m"game-card game-card--saldırı game-card--common"[39m
      [33mtype[39m=[32m"button"[39m
    [36m>[39m
      [36m<span[39m
        [33mclass[39m=[32m"card-topline"[39m
      [36m>[39m
        [36m<strong[39m
          [33maria-label[39m=[32m"2 mana"[39m
          [33mclass[39m=[32m"card-mana"[39m
        [36m>[39m
          [0m2[0m
          [36m<small>[39m
            [0mMP[0m
          [36m</small>[39m
        [36m</strong>[39m
        [36m<span[39m
          [33mclass[39m=[32m"card-type"[39m
        [36m>[39m
          [36m<span[39m
            [33maria-hidden[39m=[32m"true"[39m
          [36m>[39m
            [0m⚔[0m
          [36m</span>[39m
          [0mSaldırı[0m
        [36m</span>[39m
        [36m<span[39m
          [33mclass[39m=[32m"card-rarity"[39m
        [36m>[39m
          [0mSıradan[0m
        [36m</span>[39m
      [36m</span>[39m
      [36m<span[39m
        [33maria-hidden[39m=[32m"true"[39m
        [33mclass[39m=[32m"card-art"[39m
      [36m>[39m
        [36m<span[39m
          [33mclass[39m=[32m"card-glyph"[39m
        [36m>[39m
          [0m⚔[0m
        [36m</span>[39m
        [36m<i />[39m
      [36m</span>[39m
      [36m<span[39m
        [33mclass[39m=[32m"card-name"[39m
      [36m>[39m
        [0mTest Kartı[0m
      [36m</span>[39m
      [36m<span[39m
        [33mclass[39m=[32m"card-effect"[39m
      [36m>[39m
        [0mZırha karşı saldır[0m
      [36m</span>[39m
      [36m<span[39m
        [33mclass[39m=[32m"card-details"[39m
      [36m>[39m
        [36m<span[39m
          [33mclass[39m=[32m"card-primary-stat"[39m
        [36m>[39m
          [36m<b>[39m
            [0mHASAR[0m
          [36m</b>[39m
          [36m<strong>[39m
            [0md6[0m
          [36m</strong>[39m
        [36m</span>[39m
        [36m<span>[39m
          [36m<b>[39m
            [0mZAR[0m
          [36m</b>[39m
          [0md6[0m
        [36m</span>[39m
        [36m<span>[39m
          [36m<b>[39m
            [0mETİKET[0m
          [36m</b>[39m
          [0mattack[0m
        [36m</span>[39m
      [36m</span>[39m
      [36m<span[39m
        [33mclass[39m=[32m"card-action"[39m
      [36m>[39m
        [0mOynamaya hazır[0m
      [36m</span>[39m
    [36m</button>[39m
  [36m</div>[39m
[36m</body>[39m
 ❯ Object.getElementError node_modules/@testing-library/dom/dist/config.js:37:19
 ❯ getElementError node_modules/@testing-library/dom/dist/query-helpers.js:20:35
 ❯ getMultipleElementsFoundError node_modules/@testing-library/dom/dist/query-helpers.js:23:10
 ❯ node_modules/@testing-library/dom/dist/query-helpers.js:55:13
 ❯ node_modules/@testing-library/dom/dist/query-helpers.js:95:19
 ❯ src/components/Card.test.tsx:78:27
     76|     render(<CardComponent card={baseCard} onPlay={onPlay} isPlayable={…
     77|
     78|     const button = screen.getByRole('button', { name: /Test Kartı oyna…
       |                           ^
     79|     await userEvent.click(button);
     80|     expect(onPlay).toHaveBeenCalledTimes(1);

⎯⎯⎯⎯⎯⎯⎯⎯⎯⎯⎯⎯⎯⎯⎯⎯⎯⎯⎯⎯⎯⎯⎯[4/16]⎯

 FAIL  src/components/Card.test.tsx > Card > does not call onPlay when card is clicked but not playable
TestingLibraryElementError: Found multiple elements with the role "button" and name `/Test Kartı için yeterli enerji yok/i`

Here are the matching elements:

Ignored nodes: comments, script, style
[36m<button[39m
  [33maria-label[39m=[32m"Test Kartı, Saldırı, 2 mana, d6 zar, 3 temel hasar, Test Kartı için yeterli enerji yok"[39m
  [33mclass[39m=[32m"game-card game-card--saldırı game-card--common game-card--disabled"[39m
  [33mdisabled[39m=[32m""[39m
  [33mtype[39m=[32m"button"[39m
[36m>[39m
  [36m<span[39m
    [33mclass[39m=[32m"card-topline"[39m
  [36m>[39m
    [36m<strong[39m
      [33maria-label[39m=[32m"2 mana"[39m
      [33mclass[39m=[32m"card-mana"[39m
    [36m>[39m
      [0m2[0m
      [36m<small>[39m
        [0mMP[0m
      [36m</small>[39m
    [36m</strong>[39m
    [36m<span[39m
      [33mclass[39m=[32m"card-type"[39m
    [36m>[39m
      [36m<span[39m
        [33maria-hidden[39m=[32m"true"[39m
      [36m>[39m
        [0m⚔[0m
      [36m</span>[39m
      [0mSaldırı[0m
    [36m</span>[39m
    [36m<span[39m
      [33mclass[39m=[32m"card-rarity"[39m
    [36m>[39m
      [0mSıradan[0m
    [36m</span>[39m
  [36m</span>[39m
  [36m<span[39m
    [33maria-hidden[39m=[32m"true"[39m
    [33mclass[39m=[32m"card-art"[39m
  [36m>[39m
    [36m<span[39m
      [33mclass[39m=[32m"card-glyph"[39m
    [36m>[39m
      [0m⚔[0m
    [36m</span>[39m
    [36m<i />[39m
  [36m</span>[39m
  [36m<span[39m
    [33mclass[39m=[32m"card-name"[39m
  [36m>[39m
    [0mTest Kartı[0m
  [36m</span>[39m
  [36m<span[39m
    [33mclass[39m=[32m"card-effect"[39m
  [36m>[39m
    [0mZırha karşı saldır[0m
  [36m</span>[39m
  [36m<span[39m
    [33mclass[39m=[32m"card-details"[39m
  [36m>[39m
    [36m<span[39m
      [33mclass[39m=[32m"card-primary-stat"[39m
    [36m>[39m
      [36m<b>[39m
        [0mHASAR[0m
      [36m</b>[39m
      [36m<strong>[39m
        [0md6[0m
      [36m</strong>[39m
    [36m</span>[39m
    [36m<span>[39m
      [36m<b>[39m
        [0mZAR[0m
      [36m</b>[39m
      [0md6[0m
    [36m</span>[39m
    [36m<span>[39m
      [36m<b>[39m
        [0mETİKET[0m
      [36m</b>[39m
      [0mattack[0m
    [36m</span>[39m
  [36m</span>[39m
  [36m<span[39m
    [33mclass[39m=[32m"card-action"[39m
  [36m>[39m
    [0mKullanılamaz[0m
  [36m</span>[39m
[36m</button>[39m

Ignored nodes: comments, script, style
[36m<button[39m
  [33maria-label[39m=[32m"Test Kartı, Saldırı, 2 mana, d6 zar, 3 temel hasar, Test Kartı için yeterli enerji yok"[39m
  [33mclass[39m=[32m"game-card game-card--saldırı game-card--common game-card--disabled"[39m
  [33mdisabled[39m=[32m""[39m
  [33mtype[39m=[32m"button"[39m
[36m>[39m
  [36m<span[39m
    [33mclass[39m=[32m"card-topline"[39m
  [36m>[39m
    [36m<strong[39m
      [33maria-label[39m=[32m"2 mana"[39m
      [33mclass[39m=[32m"card-mana"[39m
    [36m>[39m
      [0m2[0m
      [36m<small>[39m
        [0mMP[0m
      [36m</small>[39m
    [36m</strong>[39m
    [36m<span[39m
      [33mclass[39m=[32m"card-type"[39m
    [36m>[39m
      [36m<span[39m
        [33maria-hidden[39m=[32m"true"[39m
      [36m>[39m
        [0m⚔[0m
      [36m</span>[39m
      [0mSaldırı[0m
    [36m</span>[39m
    [36m<span[39m
      [33mclass[39m=[32m"card-rarity"[39m
    [36m>[39m
      [0mSıradan[0m
    [36m</span>[39m
  [36m</span>[39m
  [36m<span[39m
    [33maria-hidden[39m=[32m"true"[39m
    [33mclass[39m=[32m"card-art"[39m
  [36m>[39m
    [36m<span[39m
      [33mclass[39m=[32m"card-glyph"[39m
    [36m>[39m
      [0m⚔[0m
    [36m</span>[39m
    [36m<i />[39m
  [36m</span>[39m
  [36m<span[39m
    [33mclass[39m=[32m"card-name"[39m
  [36m>[39m
    [0mTest Kartı[0m
  [36m</span>[39m
  [36m<span[39m
    [33mclass[39m=[32m"card-effect"[39m
  [36m>[39m
    [0mZırha karşı saldır[0m
  [36m</span>[39m
  [36m<span[39m
    [33mclass[39m=[32m"card-details"[39m
  [36m>[39m
    [36m<span[39m
      [33mclass[39m=[32m"card-primary-stat"[39m
    [36m>[39m
      [36m<b>[39m
        [0mHASAR[0m
      [36m</b>[39m
      [36m<strong>[39m
        [0md6[0m
      [36m</strong>[39m
    [36m</span>[39m
    [36m<span>[39m
      [36m<b>[39m
        [0mZAR[0m
      [36m</b>[39m
      [0md6[0m
    [36m</span>[39m
    [36m<span>[39m
      [36m<b>[39m
        [0mETİKET[0m
      [36m</b>[39m
      [0mattack[0m
    [36m</span>[39m
  [36m</span>[39m
  [36m<span[39m
    [33mclass[39m=[32m"card-action"[39m
  [36m>[39m
    [0mKullanılamaz[0m
  [36m</span>[39m
[36m</button>[39m

(If this is intentional, then use the `*AllBy*` variant of the query (like `queryAllByText`, `getAllByText`, or `findAllByText`)).

Ignored nodes: comments, script, style
[36m<body>[39m
  [36m<div>[39m
    [36m<button[39m
      [33maria-label[39m=[32m"Test Kartı, Saldırı, 2 mana, d6 zar, 3 temel hasar, Test Kartı oynanabilir"[39m
      [33mclass[39m=[32m"game-card game-card--saldırı game-card--common"[39m
      [33mtype[39m=[32m"button"[39m
    [36m>[39m
      [36m<span[39m
        [33mclass[39m=[32m"card-topline"[39m
      [36m>[39m
        [36m<strong[39m
          [33maria-label[39m=[32m"2 mana"[39m
          [33mclass[39m=[32m"card-mana"[39m
        [36m>[39m
          [0m2[0m
          [36m<small>[39m
            [0mMP[0m
          [36m</small>[39m
        [36m</strong>[39m
        [36m<span[39m
          [33mclass[39m=[32m"card-type"[39m
        [36m>[39m
          [36m<span[39m
            [33maria-hidden[39m=[32m"true"[39m
          [36m>[39m
            [0m⚔[0m
          [36m</span>[39m
          [0mSaldırı[0m
        [36m</span>[39m
        [36m<span[39m
          [33mclass[39m=[32m"card-rarity"[39m
        [36m>[39m
          [0mSıradan[0m
        [36m</span>[39m
      [36m</span>[39m
      [36m<span[39m
        [33maria-hidden[39m=[32m"true"[39m
        [33mclass[39m=[32m"card-art"[39m
      [36m>[39m
        [36m<span[39m
          [33mclass[39m=[32m"card-glyph"[39m
        [36m>[39m
          [0m⚔[0m
        [36m</span>[39m
        [36m<i />[39m
      [36m</span>[39m
      [36m<span[39m
        [33mclass[39m=[32m"card-name"[39m
      [36m>[39m
        [0mTest Kartı[0m
      [36m</span>[39m
      [36m<span[39m
        [33mclass[39m=[32m"card-effect"[39m
      [36m>[39m
        [0mZırha karşı saldır[0m
      [36m</span>[39m
      [36m<span[39m
        [33mclass[39m=[32m"card-details"[39m
      [36m>[39m
        [36m<span[39m
          [33mclass[39m=[32m"card-primary-stat"[39m
        [36m>[39m
          [36m<b>[39m
            [0mHASAR[0m
          [36m</b>[39m
          [36m<strong>[39m
            [0md6[0m
          [36m</strong>[39m
        [36m</span>[39m
        [36m<span>[39m
          [36m<b>[39m
            [0mZAR[0m
          [36m</b>[39m
          [0md6[0m
        [36m</span>[39m
        [36m<span>[39m
          [36m<b>[39m
            [0mETİKET[0m
          [36m</b>[39m
          [0mattack[0m
        [36m</span>[39m
      [36m</span>[39m
      [36m<span[39m
        [33mclass[39m=[32m"card-action"[39m
      [36m>[39m
        [0mOynamaya hazır[0m
      [36m</span>[39m
    [36m</button>[39m
  [36m</div>[39m
  [36m<div>[39m
    [36m<button[39m
      [33maria-label[39m=[32m"Test Kartı, Saldırı, 2 mana, d6 zar, 3 temel hasar, Test Kartı oynanabilir"[39m
      [33mclass[39m=[32m"game-card game-card--saldırı game-card--common"[39m
      [33mtype[39m=[32m"button"[39m
    [36m>[39m
      [36m<span[39m
        [33mclass[39m=[32m"card-topline"[39m
      [36m>[39m
        [36m<strong[39m
          [33maria-label[39m=[32m"2 mana"[39m
          [33mclass[39m=[32m"card-mana"[39m
        [36m>[39m
          [0m2[0m
          [36m<small>[39m
            [0mMP[0m
          [36m</small>[39m
        [36m</strong>[39m
        [36m<span[39m
          [33mclass[39m=[32m"card-type"[39m
        [36m>[39m
          [36m<span[39m
            [33maria-hidden[39m=[32m"true"[39m
          [36m>[39m
            [0m⚔[0m
          [36m</span>[39m
          [0mSaldırı[0m
        [36m</span>[39m
        [36m<span[39m
          [33mclass[39m=[32m"card-rarity"[39m
        [36m>[39m
          [0mSıradan[0m
        [36m</span>[39m
      [36m</span>[39m
      [36m<span[39m
        [33maria-hidden[39m=[32m"true"[39m
        [33mclass[39m=[32m"card-art"[39m
      [36m>[39m
        [36m<span[39m
          [33mclass[39m=[32m"card-glyph"[39m
        [36m>[39m
          [0m⚔[0m
        [36m</span>[39m
        [36m<i />[39m
      [36m</span>[39m
      [36m<span[39m
        [33mclass[39m=[32m"card-name"[39m
      [36m>[39m
        [0mTest Kartı[0m
        [36m<span[39m
          [33maria-label[39m=[32m"Yükseltilmiş"[39m
          [33mclass[39m=[32m"card-upgrade-indicator"[39m
        [36m>[39m
          [0m↑[0m
        [36m</span>[39m
      [36m</span>[39m
      [36m<span[39m
        [33mclass[39m=[32m"card-effect"[39m
      [36m>[39m
        [0mZırha karşı saldır[0m
      [36m</span>[39m
      [36m<span[39m
        [33mclass[39m=[32m"card-details"[39m
      [36m>[39m
        [36m<span[39m
          [33mclass[39m=[32m"card-primary-stat"[39m
        [36m>[39m
          [36m<b>[39m
            [0mHASAR[0m
          [36m</b>[39m
          [36m<strong>[39m
            [0md6[0m
          [36m</strong>[39m
        [36m</span>[39m
        [36m<span>[39m
          [36m<b>[39m
            [0mZAR[0m
          [36m</b>[39m
          [0md6[0m
        [36m</span>[39m
        [36m<span>[39m
          [36m<b>[39m
            [0mETİKET[0m
          [36m</b>[39m
          [0mattack[0m
        [36m</span>[39m
      [36m</span>[39m
      [36m<span[39m
        [33mclass[39m=[32m"card-action"[39m
      [36m>[39m
        [0mOynamaya hazır[0m
      [36m</span>[39m
    [36m</button>[39m
  [36m</div>[39m
  [36m<div>[39m
    [36m<button[39m
      [33maria-label[39m=[32m"Test Kartı, Saldırı, 2 mana, d6 zar, 3 temel hasar, Test Kartı oynanabilir"[39m
      [33mclass[39m=[32m"game-card game-card--saldırı game-card--common"[39m
      [33mtype[39m=[32m"button"[39m
    [36m>[39m
      [36m<span[39m
        [33mclass[39m=[32m"card-topline"[39m
      [36m>[39m
        [36m<strong[39m
          [33maria-label[39m=[32m"2 mana"[39m
          [33mclass[39m=[32m"card-mana"[39m
        [36m>[39m
          [0m2[0m
          [36m<small>[39m
            [0mMP[0m
          [36m</small>[39m
        [36m</strong>[39m
        [36m<span[39m
          [33mclass[39m=[32m"card-type"[39m
        [36m>[39m
          [36m<span[39m
            [33maria-hidden[39m=[32m"true"[39m
          [36m>[39m
            [0m⚔[0m
          [36m</span>[39m
          [0mSaldırı[0m
        [36m</span>[39m
        [36m<span[39m
          [33mclass[39m=[32m"card-rarity"[39m
        [36m>[39m
          [0mSıradan[0m
        [36m</span>[39m
      [36m</span>[39m
      [36m<span[39m
        [33maria-hidden[39m=[32m"true"[39m
        [33mclass[39m=[32m"card-art"[39m
      [36m>[39m
        [36m<span[39m
          [33mclass[39m=[32m"card-glyph"[39m
        [36m>[39m
          [0m⚔[0m
        [36m</span>[39m
        [36m<i />[39m
      [36m</span>[39m
      [36m<span[39m
        [33mclass[39m=[32m"card-name"[39m
      [36m>[39m
        [0mTest Kartı[0m
      [36m</span>[39m
      [36m<span[39m
        [33mclass[39m=[32m"card-effect"[39m
      [36m>[39m
        [0mZırha karşı saldır[0m
      [36m</span>[39m
      [36m<span[39m
        [33mclass[39m=[32m"card-details"[39m
      [36m>[39m
        [36m<span[39m
          [33mclass[39m=[32m"card-primary-stat"[39m
        [36m>[39m
          [36m<b>[39m
            [0mHASAR[0m
          [36m</b>[39m
          [36m<strong>[39m
            [0md6[0m
          [36m</strong>[39m
        [36m</span>[39m
        [36m<span>[39m
          [36m<b>[39m
            [0mZAR[0m
          [36m</b>[39m
          [0md6[0m
        [36m</span>[39m
        [36m<span>[39m
          [36m<b>[39m
            [0mETİKET[0m
          [36m</b>[39m
          [0mattack[0m
        [36m</span>[39m
      [36m</span>[39m
      [36m<span[39m
        [33mclass[39m=[32m"card-action"[39m
      [36m>[39m
        [0mOynamaya hazır[0m
      [36m</span>[39m
    [36m</button>[39m
  [36m</div>[39m
  [36m<div>[39m
    [36m<button[39m
      [33maria-label[39m=[32m"Test Kartı, Saldırı, 2 mana, d6 zar, 3 temel hasar, Test Kartı için yeterli enerji yok"[39m
      [33mclass[39m=[32m"game-card game-card--saldırı game-card--common game-card--disabled"[39m
      [33mdisabled[39m=[32m""[39m
      [33mtype[39m=[32m"button"[39m
    [36m>[39m
      [36m<span[39m
        [33mclass[39m=[32m"card-topline"[39m
      [36m>[39m
        [36m<strong[39m
          [33maria-label[39m=[32m"2 mana"[39m
          [33mclass[39m=[32m"card-mana"[39m
        [36m>[39m
          [0m2[0m
          [36m<small>[39m
            [0mMP[0m
          [36m</small>[39m
        [36m</strong>[39m
        [36m<span[39m
          [33mclass[39m=[32m"card-type"[39m
        [36m>[39m
          [36m<span[39m
            [33maria-hidden[39m=[32m"true"[39m
          [36m>[39m
            [0m⚔[0m
          [36m</span>[39m
          [0mSaldırı[0m
        [36m</span>[39m
        [36m<span[39m
          [33mclass[39m=[32m"card-rarity"[39m
        [36m>[39m
          [0mSıradan[0m
        [36m</span>[39m
      [36m</span>[39m
      [36m<span[39m
        [33maria-hidden[39m=[32m"true"[39m
        [33mclass[39m=[32m"card-art"[39m
      [36m>[39m
        [36m<span[39m
          [33mclass[39m=[32m"card-glyph"[39m
        [36m>[39m
          [0m⚔[0m
        [36m</span>[39m
        [36m<i />[39m
      [36m</span>[39m
      [36m<span[39m
        [33mclass[39m=[32m"card-name"[39m
      [36m>[39m
        [0mTest Kartı[0m
      [36m</span>[39m
      [36m<span[39m
        [33mclass[39m=[32m"card-effect"[39m
      [36m>[39m
        [0mZırha karşı saldır[0m
      [36m</span>[39m
      [36m<span[39m
        [33mclass[39m=[32m"card-details"[39m
      [36m>[39m
        [36m<span[39m
          [33mclass[39m=[32m"card-primary-stat"[39m
        [36m>[39m
          [36m<b>[39m
            [0mHASAR[0m
          [36m</b>[39m
          [36m<strong>[39m
            [0md6[0m
          [36m</strong>[39m
        [36m</span>[39m
        [36m<span>[39m
          [36m<b>[39m
            [0mZAR[0m
          [36m</b>[39m
          [0md6[0m
        [36m</span>[39m
        [36m<span>[39m
          [36m<b>[39m
            [0mETİKET[0m
          [36m</b>[39m
          [0mattack[0m
        [36m</span>[39m
      [36m</span>[39m
      [36m<span[39m
        [33mclass[39m=[32m"card-action"[39m
      [36m>[39m
        [0mKullanılamaz[0m
      [36m</span>[39m
    [36m</button>[39m
  [36m</div>[39m
  [36m<div>[39m
    [36m<button[39m
      [33maria-label[39m=[32m"Test Kartı, Saldırı, 2 mana, d6 zar, 3 temel hasar, Test Kartı oynanabilir"[39m
      [33mclass[39m=[32m"game-card game-card--saldırı game-card--common"[39m
      [33mtype[39m=[32m"button"[39m
    [36m>[39m
      [36m<span[39m
        [33mclass[39m=[32m"card-topline"[39m
      [36m>[39m
        [36m<strong[39m
          [33maria-label[39m=[32m"2 mana"[39m
          [33mclass[39m=[32m"card-mana"[39m
        [36m>[39m
          [0m2[0m
          [36m<small>[39m
            [0mMP[0m
          [36m</small>[39m
        [36m</strong>[39m
        [36m<span[39m
          [33mclass[39m=[32m"card-type"[39m
        [36m>[39m
          [36m<span[39m
            [33maria-hidden[39m=[32m"true"[39m
          [36m>[39m
            [0m⚔[0m
          [36m</span>[39m
          [0mSaldırı[0m
        [36m</span>[39m
        [36m<span[39m
          [33mclass[39m=[32m"card-rarity"[39m
        [36m>[39m
          [0mSıradan[0m
        [36m</span>[39m
      [36m</span>[39m
      [36m<span[39m
        [33maria-hidden[39m=[32m"true"[39m
        [33mclass[39m=[32m"card-art"[39m
      [36m>[39m
        [36m<span[39m
          [33mclass[39m=[32m"card-glyph"[39m
        [36m>[39m
          [0m⚔[0m
        [36m</span>[39m
        [36m<i />[39m
      [36m</span>[39m
      [36m<span[39m
        [33mclass[39m=[32m"card-name"[39m
      [36m>[39m
        [0mTest Kartı[0m
      [36m</span>[39m
      [36m<span[39m
        [33mclass[39m=[32m"card-effect"[39m
      [36m>[39m
        [0mZırha karşı saldır[0m
      [36m</span>[39m
      [36m<span[39m
        [33mclass[39m=[32m"card-details"[39m
      [36m>[39m
        [36m<span[39m
          [33mclass[39m=[32m"card-primary-stat"[39m
        [36m>[39m
          [36m<b>[39m
            [0mHASAR[0m
          [36m</b>[39m
          [36m<strong>[39m
            [0md6[0m
          [36m</strong>[39m
        [36m</span>[39m
        [36m<span>[39m
          [36m<b>[39m
            [0mZAR[0m
          [36m</b>[39m
          [0md6[0m
        [36m</span>[39m
        [36m<span>[39m
          [36m<b>[39m
            [0mETİKET[0m
          [36m</b>[39m
          [0mattack[0m
        [36m</span>[39m
      [36m</span>[39m
      [36m<span[39m
        [33mclass[39m=[32m"card-action"[39m
      [36m>[39m
        [0mOynamaya hazır[0m
      [36m</span>[39m
    [36m</button>[39m
  [36m</div>[39m
  [36m<div>[39m
    [36m<button[39m
      [33maria-label[39m=[32m"Test Kartı, Saldırı, 2 mana, d6 zar, 3 temel hasar, Test Kartı için yeterli enerji yok"[39m
      [33mclass[39m=[32m"game-card game-card--saldırı game-card--common game-card--disabled"[39m
      [33mdisabled[39m=[32m""[39m
      [33mtype[39m=[32m"button"[39m
    [36m>[39m
      [36m<span[39m
        [33mclass[39m=[32m"card-topline"[39m
      [36m>[39m
        [36m<strong[39m
          [33maria-label[39m=[32m"2 mana"[39m
          [33mclass[39m=[32m"card-mana"[39m
        [36m>[39m
          [0m2[0m
          [36m<small>[39m
            [0mMP[0m
          [36m</small>[39m
        [36m</strong>[39m
        [36m<span[39m
          [33mclass[39m=[32m"card-type"[39m
        [36m>[39m
          [36m<span[39m
            [33maria-hidden[39m=[32m"true"[39m
          [36m>[39m
            [0m⚔[0m
          [36m</span>[39m
          [0mSaldırı[0m
        [36m</span>[39m
        [36m<span[39m
          [33mclass[39m=[32m"card-rarity"[39m
        [36m>[39m
          [0mSıradan[0m
        [36m</span>[39m
      [36m</span>[39m
      [36m<span[39m
        [33maria-hidden[39m=[32m"true"[39m
        [33mclass[39m=[32m"card-art"[39m
      [36m>[39m
        [36m<span[39m
          [33mclass[39m=[32m"card-glyph"[39m
        [36m>[39m
          [0m⚔[0m
        [36m</span>[39m
        [36m<i />[39m
      [36m</span>[39m
      [36m<span[39m
        [33mclass[39m=[32m"card-name"[39m
      [36m>[39m
        [0mTest Kartı[0m
      [36m</span>[39m
      [36m<span[39m
        [33mclass[39m=[32m"card-effect"[39m
      [36m>[39m
        [0mZırha karşı saldır[0m
      [36m</span>[39m
      [36m<span[39m
        [33mclass[39m=[32m"card-details"[39m
      [36m>[39m
        [36m<span[39m
          [33mclass[39m=[32m"card-primary-stat"[39m
        [36m>[39m
          [36m<b>[39m
            [0mHASAR[0m
          [36m</b>[39m
          [36m<strong>[39m
            [0md6[0m
          [36m</strong>[39m
        [36m</span>[39m
        [36m<span>[39m
          [36m<b>[39m
            [0mZAR[0m
          [36m</b>[39m
          [0md6[0m
        [36m</span>[39m
        [36m<span>[39m
          [36m<b>[39m
            [0mETİKET[0m
          [36m</b>[39m
          [0mattack[0m
        [36m</span>[39m
      [36m</span>[39m
      [36m<span[39m
        [33mclass[39m=[32m"card-action"[39m
      [36m>[39m
        [0mKullanılamaz[0m
      [36m</span>[39m
    [36m</button>[39m
  [36m</div>[39m
[36m</body>[39m
 ❯ Object.getElementError node_modules/@testing-library/dom/dist/config.js:37:19
 ❯ getElementError node_modules/@testing-library/dom/dist/query-helpers.js:20:35
 ❯ getMultipleElementsFoundError node_modules/@testing-library/dom/dist/query-helpers.js:23:10
 ❯ node_modules/@testing-library/dom/dist/query-helpers.js:55:13
 ❯ node_modules/@testing-library/dom/dist/query-helpers.js:95:19
 ❯ src/components/Card.test.tsx:88:27
     86|     render(<CardComponent card={baseCard} onPlay={onPlay} isPlayable={…
     87|
     88|     const button = screen.getByRole('button', { name: /Test Kartı için…
       |                           ^
     89|     await userEvent.click(button);
     90|     expect(onPlay).not.toHaveBeenCalled();

⎯⎯⎯⎯⎯⎯⎯⎯⎯⎯⎯⎯⎯⎯⎯⎯⎯⎯⎯⎯⎯⎯⎯[5/16]⎯

 FAIL  src/components/Card.test.tsx > Card > renders correct card type glyph and color
TestingLibraryElementError: Found multiple elements with the text: /⚔/i

Here are the matching elements:

Ignored nodes: comments, script, style
[36m<span[39m
  [33maria-hidden[39m=[32m"true"[39m
[36m>[39m
  [0m⚔[0m
[36m</span>[39m

Ignored nodes: comments, script, style
[36m<span[39m
  [33mclass[39m=[32m"card-glyph"[39m
[36m>[39m
  [0m⚔[0m
[36m</span>[39m

Ignored nodes: comments, script, style
[36m<span[39m
  [33maria-hidden[39m=[32m"true"[39m
[36m>[39m
  [0m⚔[0m
[36m</span>[39m

Ignored nodes: comments, script, style
[36m<span[39m
  [33mclass[39m=[32m"card-glyph"[39m
[36m>[39m
  [0m⚔[0m
[36m</span>[39m

Ignored nodes: comments, script, style
[36m<span[39m
  [33maria-hidden[39m=[32m"true"[39m
[36m>[39m
  [0m⚔[0m
[36m</span>[39m

Ignored nodes: comments, script, style
[36m<span[39m
  [33mclass[39m=[32m"card-glyph"[39m
[36m>[39m
  [0m⚔[0m
[36m</span>[39m

Ignored nodes: comments, script, style
[36m<span[39m
  [33maria-hidden[39m=[32m"true"[39m
[36m>[39m
  [0m⚔[0m
[36m</span>[39m

Ignored nodes: comments, script, style
[36m<span[39m
  [33mclass[39m=[32m"card-glyph"[39m
[36m>[39m
  [0m⚔[0m
[36m</span>[39m

Ignored nodes: comments, script, style
[36m<span[39m
  [33maria-hidden[39m=[32m"true"[39m
[36m>[39m
  [0m⚔[0m
[36m</span>[39m

Ignored nodes: comments, script, style
[36m<span[39m
  [33mclass[39m=[32m"card-glyph"[39m
[36m>[39m
  [0m⚔[0m
[36m</span>[39m

Ignored nodes: comments, script, style
[36m<span[39m
  [33maria-hidden[39m=[32m"true"[39m
[36m>[39m
  [0m⚔[0m
[36m</span>[39m

Ignored nodes: comments, script, style
[36m<span[39m
  [33mclass[39m=[32m"card-glyph"[39m
[36m>[39m
  [0m⚔[0m
[36m</span>[39m

Ignored nodes: comments, script, style
[36m<span[39m
  [33maria-hidden[39m=[32m"true"[39m
[36m>[39m
  [0m⚔[0m
[36m</span>[39m

Ignored nodes: comments, script, style
[36m<span[39m
  [33mclass[39m=[32m"card-glyph"[39m
[36m>[39m
  [0m⚔[0m
[36m</span>[39m

(If this is intentional, then use the `*AllBy*` variant of the query (like `queryAllByText`, `getAllByText`, or `findAllByText`)).

Ignored nodes: comments, script, style
[36m<body>[39m
  [36m<div>[39m
    [36m<button[39m
      [33maria-label[39m=[32m"Test Kartı, Saldırı, 2 mana, d6 zar, 3 temel hasar, Test Kartı oynanabilir"[39m
      [33mclass[39m=[32m"game-card game-card--saldırı game-card--common"[39m
      [33mtype[39m=[32m"button"[39m
    [36m>[39m
      [36m<span[39m
        [33mclass[39m=[32m"card-topline"[39m
      [36m>[39m
        [36m<strong[39m
          [33maria-label[39m=[32m"2 mana"[39m
          [33mclass[39m=[32m"card-mana"[39m
        [36m>[39m
          [0m2[0m
          [36m<small>[39m
            [0mMP[0m
          [36m</small>[39m
        [36m</strong>[39m
        [36m<span[39m
          [33mclass[39m=[32m"card-type"[39m
        [36m>[39m
          [36m<span[39m
            [33maria-hidden[39m=[32m"true"[39m
          [36m>[39m
            [0m⚔[0m
          [36m</span>[39m
          [0mSaldırı[0m
        [36m</span>[39m
        [36m<span[39m
          [33mclass[39m=[32m"card-rarity"[39m
        [36m>[39m
          [0mSıradan[0m
        [36m</span>[39m
      [36m</span>[39m
      [36m<span[39m
        [33maria-hidden[39m=[32m"true"[39m
        [33mclass[39m=[32m"card-art"[39m
      [36m>[39m
        [36m<span[39m
          [33mclass[39m=[32m"card-glyph"[39m
        [36m>[39m
          [0m⚔[0m
        [36m</span>[39m
        [36m<i />[39m
      [36m</span>[39m
      [36m<span[39m
        [33mclass[39m=[32m"card-name"[39m
      [36m>[39m
        [0mTest Kartı[0m
      [36m</span>[39m
      [36m<span[39m
        [33mclass[39m=[32m"card-effect"[39m
      [36m>[39m
        [0mZırha karşı saldır[0m
      [36m</span>[39m
      [36m<span[39m
        [33mclass[39m=[32m"card-details"[39m
      [36m>[39m
        [36m<span[39m
          [33mclass[39m=[32m"card-primary-stat"[39m
        [36m>[39m
          [36m<b>[39m
            [0mHASAR[0m
          [36m</b>[39m
          [36m<strong>[39m
            [0md6[0m
          [36m</strong>[39m
        [36m</span>[39m
        [36m<span>[39m
          [36m<b>[39m
            [0mZAR[0m
          [36m</b>[39m
          [0md6[0m
        [36m</span>[39m
        [36m<span>[39m
          [36m<b>[39m
            [0mETİKET[0m
          [36m</b>[39m
          [0mattack[0m
        [36m</span>[39m
      [36m</span>[39m
      [36m<span[39m
        [33mclass[39m=[32m"card-action"[39m
      [36m>[39m
        [0mOynamaya hazır[0m
      [36m</span>[39m
    [36m</button>[39m
  [36m</div>[39m
  [36m<div>[39m
    [36m<button[39m
      [33maria-label[39m=[32m"Test Kartı, Saldırı, 2 mana, d6 zar, 3 temel hasar, Test Kartı oynanabilir"[39m
      [33mclass[39m=[32m"game-card game-card--saldırı game-card--common"[39m
      [33mtype[39m=[32m"button"[39m
    [36m>[39m
      [36m<span[39m
        [33mclass[39m=[32m"card-topline"[39m
      [36m>[39m
        [36m<strong[39m
          [33maria-label[39m=[32m"2 mana"[39m
          [33mclass[39m=[32m"card-mana"[39m
        [36m>[39m
          [0m2[0m
          [36m<small>[39m
            [0mMP[0m
          [36m</small>[39m
        [36m</strong>[39m
        [36m<span[39m
          [33mclass[39m=[32m"card-type"[39m
        [36m>[39m
          [36m<span[39m
            [33maria-hidden[39m=[32m"true"[39m
          [36m>[39m
            [0m⚔[0m
          [36m</span>[39m
          [0mSaldırı[0m
        [36m</span>[39m
        [36m<span[39m
          [33mclass[39m=[32m"card-rarity"[39m
        [36m>[39m
          [0mSıradan[0m
        [36m</span>[39m
      [36m</span>[39m
      [36m<span[39m
        [33maria-hidden[39m=[32m"true"[39m
        [33mclass[39m=[32m"card-art"[39m
      [36m>[39m
        [36m<span[39m
          [33mclass[39m=[32m"card-glyph"[39m
        [36m>[39m
          [0m⚔[0m
        [36m</span>[39m
        [36m<i />[39m
      [36m</span>[39m
      [36m<span[39m
        [33mclass[39m=[32m"card-name"[39m
      [36m>[39m
        [0mTest Kartı[0m
        [36m<span[39m
          [33maria-label[39m=[32m"Yükseltilmiş"[39m
          [33mclass[39m=[32m"card-upgrade-indicator"[39m
        [36m>[39m
          [0m↑[0m
        [36m</span>[39m
      [36m</span>[39m
      [36m<span[39m
        [33mclass[39m=[32m"card-effect"[39m
      [36m>[39m
        [0mZırha karşı saldır[0m
      [36m</span>[39m
      [36m<span[39m
        [33mclass[39m=[32m"card-details"[39m
      [36m>[39m
        [36m<span[39m
          [33mclass[39m=[32m"card-primary-stat"[39m
        [36m>[39m
          [36m<b>[39m
            [0mHASAR[0m
          [36m</b>[39m
          [36m<strong>[39m
            [0md6[0m
          [36m</strong>[39m
        [36m</span>[39m
        [36m<span>[39m
          [36m<b>[39m
            [0mZAR[0m
          [36m</b>[39m
          [0md6[0m
        [36m</span>[39m
        [36m<span>[39m
          [36m<b>[39m
            [0mETİKET[0m
          [36m</b>[39m
          [0mattack[0m
        [36m</span>[39m
      [36m</span>[39m
      [36m<span[39m
        [33mclass[39m=[32m"card-action"[39m
      [36m>[39m
        [0mOynamaya hazır[0m
      [36m</span>[39m
    [36m</button>[39m
  [36m</div>[39m
  [36m<div>[39m
    [36m<button[39m
      [33maria-label[39m=[32m"Test Kartı, Saldırı, 2 mana, d6 zar, 3 temel hasar, Test Kartı oynanabilir"[39m
      [33mclass[39m=[32m"game-card game-card--saldırı game-card--common"[39m
      [33mtype[39m=[32m"button"[39m
    [36m>[39m
      [36m<span[39m
        [33mclass[39m=[32m"card-topline"[39m
      [36m>[39m
        [36m<strong[39m
          [33maria-label[39m=[32m"2 mana"[39m
          [33mclass[39m=[32m"card-mana"[39m
        [36m>[39m
          [0m2[0m
          [36m<small>[39m
            [0mMP[0m
          [36m</small>[39m
        [36m</strong>[39m
        [36m<span[39m
          [33mclass[39m=[32m"card-type"[39m
        [36m>[39m
          [36m<span[39m
            [33maria-hidden[39m=[32m"true"[39m
          [36m>[39m
            [0m⚔[0m
          [36m</span>[39m
          [0mSaldırı[0m
        [36m</span>[39m
        [36m<span[39m
          [33mclass[39m=[32m"card-rarity"[39m
        [36m>[39m
          [0mSıradan[0m
        [36m</span>[39m
      [36m</span>[39m
      [36m<span[39m
        [33maria-hidden[39m=[32m"true"[39m
        [33mclass[39m=[32m"card-art"[39m
      [36m>[39m
        [36m<span[39m
          [33mclass[39m=[32m"card-glyph"[39m
        [36m>[39m
          [0m⚔[0m
        [36m</span>[39m
        [36m<i />[39m
      [36m</span>[39m
      [36m<span[39m
        [33mclass[39m=[32m"card-name"[39m
      [36m>[39m
        [0mTest Kartı[0m
      [36m</span>[39m
      [36m<span[39m
        [33mclass[39m=[32m"card-effect"[39m
      [36m>[39m
        [0mZırha karşı saldır[0m
      [36m</span>[39m
      [36m<span[39m
        [33mclass[39m=[32m"card-details"[39m
      [36m>[39m
        [36m<span[39m
          [33mclass[39m=[32m"card-primary-stat"[39m
        [36m>[39m
          [36m<b>[39m
            [0mHASAR[0m
          [36m</b>[39m
          [36m<strong>[39m
            [0md6[0m
          [36m</strong>[39m
        [36m</span>[39m
        [36m<span>[39m
          [36m<b>[39m
            [0mZAR[0m
          [36m</b>[39m
          [0md6[0m
        [36m</span>[39m
        [36m<span>[39m
          [36m<b>[39m
            [0mETİKET[0m
          [36m</b>[39m
          [0mattack[0m
        [36m</span>[39m
      [36m</span>[39m
      [36m<span[39m
        [33mclass[39m=[32m"card-action"[39m
      [36m>[39m
        [0mOynamaya hazır[0m
      [36m</span>[39m
    [36m</button>[39m
  [36m</div>[39m
  [36m<div>[39m
    [36m<button[39m
      [33maria-label[39m=[32m"Test Kartı, Saldırı, 2 mana, d6 zar, 3 temel hasar, Test Kartı için yeterli enerji yok"[39m
      [33mclass[39m=[32m"game-card game-card--saldırı game-card--common game-card--disabled"[39m
      [33mdisabled[39m=[32m""[39m
      [33mtype[39m=[32m"button"[39m
    [36m>[39m
      [36m<span[39m
        [33mclass[39m=[32m"card-topline"[39m
      [36m>[39m
        [36m<strong[39m
          [33maria-label[39m=[32m"2 mana"[39m
          [33mclass[39m=[32m"card-mana"[39m
        [36m>[39m
          [0m2[0m
          [36m<small>[39m
            [0mMP[0m
          [36m</small>[39m
        [36m</strong>[39m
        [36m<span[39m
          [33mclass[39m=[32m"card-type"[39m
        [36m>[39m
          [36m<span[39m
            [33maria-hidden[39m=[32m"true"[39m
          [36m>[39m
            [0m⚔[0m
          [36m</span>[39m
          [0mSaldırı[0m
        [36m</span>[39m
        [36m<span[39m
          [33mclass[39m=[32m"card-rarity"[39m
        [36m>[39m
          [0mSıradan[0m
        [36m</span>[39m
      [36m</span>[39m
      [36m<span[39m
        [33maria-hidden[39m=[32m"true"[39m
        [33mclass[39m=[32m"card-art"[39m
      [36m>[39m
        [36m<span[39m
          [33mclass[39m=[32m"card-glyph"[39m
        [36m>[39m
          [0m⚔[0m
        [36m</span>[39m
        [36m<i />[39m
      [36m</span>[39m
      [36m<span[39m
        [33mclass[39m=[32m"card-name"[39m
      [36m>[39m
        [0mTest Kartı[0m
      [36m</span>[39m
      [36m<span[39m
        [33mclass[39m=[32m"card-effect"[39m
      [36m>[39m
        [0mZırha karşı saldır[0m
      [36m</span>[39m
      [36m<span[39m
        [33mclass[39m=[32m"card-details"[39m
      [36m>[39m
        [36m<span[39m
          [33mclass[39m=[32m"card-primary-stat"[39m
        [36m>[39m
          [36m<b>[39m
            [0mHASAR[0m
          [36m</b>[39m
          [36m<strong>[39m
            [0md6[0m
          [36m</strong>[39m
        [36m</span>[39m
        [36m<span>[39m
          [36m<b>[39m
            [0mZAR[0m
          [36m</b>[39m
          [0md6[0m
        [36m</span>[39m
        [36m<span>[39m
          [36m<b>[39m
            [0mETİKET[0m
          [36m</b>[39m
          [0mattack[0m
        [36m</span>[39m
      [36m</span>[39m
      [36m<span[39m
        [33mclass[39m=[32m"card-action"[39m
      [36m>[39m
        [0mKullanılamaz[0m
      [36m</span>[39m
    [36m</button>[39m
  [36m</div>[39m
  [36m<div>[39m
    [36m<button[39m
      [33maria-label[39m=[32m"Test Kartı, Saldırı, 2 mana, d6 zar, 3 temel hasar, Test Kartı oynanabilir"[39m
      [33mclass[39m=[32m"game-card game-card--saldırı game-card--common"[39m
      [33mtype[39m=[32m"button"[39m
    [36m>[39m
      [36m<span[39m
        [33mclass[39m=[32m"card-topline"[39m
      [36m>[39m
        [36m<strong[39m
          [33maria-label[39m=[32m"2 mana"[39m
          [33mclass[39m=[32m"card-mana"[39m
        [36m>[39m
          [0m2[0m
          [36m<small>[39m
            [0mMP[0m
          [36m</small>[39m
        [36m</strong>[39m
        [36m<span[39m
          [33mclass[39m=[32m"card-type"[39m
        [36m>[39m
          [36m<span[39m
            [33maria-hidden[39m=[32m"true"[39m
          [36m>[39m
            [0m⚔[0m
          [36m</span>[39m
          [0mSaldırı[0m
        [36m</span>[39m
        [36m<span[39m
          [33mclass[39m=[32m"card-rarity"[39m
        [36m>[39m
          [0mSıradan[0m
        [36m</span>[39m
      [36m</span>[39m
      [36m<span[39m
        [33maria-hidden[39m=[32m"true"[39m
        [33mclass[39m=[32m"card-art"[39m
      [36m>[39m
        [36m<span[39m
          [33mclass[39m=[32m"card-glyph"[39m
        [36m>[39m
          [0m⚔[0m
        [36m</span>[39m
        [36m<i />[39m
      [36m</span>[39m
      [36m<span[39m
        [33mclass[39m=[32m"card-name"[39m
      [36m>[39m
        [0mTest Kartı[0m
      [36m</span>[39m
      [36m<span[39m
        [33mclass[39m=[32m"card-effect"[39m
      [36m>[39m
        [0mZırha karşı saldır[0m
      [36m</span>[39m
      [36m<span[39m
        [33mclass[39m=[32m"card-details"[39m
      [36m>[39m
        [36m<span[39m
          [33mclass[39m=[32m"card-primary-stat"[39m
        [36m>[39m
          [36m<b>[39m
            [0mHASAR[0m
          [36m</b>[39m
          [36m<strong>[39m
            [0md6[0m
          [36m</strong>[39m
        [36m</span>[39m
        [36m<span>[39m
          [36m<b>[39m
            [0mZAR[0m
          [36m</b>[39m
          [0md6[0m
        [36m</span>[39m
        [36m<span>[39m
          [36m<b>[39m
            [0mETİKET[0m
          [36m</b>[39m
          [0mattack[0m
        [36m</span>[39m
      [36m</span>[39m
      [36m<span[39m
        [33mclass[39m=[32m"card-action"[39m
      [36m>[39m
        [0mOynamaya hazır[0m
      [36m</span>[39m
    [36m</button>[39m
  [36m</div>[39m
  [36m<div>[39m
    [36m<button[39m
      [33maria-label[39m=[32m"Test Kartı, Saldırı, 2 mana, d6 zar, 3 temel hasar, Test Kartı için yeterli enerji yok"[39m
      [33mclass[39m=[32m"game-card game-card--saldırı game-card--common game-card--disabled"[39m
      [33mdisabled[39m=[32m""[39m
      [33mtype[39m=[32m"button"[39m
    [36m>[39m
      [36m<span[39m
        [33mclass[39m=[32m"card-topline"[39m
      [36m>[39m
        [36m<strong[39m
          [33maria-label[39m=[32m"2 mana"[39m
          [33mclass[39m=[32m"card-mana"[39m
        [36m>[39m
          [0m2[0m
          [36m<small>[39m
            [0mMP[0m
          [36m</small>[39m
        [36m</strong>[39m
        [36m<span[39m
          [33mclass[39m=[32m"card-type"[39m
        [36m>[39m
          [36m<span[39m
            [33maria-hidden[39m=[32m"true"[39m
          [36m>[39m
            [0m⚔[0m
          [36m</span>[39m
          [0mSaldırı[0m
        [36m</span>[39m
        [36m<span[39m
          [33mclass[39m=[32m"card-rarity"[39m
        [36m>[39m
          [0mSıradan[0m
        [36m</span>[39m
      [36m</span>[39m
      [36m<span[39m
        [33maria-hidden[39m=[32m"true"[39m
        [33mclass[39m=[32m"card-art"[39m
      [36m>[39m
        [36m<span[39m
          [33mclass[39m=[32m"card-glyph"[39m
        [36m>[39m
          [0m⚔[0m
        [36m</span>[39m
        [36m<i />[39m
      [36m</span>[39m
      [36m<span[39m
        [33mclass[39m=[32m"card-name"[39m
      [36m>[39m
        [0mTest Kartı[0m
      [36m</span>[39m
      [36m<span[39m
        [33mclass[39m=[32m"card-effect"[39m
      [36m>[39m
        [0mZırha karşı saldır[0m
      [36m</span>[39m
      [36m<span[39m
        [33mclass[39m=[32m"card-details"[39m
      [36m>[39m
        [36m<span[39m
          [33mclass[39m=[32m"card-primary-stat"[39m
        [36m>[39m
          [36m<b>[39m
            [0mHASAR[0m
          [36m</b>[39m
          [36m<strong>[39m
            [0md6[0m
          [36m</strong>[39m
        [36m</span>[39m
        [36m<span>[39m
          [36m<b>[39m
            [0mZAR[0m
          [36m</b>[39m
          [0md6[0m
        [36m</span>[39m
        [36m<span>[39m
          [36m<b>[39m
            [0mETİKET[0m
          [36m</b>[39m
          [0mattack[0m
        [36m</span>[39m
      [36m</span>[39m
      [36m<span[39m
        [33mclass[39m=[32m"card-action"[39m
      [36m>[39m
        [0mKullanılamaz[0m
      [36m</span>[39m
    [36m</button>[39m
  [36m</div>[39m
  [36m<div>[39m
    [36m<button[39m
      [33maria-label[39m=[32m"Test Kartı, Saldırı, 2 mana, d6 zar, 3 temel hasar, Test Kartı oynanabilir"[39m
      [33mclass[39m=[32m"game-card game-card--saldırı game-card--common"[39m
      [33mtype[39m=[32m"button"[39m
    [36m>[39m
      [36m<span[39m
        [33mclass[39m=[32m"card-topline"[39m
      [36m>[39m
        [36m<strong[39m
          [33maria-label[39m=[32m"2 mana"[39m
          [33mclass[39m=[32m"card-mana"[39m
        [36m>[39m
          [0m2[0m
          [36m<small>[39m
            [0mMP[0m
          [36m</small>[39m
        [36m</strong>[39m
        [36m<span[39m
          [33mclass[39m=[32m"card-type"[39m
        [36m>[39m
          [36m<span[39m
            [33maria-hidden[39m=[32m"true"[39m
          [36m>[39m
            [0m⚔[0m
          [36m</span>[39m
          [0mSaldırı[0m
        [36m</span>[39m
        [36m<span[39m
          [33mclass[39m=[32m"card-rarity"[39m
        [36m>[39m
          [0mSıradan[0m
        [36m</span>[39m
      [36m</span>[39m
      [36m<span[39m
        [33maria-hidden[39m=[32m"true"[39m
        [33mclass[39m=[32m"card-art"[39m
      [36m>[39m
        [36m<span[39m
          [33mclass[39m=[32m"card-glyph"[39m
        [36m>[39m
          [0m⚔[0m
        [36m</span>[39m
        [36m<i />[39m
      [36m</span>[39m
      [36m<span[39m
        [33mclass[39m=[32m"card-name"[39m
      [36m>[39m
        [0mTest Kartı[0m
      [36m</span>[39m
      [36m<span[39m
        [33mclass[39m=[32m"card-effect"[39m
      [36m>[39m
        [0mZırha karşı saldır[0m
      [36m</span>[39m
      [36m<span[39m
        [33mclass[39m=[32m"card-details"[39m
      [36m>[39m
        [36m<span[39m
          [33mclass[39m=[32m"card-primary-stat"[39m
        [36m>[39m
          [36m<b>[39m
            [0mHASAR[0m
          [36m</b>[39m
          [36m<strong>[39m
            [0md6[0m
          [36m</strong>[39m
        [36m</span>[39m
        [36m<span>[39m
          [36m<b>[39m
            [0mZAR[0m
          [36m</b>[39m
          [0md6[0m
        [36m</span>[39m
        [36m<span>[39m
          [36m<b>[39m
            [0mETİKET[0m
          [36m</b>[39m
          [0mattack[0m
        [36m</span>[39m
      [36m</span>[39m
      [36m<span[39m
        [33mclass[39m=[32m"card-action"[39m
      [36m>[39m
        [0mOynamaya hazır[0m
      [36m</span>[39m
    [36m</button>[39m
  [36m</div>[39m
[36m</body>[39m
 ❯ Object.getElementError node_modules/@testing-library/dom/dist/config.js:37:19
 ❯ getElementError node_modules/@testing-library/dom/dist/query-helpers.js:20:35
 ❯ getMultipleElementsFoundError node_modules/@testing-library/dom/dist/query-helpers.js:23:10
 ❯ node_modules/@testing-library/dom/dist/query-helpers.js:55:13
 ❯ node_modules/@testing-library/dom/dist/query-helpers.js:95:19
 ❯ src/components/Card.test.tsx:101:19
     99|
    100|     render(<CardComponent card={attackCard} onPlay={onPlay} isPlayable…
    101|     expect(screen.getByText(/⚔/i)).toBeInTheDocument(); // attack glyph
       |                   ^
    102|     expect(screen.getByText(/Saldırı/i)).toBeInTheDocument();
    103|

⎯⎯⎯⎯⎯⎯⎯⎯⎯⎯⎯⎯⎯⎯⎯⎯⎯⎯⎯⎯⎯⎯⎯[6/16]⎯

 FAIL  src/components/Card.test.tsx > Card > renders rarity label correctly
TestingLibraryElementError: Found multiple elements with the text: /Sıradan/i

Here are the matching elements:

Ignored nodes: comments, script, style
[36m<span[39m
  [33mclass[39m=[32m"card-rarity"[39m
[36m>[39m
  [0mSıradan[0m
[36m</span>[39m

Ignored nodes: comments, script, style
[36m<span[39m
  [33mclass[39m=[32m"card-rarity"[39m
[36m>[39m
  [0mSıradan[0m
[36m</span>[39m

Ignored nodes: comments, script, style
[36m<span[39m
  [33mclass[39m=[32m"card-rarity"[39m
[36m>[39m
  [0mSıradan[0m
[36m</span>[39m

Ignored nodes: comments, script, style
[36m<span[39m
  [33mclass[39m=[32m"card-rarity"[39m
[36m>[39m
  [0mSıradan[0m
[36m</span>[39m

Ignored nodes: comments, script, style
[36m<span[39m
  [33mclass[39m=[32m"card-rarity"[39m
[36m>[39m
  [0mSıradan[0m
[36m</span>[39m

Ignored nodes: comments, script, style
[36m<span[39m
  [33mclass[39m=[32m"card-rarity"[39m
[36m>[39m
  [0mSıradan[0m
[36m</span>[39m

Ignored nodes: comments, script, style
[36m<span[39m
  [33mclass[39m=[32m"card-rarity"[39m
[36m>[39m
  [0mSıradan[0m
[36m</span>[39m

Ignored nodes: comments, script, style
[36m<span[39m
  [33mclass[39m=[32m"card-rarity"[39m
[36m>[39m
  [0mSıradan[0m
[36m</span>[39m

(If this is intentional, then use the `*AllBy*` variant of the query (like `queryAllByText`, `getAllByText`, or `findAllByText`)).

Ignored nodes: comments, script, style
[36m<body>[39m
  [36m<div>[39m
    [36m<button[39m
      [33maria-label[39m=[32m"Test Kartı, Saldırı, 2 mana, d6 zar, 3 temel hasar, Test Kartı oynanabilir"[39m
      [33mclass[39m=[32m"game-card game-card--saldırı game-card--common"[39m
      [33mtype[39m=[32m"button"[39m
    [36m>[39m
      [36m<span[39m
        [33mclass[39m=[32m"card-topline"[39m
      [36m>[39m
        [36m<strong[39m
          [33maria-label[39m=[32m"2 mana"[39m
          [33mclass[39m=[32m"card-mana"[39m
        [36m>[39m
          [0m2[0m
          [36m<small>[39m
            [0mMP[0m
          [36m</small>[39m
        [36m</strong>[39m
        [36m<span[39m
          [33mclass[39m=[32m"card-type"[39m
        [36m>[39m
          [36m<span[39m
            [33maria-hidden[39m=[32m"true"[39m
          [36m>[39m
            [0m⚔[0m
          [36m</span>[39m
          [0mSaldırı[0m
        [36m</span>[39m
        [36m<span[39m
          [33mclass[39m=[32m"card-rarity"[39m
        [36m>[39m
          [0mSıradan[0m
        [36m</span>[39m
      [36m</span>[39m
      [36m<span[39m
        [33maria-hidden[39m=[32m"true"[39m
        [33mclass[39m=[32m"card-art"[39m
      [36m>[39m
        [36m<span[39m
          [33mclass[39m=[32m"card-glyph"[39m
        [36m>[39m
          [0m⚔[0m
        [36m</span>[39m
        [36m<i />[39m
      [36m</span>[39m
      [36m<span[39m
        [33mclass[39m=[32m"card-name"[39m
      [36m>[39m
        [0mTest Kartı[0m
      [36m</span>[39m
      [36m<span[39m
        [33mclass[39m=[32m"card-effect"[39m
      [36m>[39m
        [0mZırha karşı saldır[0m
      [36m</span>[39m
      [36m<span[39m
        [33mclass[39m=[32m"card-details"[39m
      [36m>[39m
        [36m<span[39m
          [33mclass[39m=[32m"card-primary-stat"[39m
        [36m>[39m
          [36m<b>[39m
            [0mHASAR[0m
          [36m</b>[39m
          [36m<strong>[39m
            [0md6[0m
          [36m</strong>[39m
        [36m</span>[39m
        [36m<span>[39m
          [36m<b>[39m
            [0mZAR[0m
          [36m</b>[39m
          [0md6[0m
        [36m</span>[39m
        [36m<span>[39m
          [36m<b>[39m
            [0mETİKET[0m
          [36m</b>[39m
          [0mattack[0m
        [36m</span>[39m
      [36m</span>[39m
      [36m<span[39m
        [33mclass[39m=[32m"card-action"[39m
      [36m>[39m
        [0mOynamaya hazır[0m
      [36m</span>[39m
    [36m</button>[39m
  [36m</div>[39m
  [36m<div>[39m
    [36m<button[39m
      [33maria-label[39m=[32m"Test Kartı, Saldırı, 2 mana, d6 zar, 3 temel hasar, Test Kartı oynanabilir"[39m
      [33mclass[39m=[32m"game-card game-card--saldırı game-card--common"[39m
      [33mtype[39m=[32m"button"[39m
    [36m>[39m
      [36m<span[39m
        [33mclass[39m=[32m"card-topline"[39m
      [36m>[39m
        [36m<strong[39m
          [33maria-label[39m=[32m"2 mana"[39m
          [33mclass[39m=[32m"card-mana"[39m
        [36m>[39m
          [0m2[0m
          [36m<small>[39m
            [0mMP[0m
          [36m</small>[39m
        [36m</strong>[39m
        [36m<span[39m
          [33mclass[39m=[32m"card-type"[39m
        [36m>[39m
          [36m<span[39m
            [33maria-hidden[39m=[32m"true"[39m
          [36m>[39m
            [0m⚔[0m
          [36m</span>[39m
          [0mSaldırı[0m
        [36m</span>[39m
        [36m<span[39m
          [33mclass[39m=[32m"card-rarity"[39m
        [36m>[39m
          [0mSıradan[0m
        [36m</span>[39m
      [36m</span>[39m
      [36m<span[39m
        [33maria-hidden[39m=[32m"true"[39m
        [33mclass[39m=[32m"card-art"[39m
      [36m>[39m
        [36m<span[39m
          [33mclass[39m=[32m"card-glyph"[39m
        [36m>[39m
          [0m⚔[0m
        [36m</span>[39m
        [36m<i />[39m
      [36m</span>[39m
      [36m<span[39m
        [33mclass[39m=[32m"card-name"[39m
      [36m>[39m
        [0mTest Kartı[0m
        [36m<span[39m
          [33maria-label[39m=[32m"Yükseltilmiş"[39m
          [33mclass[39m=[32m"card-upgrade-indicator"[39m
        [36m>[39m
          [0m↑[0m
        [36m</span>[39m
      [36m</span>[39m
      [36m<span[39m
        [33mclass[39m=[32m"card-effect"[39m
      [36m>[39m
        [0mZırha karşı saldır[0m
      [36m</span>[39m
      [36m<span[39m
        [33mclass[39m=[32m"card-details"[39m
      [36m>[39m
        [36m<span[39m
          [33mclass[39m=[32m"card-primary-stat"[39m
        [36m>[39m
          [36m<b>[39m
            [0mHASAR[0m
          [36m</b>[39m
          [36m<strong>[39m
            [0md6[0m
          [36m</strong>[39m
        [36m</span>[39m
        [36m<span>[39m
          [36m<b>[39m
            [0mZAR[0m
          [36m</b>[39m
          [0md6[0m
        [36m</span>[39m
        [36m<span>[39m
          [36m<b>[39m
            [0mETİKET[0m
          [36m</b>[39m
          [0mattack[0m
        [36m</span>[39m
      [36m</span>[39m
      [36m<span[39m
        [33mclass[39m=[32m"card-action"[39m
      [36m>[39m
        [0mOynamaya hazır[0m
      [36m</span>[39m
    [36m</button>[39m
  [36m</div>[39m
  [36m<div>[39m
    [36m<button[39m
      [33maria-label[39m=[32m"Test Kartı, Saldırı, 2 mana, d6 zar, 3 temel hasar, Test Kartı oynanabilir"[39m
      [33mclass[39m=[32m"game-card game-card--saldırı game-card--common"[39m
      [33mtype[39m=[32m"button"[39m
    [36m>[39m
      [36m<span[39m
        [33mclass[39m=[32m"card-topline"[39m
      [36m>[39m
        [36m<strong[39m
          [33maria-label[39m=[32m"2 mana"[39m
          [33mclass[39m=[32m"card-mana"[39m
        [36m>[39m
          [0m2[0m
          [36m<small>[39m
            [0mMP[0m
          [36m</small>[39m
        [36m</strong>[39m
        [36m<span[39m
          [33mclass[39m=[32m"card-type"[39m
        [36m>[39m
          [36m<span[39m
            [33maria-hidden[39m=[32m"true"[39m
          [36m>[39m
            [0m⚔[0m
          [36m</span>[39m
          [0mSaldırı[0m
        [36m</span>[39m
        [36m<span[39m
          [33mclass[39m=[32m"card-rarity"[39m
        [36m>[39m
          [0mSıradan[0m
        [36m</span>[39m
      [36m</span>[39m
      [36m<span[39m
        [33maria-hidden[39m=[32m"true"[39m
        [33mclass[39m=[32m"card-art"[39m
      [36m>[39m
        [36m<span[39m
          [33mclass[39m=[32m"card-glyph"[39m
        [36m>[39m
          [0m⚔[0m
        [36m</span>[39m
        [36m<i />[39m
      [36m</span>[39m
      [36m<span[39m
        [33mclass[39m=[32m"card-name"[39m
      [36m>[39m
        [0mTest Kartı[0m
      [36m</span>[39m
      [36m...
 ❯ Object.getElementError node_modules/@testing-library/dom/dist/config.js:37:19
 ❯ getElementError node_modules/@testing-library/dom/dist/query-helpers.js:20:35
 ❯ getMultipleElementsFoundError node_modules/@testing-library/dom/dist/query-helpers.js:23:10
 ❯ node_modules/@testing-library/dom/dist/query-helpers.js:55:13
 ❯ node_modules/@testing-library/dom/dist/query-helpers.js:95:19
 ❯ src/components/Card.test.tsx:127:19
    125|
    126|     render(<CardComponent card={commonCard} onPlay={onPlay} isPlayable…
    127|     expect(screen.getByText(/Sıradan/i)).toBeInTheDocument();
       |                   ^
    128|
    129|     render(<CardComponent card={legendaryCard} onPlay={onPlay} isPlaya…

⎯⎯⎯⎯⎯⎯⎯⎯⎯⎯⎯⎯⎯⎯⎯⎯⎯⎯⎯⎯⎯⎯⎯[7/16]⎯

 FAIL  src/components/Card.test.tsx > Card > formats different effect types correctly
TestingLibraryElementError: Unable to find an element with the text: /5 can yenile/i. This could be because the text is broken up by multiple elements. In this case, you can provide a function for your text matcher to make your matcher more flexible.

Ignored nodes: comments, script, style
[36m<body>[39m
  [36m<div>[39m
    [36m<button[39m
      [33maria-label[39m=[32m"Test Kartı, Saldırı, 2 mana, d6 zar, 3 temel hasar, Test Kartı oynanabilir"[39m
      [33mclass[39m=[32m"game-card game-card--saldırı game-card--common"[39m
      [33mtype[39m=[32m"button"[39m
    [36m>[39m
      [36m<span[39m
        [33mclass[39m=[32m"card-topline"[39m
      [36m>[39m
        [36m<strong[39m
          [33maria-label[39m=[32m"2 mana"[39m
          [33mclass[39m=[32m"card-mana"[39m
        [36m>[39m
          [0m2[0m
          [36m<small>[39m
            [0mMP[0m
          [36m</small>[39m
        [36m</strong>[39m
        [36m<span[39m
          [33mclass[39m=[32m"card-type"[39m
        [36m>[39m
          [36m<span[39m
            [33maria-hidden[39m=[32m"true"[39m
          [36m>[39m
            [0m⚔[0m
          [36m</span>[39m
          [0mSaldırı[0m
        [36m</span>[39m
        [36m<span[39m
          [33mclass[39m=[32m"card-rarity"[39m
        [36m>[39m
          [0mSıradan[0m
        [36m</span>[39m
      [36m</span>[39m
      [36m<span[39m
        [33maria-hidden[39m=[32m"true"[39m
        [33mclass[39m=[32m"card-art"[39m
      [36m>[39m
        [36m<span[39m
          [33mclass[39m=[32m"card-glyph"[39m
        [36m>[39m
          [0m⚔[0m
        [36m</span>[39m
        [36m<i />[39m
      [36m</span>[39m
      [36m<span[39m
        [33mclass[39m=[32m"card-name"[39m
      [36m>[39m
        [0mTest Kartı[0m
      [36m</span>[39m
      [36m<span[39m
        [33mclass[39m=[32m"card-effect"[39m
      [36m>[39m
        [0mZırha karşı saldır[0m
      [36m</span>[39m
      [36m<span[39m
        [33mclass[39m=[32m"card-details"[39m
      [36m>[39m
        [36m<span[39m
          [33mclass[39m=[32m"card-primary-stat"[39m
        [36m>[39m
          [36m<b>[39m
            [0mHASAR[0m
          [36m</b>[39m
          [36m<strong>[39m
            [0md6[0m
          [36m</strong>[39m
        [36m</span>[39m
        [36m<span>[39m
          [36m<b>[39m
            [0mZAR[0m
          [36m</b>[39m
          [0md6[0m
        [36m</span>[39m
        [36m<span>[39m
          [36m<b>[39m
            [0mETİKET[0m
          [36m</b>[39m
          [0mattack[0m
        [36m</span>[39m
      [36m</span>[39m
      [36m<span[39m
        [33mclass[39m=[32m"card-action"[39m
      [36m>[39m
        [0mOynamaya hazır[0m
      [36m</span>[39m
    [36m</button>[39m
  [36m</div>[39m
  [36m<div>[39m
    [36m<button[39m
      [33maria-label[39m=[32m"Test Kartı, Saldırı, 2 mana, d6 zar, 3 temel hasar, Test Kartı oynanabilir"[39m
      [33mclass[39m=[32m"game-card game-card--saldırı game-card--common"[39m
      [33mtype[39m=[32m"button"[39m
    [36m>[39m
      [36m<span[39m
        [33mclass[39m=[32m"card-topline"[39m
      [36m>[39m
        [36m<strong[39m
          [33maria-label[39m=[32m"2 mana"[39m
          [33mclass[39m=[32m"card-mana"[39m
        [36m>[39m
          [0m2[0m
          [36m<small>[39m
            [0mMP[0m
          [36m</small>[39m
        [36m</strong>[39m
        [36m<span[39m
          [33mclass[39m=[32m"card-type"[39m
        [36m>[39m
          [36m<span[39m
            [33maria-hidden[39m=[32m"true"[39m
          [36m>[39m
            [0m⚔[0m
          [36m</span>[39m
          [0mSaldırı[0m
        [36m</span>[39m
        [36m<span[39m
          [33mclass[39m=[32m"card-rarity"[39m
        [36m>[39m
          [0mSıradan[0m
        [36m</span>[39m
      [36m</span>[39m
      [36m<span[39m
        [33maria-hidden[39m=[32m"true"[39m
        [33mclass[39m=[32m"card-art"[39m
      [36m>[39m
        [36m<span[39m
          [33mclass[39m=[32m"card-glyph"[39m
        [36m>[39m
          [0m⚔[0m
        [36m</span>[39m
        [36m<i />[39m
      [36m</span>[39m
      [36m<span[39m
        [33mclass[39m=[32m"card-name"[39m
      [36m>[39m
        [0mTest Kartı[0m
        [36m<span[39m
          [33maria-label[39m=[32m"Yükseltilmiş"[39m
          [33mclass[39m=[32m"card-upgrade-indicator"[39m
        [36m>[39m
          [0m↑[0m
        [36m</span>[39m
      [36m</span>[39m
      [36m<span[39m
        [33mclass[39m=[32m"card-effect"[39m
      [36m>[39m
        [0mZırha karşı saldır[0m
      [36m</span>[39m
      [36m<span[39m
        [33mclass[39m=[32m"card-details"[39m
      [36m>[39m
        [36m<span[39m
          [33mclass[39m=[32m"card-primary-stat"[39m
        [36m>[39m
          [36m<b>[39m
            [0mHASAR[0m
          [36m</b>[39m
          [36m<strong>[39m
            [0md6[0m
          [36m</strong>[39m
        [36m</span>[39m
        [36m<span>[39m
          [36m<b>[39m
            [0mZAR[0m
          [36m</b>[39m
          [0md6[0m
        [36m</span>[39m
        [36m<span>[39m
          [36m<b>[39m
            [0mETİKET[0m
          [36m</b>[39m
          [0mattack[0m
        [36m</span>[39m
      [36m</span>[39m
      [36m<span[39m
        [33mclass[39m=[32m"card-action"[39m
      [36m>[39m
        [0mOynamaya hazır[0m
      [36m</span>[39m
    [36m</button>[39m
  [36m</div>[39m
  [36m<div>[39m
    [36m<button[39m
      [33maria-label[39m=[32m"Test Kartı, Saldırı, 2 mana, d6 zar, 3 temel hasar, Test Kartı oynanabilir"[39m
      [33mclass[39m=[32m"game-card game-card--saldırı game-card--common"[39m
      [33mtype[39m=[32m"button"[39m
    [36m>[39m
      [36m<span[39m
        [33mclass[39m=[32m"card-topline"[39m
      [36m>[39m
        [36m<strong[39m
          [33maria-label[39m=[32m"2 mana"[39m
          [33mclass[39m=[32m"card-mana"[39m
        [36m>[39m
          [0m2[0m
          [36m<small>[39m
            [0mMP[0m
          [36m</small>[39m
        [36m</strong>[39m
        [36m<span[39m
          [33mclass[39m=[32m"card-type"[39m
        [36m>[39m
          [36m<span[39m
            [33maria-hidden[39m=[32m"true"[39m
          [36m>[39m
            [0m⚔[0m
          [36m</span>[39m
          [0mSaldırı[0m
        [36m</span>[39m
        [36m<span[39m
          [33mclass[39m=[32m"card-rarity"[39m
        [36m>[39m
          [0mSıradan[0m
        [36m</span>[39m
      [36m</span>[39m
      [36m<span[39m
        [33maria-hidden[39m=[32m"true"[39m
        [33mclass[39m=[32m"card-art"[39m
      [36m>[39m
        [36m<span[39m
          [33mclass[39m=[32m"card-glyph"[39m
        [36m>[39m
          [0m⚔[0m
        [36m</span>[39m
        [36m<i />[39m
      [36m</span>[39m
      [36m<span[39m
        [33mclass[39m=[32m"card-name"[39m
      [36m>[39m
        [0mTest Kartı[0m
      [36m</span>[39m
      [36m...
 ❯ Object.getElementError node_modules/@testing-library/dom/dist/config.js:37:19
 ❯ node_modules/@testing-library/dom/dist/query-helpers.js:76:38
 ❯ node_modules/@testing-library/dom/dist/query-helpers.js:52:17
 ❯ node_modules/@testing-library/dom/dist/query-helpers.js:95:19
 ❯ src/components/Card.test.tsx:140:19
    138|     const healCard = { ...baseCard, effets: [{ kind: 'heal', amount: 5…
    139|     render(<CardComponent card={healCard} onPlay={onPlay} isPlayable={…
    140|     expect(screen.getByText(/5 can yenile/i)).toBeInTheDocument();
       |                   ^
    141|
    142|     // block effect with die

⎯⎯⎯⎯⎯⎯⎯⎯⎯⎯⎯⎯⎯⎯⎯⎯⎯⎯⎯⎯⎯⎯⎯[8/16]⎯

 FAIL  src/components/ShopPanel.test.tsx > ShopPanel > displays heal action with correct cost and status
TestingLibraryElementError: Unable to find an element with the text: /\\+4 can · 25 altın/i. This could be because the text is broken up by multiple elements. In this case, you can provide a function for your text matcher to make your matcher more flexible.

Ignored nodes: comments, script, style
[36m<body>[39m
  [36m<div>[39m
    [36m<div[39m
      [33mclass[39m=[32m"shop-layout"[39m
    [36m>[39m
      [36m<div[39m
        [33mclass[39m=[32m"shop-action shop-action--heal"[39m
      [36m>[39m
        [36m<span[39m
          [33maria-hidden[39m=[32m"true"[39m
          [33mclass[39m=[32m"shop-action__icon"[39m
        [36m>[39m
          [0m✚[0m
        [36m</span>[39m
        [36m<div>[39m
          [36m<p[39m
            [33mclass[39m=[32m"eyebrow"[39m
          [36m>[39m
            [0mŞifa[0m
          [36m</p>[39m
          [36m<h3>[39m
            [0mCanını toparla[0m
          [36m</h3>[39m
          [36m<p>[39m
            [0m+4 can · 25 altın[0m
          [36m</p>[39m
        [36m</div>[39m
        [36m<button[39m
          [33mclass[39m=[32m"button button--shop"[39m
          [33mtype[39m=[32m"button"[39m
        [36m>[39m
          [0mSatın al[0m
        [36m</button>[39m
      [36m</div>[39m
      [36m<div[39m
        [33mclass[39m=[32m"shop-action shop-action--upgrade"[39m
      [36m>[39m
        [36m<span[39m
          [33maria-hidden[39m=[32m"true"[39m
          [33mclass[39m=[32m"shop-action__icon"[39m
        [36m>[39m
          [0m↑[0m
        [36m</span>[39m
        [36m<div>[39m
          [36m<p[39m
            [33mclass[39m=[32m"eyebrow"[39m
          [36m>[39m
            [0mDemirci masası[0m
          [36m</p>[39m
          [36m<h3>[39m
            [0mKart yükselt[0m
          [36m</h3>[39m
          [36m<p>[39m
            [0mBir kartın etkisini güçlendir.[0m
          [36m</p>[39m
        [36m</div>[39m
        [36m<div[39m
          [33maria-label[39m=[32m"Yükseltilebilir kartlar"[39m
          [33mclass[39m=[32m"shop-upgrade-list"[39m
        [36m>[39m
          [36m<div[39m
            [33mclass[39m=[32m"shop-card-row shop-card-row--upgrade"[39m
          [36m>[39m
            [36m<span[39m
              [33maria-hidden[39m=[32m"true"[39m
              [33mclass[39m=[32m"shop-card-mark shop-card-mark--saldırı"[39m
            [36m/>[39m
            [36m<h4>[39m
              [0mKart Sıradan[0m
            [36m</h4>[39m
            [36m<span>[39m
              [0m44 altın[0m
            [36m</span>[39m
            [36m<button[39m
              [33maria-label[39m=[32m"Kart Sıradan kartını 44 altınla yükselt"[39m
              [33mclass[39m=[32m"button button--upgrade"[39m
              [33mtype[39m=[32m"button"[39m
            [36m>[39m
              [0mYükselt[0m
            [36m</button>[39m
          [36m</div>[39m
          [36m<div[39m
            [33mclass[39m=[32m"shop-card-row shop-card-row--upgrade"[39m
          [36m>[39m
            [36m<span[39m
              [33maria-hidden[39m=[32m"true"[39m
              [33mclass[39m=[32m"shop-card-mark shop-card-mark--savunma"[39m
            [36m/>[39m
            [36m<h4>[39m
              [0mKart Seçkin[0m
            [36m</h4>[39m
            [36m<span>[39m
              [0m66 altın[0m
            [36m</span>[39m
            [36m<button[39m
              [33maria-label[39m=[32m"Kart Seçkin kartını 66 altınla yükselt"[39m
              [33mclass[39m=[32m"button button--upgrade"[39m
              [33mtype[39m=[32m"button"[39m
            [36m>[39m
              [0mYükselt[0m
            [36m</button>[39m
          [36m</div>[39m
          [36m<div[39m
            [33mclass[39m=[32m"shop-card-row shop-card-row--upgrade"[39m
          [36m>[39m
            [36m<span[39m
              [33maria-hidden[39m=[32m"true"[39m
              [33mclass[39m=[32m"shop-card-mark shop-card-mark--yetenek"[39m
            [36m/>[39m
            [36m<h4>[39m
              [0mKart Nadir[0m
            [36m</h4>[39m
            [36m<span>[39m
              [0m88 altın[0m
            [36m</span>[39m
            [36m<button[39m
              [33maria-label[39m=[32m"Kart Nadir kartını 88 altınla yükselt"[39m
              [33mclass[39m=[32m"button button--upgrade"[39m
              [33mtype[39m=[32m"button"[39m
            [36m>[39m
              [0mYükselt[0m
            [36m</button>[39m
          [36m</div>[39m
          [36m<div[39m
            [33mclass[39m=[32m"shop-card-row shop-card-row--upgrade"[39m
          [36m>[39m
            [36m<span[39m
              [33maria-hidden[39m=[32m"true"[39m
              [33mclass[39m=[32m"shop-card-mark shop-card-mark--saldırı"[39m
            [36m/>[39m
            [36m<h4>[39m
              [0mKart Efsanevi[0m
            [36m</h4>[39m
            [36m<span>[39m
              [0m132 altın[0m
            [36m</span>[39m
            [36m<button[39m
              [33maria-label[39m=[32m"Kart Efsanevi kartını 132 altınla yükselt"[39m
              [33mclass[39m=[32m"button button--upgrade"[39m
              [33mdisabled[39m=[32m""[39m
              [33mtype[39m=[32m"button"[39m
            [36m>[39m
              [0mYetersiz altın[0m
            [36m</button>[39m
          [36m</div>[39m
          [36m<div[39m
            [33mclass[39m=[32m"shop-card-row shop-card-row--upgrade"[39m
          [36m>[39m
            [36m<span[39m
              [33maria-hidden[39m=[32m"true"[39m
              [33mclass[39m=[32m"shop-card-mark shop-card-mark--saldırı"[39m
            [36m/>[39m
            [36m<h4>[39m
              [0mKart Sıradan[0m
            [36m</h4>[39m
            [36m<span>[39m
              [0mGüçlendirildi[0m
            [36m</span>[39m
            [36m<button[39m
              [33maria-label[39m=[32m"Kart Sıradan zaten yükseltilmiş"[39m
              [33mclass[39m=[32m"button button--upgrade"[39m
              [33mdisabled[39m=[32m""[39m
              [33mtype[39m=[32m"button"[39m
            [36m>[39m
              [0mYükseltildi[0m
            [36m</button>[39m
          [36m</div>[39m
        [36m</div>[39m
      [36m</div>[39m
      [36m<div[39m
        [33mclass[39m=[32m"shop-deck"[39m
      [36m>[39m
        [36m<div[39m
          [33mclass[39m=[32m"shop-subheading"[39m
        [36m>[39m
          [36m<div>[39m
            [36m<p[39m
              [33mclass[39m=[32m"eyebrow"[39m
            [36m>[39m
              [0mDeste yönetimi[0m
            [36m</p>[39m
            [36m<h3>[39m
              [0mDesten[0m
            [36m</h3>[39m
          [36m</div>[39m
          [36m<span>[39m
            [0m5[0m
            [0m kart[0m
          [36m</span>[39m
        [36m</div>[39m
        [36m<div[39m
          [33mclass[39m=[32m"shop-card-list"[39m
        [36m>[39m
          [36m<div[39m
            [33mclass[39m=[32m"shop-card-row"[39m
          [36m>[39m
            [36m<span[39m
              [33maria-hidden[39m=[32m"true"[39m
              [33mclass[39m=[32m"shop-card-mark shop-card-mark--saldırı"[39m
            [36m/>[39m
            [36m<h4>[39m
              [0mKart Sıradan[0m
            [36m</h4>[39m
            [36m<span>[39m
              [0m1[0m
              [0m enerji[0m
            [36m</span>[39m
            [36m<button[39m
              [33maria-label[39m=[32m"Kart Sıradan kartını 50 altın karşılığında sil"[39m
              [33mclass[39m=[32m"button button--remove"[39m
              [33mtype[39m=[32m"button"[39m
            [36m>[39m
              [0mSil · 50[0m
            [36m</button>[39m
          [36m</div>[39m
          [36m<div[39m
            [33mclass[39m=[32m"shop-card-row"[39m
          [36m>[39m
            [36m<span[39m
              [33maria-hidden[39m=[32m"true"[39m
              [33mclass[39m=[32m"shop-card-mark shop-card-mark--savunma"[39m
            [36m/>[39m
            [36m<h4>[39m
              [0mKart Seçkin[0m
            [36m</h4>[39m
            [36m<span>[39m
              [0m2[0m
              [0m enerji[0m
            [36m</span>[39m
            [36m<button[39m
              [33maria-label[39m=[32m"Kart Seçkin kartını 50 altın karşılığında sil"[39m
              [33mclass[39m=[32m"button button--remove"[39m
              [33mtype[39m=[32m"button"[39m
            [36m>[39m
              [0mSil · 50[0m
            [36m</button>[39m
          [36m</div>[39m
          [36m<div[39m
            [33mclass[39m=[32m"shop-card-row"[39m
          [36m>[39m
            [36m<span[39m
              [33maria-hidden[39m=[32m"true"[39m
              [33mclass[39m=[32m"shop-card-mark shop-card-mark--yetenek"[39m
            [36m/>[39m
            [36m<h4>[39m
              [0mKart Nadir[0m
            [36m</h4>[39m
            [36m<span>[39m
              [0m0[0m
              [0m enerji[0m
            [36m</span>[39m
            [36m<button[39m
              [33maria-label[39m=[32m"Kart Nadir kartını 50 altın karşılığında sil"[39m
              [33mclass[39m=[32m"button button--remove"[39m
              [33mtype[39m=[32m"button"[39m
            [36m>[39m
              [0mSil · 50[0m
            [36m</button>[39m
          [36m</div>[39m
          [36m<div[39m
            [33mclass[39m=[32m"shop-card-row"[39m
          [36m>[39m
            [36m<span[39m
              [33maria-hidden[39m=[32m"true"[39m
              [33mclass[39m=[32m"shop-card-mark shop-card-mark--saldırı"[39m
            [36m/>[39m
            [36m<h4>[39m
              [0mKart Efsanevi[0m
            [36m</h4>[39m
            [36m<span>[39m
              [0m3[0m
              [0m enerji[0m
            [36m</span>[39m
            [36m<button[39m
              [33maria-label[39m=[32m"Kart Efsanevi kartını 50 altın karşılığında sil"[39m
              [33mclass[39m=[32m"button button--remove"[39m
              [33mtype[39m=[32m"button"[39m
            [36m>[39m
              [0mSil · 50[0m
            [36m</button>[39m
          [36m</div>[39m
          [36m<div[39m
            [33mclass[39m=[32m"shop-card-row"[39m
          [36m>[39m
            [36m<span[39m
              [33maria-hidden[39m=[32m"true"[39m
              [33mclass[39m=[32m"shop-card-mark shop-card-mark--saldırı"[39m
            [36m/>[39m
            [36m<h4>[39m
              [0mKart Sıradan[0m
            [36m</h4>[39m
            [36m<span>[39m
              [0m1[0m
              [0m enerji[0m
            [36m</span>[39m
            [36m<button[39m
              [33maria-label[39m=[32m"Kart Sıradan kartını 50 altın karşılığında sil"[39m
              [33mclass[39m=[32m"button button--remove"[39m
              [33mtype[39m=[32m"button"[39m
            [36m>[39m
              [0mSil · 50[0m
            [36m</button>[39m
          [36m</div>[39m
        [36m</div>[39m
      [36m</div>[39m
      [36m<div[39m
        [33mclass[39m=[32m"shop-footer"[39m
      [36m>[39m
        [36m<p>[39m
          [0mHazır olduğunda bir sonraki savaşa geç.[0m
        [36m</p>[39m
        [36m<button[39m
          [33mclass[39m=[32m"button button--turn"[39m
          [33mtype[39m=[32m"button"[39m
        [36m>[39m
          [0mSavaşa geç [0m
          [36m<span[39m
            [33maria-hidden[39m=[32m"true"[39m
          [36m>[39m
            [0m→[0m
          [36m</span>[39m
        [36m</button>[39m
      [36m</div>[39m
    [36m</div>[39m
  [36m</div>[39m
[36m</body>[39m
 ❯ Object.getElementError node_modules/@testing-library/dom/dist/config.js:37:19
 ❯ node_modules/@testing-library/dom/dist/query-helpers.js:76:38
 ❯ node_modules/@testing-library/dom/dist/query-helpers.js:52:17
 ❯ node_modules/@testing-library/dom/dist/query-helpers.js:95:19
 ❯ src/components/ShopPanel.test.tsx:113:19
    111|     expect(screen.getByText(/Şifa/i)).toBeInTheDocument();
    112|     expect(screen.getByText(/Canını toparla/i)).toBeInTheDocument();
    113|     expect(screen.getByText(/\\+4 can · 25 altın/i)).toBeInTheDocument…
       |                   ^
    114|     const healButton = screen.getByRole('button', { name: /Satın al/i …
    115|     expect(healButton).toHaveAccessibleName(/Satın al/);

⎯⎯⎯⎯⎯⎯⎯⎯⎯⎯⎯⎯⎯⎯⎯⎯⎯⎯⎯⎯⎯⎯⎯[9/16]⎯

 FAIL  src/components/ShopPanel.test.tsx > ShopPanel > displays upgrade action for each card in deck
TypeError: screen.getAllByClassName is not a function
 ❯ src/components/ShopPanel.test.tsx:142:32
    140|     expect(screen.getByText(/Kart yükselt/i)).toBeInTheDocument();
    141|     // each card should have a row
    142|     const upgradeRows = screen.getAllByClassName(/shop-card-row--upgra…
       |                                ^
    143|     expect(upgradeRows).toHaveLength(5); // 5 cards in deck
    144|     // check first card (common)

⎯⎯⎯⎯⎯⎯⎯⎯⎯⎯⎯⎯⎯⎯⎯⎯⎯⎯⎯⎯⎯⎯[10/16]⎯

 FAIL  src/components/ShopPanel.test.tsx > ShopPanel > upgrade button is enabled when card not upgraded and sufficient gold
TestingLibraryElementError: Unable to find an accessible element with the role "button" and name `/Yükselt/`

Here are the accessible roles:

  paragraph:

  Name "":
  [36m<p[39m
    [33mclass[39m=[32m"eyebrow"[39m
  [36m/>[39m

  Name "":
  [36m<p />[39m

  Name "":
  [36m<p[39m
    [33mclass[39m=[32m"eyebrow"[39m
  [36m/>[39m

  Name "":
  [36m<p />[39m

  Name "":
  [36m<p[39m
    [33mclass[39m=[32m"eyebrow"[39m
  [36m/>[39m

  Name "":
  [36m<p />[39m

  --------------------------------------------------
  heading:

  Name "Canını toparla":
  [36m<h3 />[39m

  Name "Kart yükselt":
  [36m<h3 />[39m

  Name "Kart Sıradan":
  [36m<h4 />[39m

  Name "Kart Seçkin":
  [36m<h4 />[39m

  Name "Kart Nadir":
  [36m<h4 />[39m

  Name "Kart Efsanevi":
  [36m<h4 />[39m

  Name "Kart Sıradan":
  [36m<h4 />[39m

  Name "Desten":
  [36m<h3 />[39m

  Name "Kart Sıradan":
  [36m<h4 />[39m

  Name "Kart Seçkin":
  [36m<h4 />[39m

  Name "Kart Nadir":
  [36m<h4 />[39m

  Name "Kart Efsanevi":
  [36m<h4 />[39m

  Name "Kart Sıradan":
  [36m<h4 />[39m

  --------------------------------------------------
  button:

  Name "Satın al":
  [36m<button[39m
    [33mclass[39m=[32m"button button--shop"[39m
    [33mtype[39m=[32m"button"[39m
  [36m/>[39m

  Name "Kart Sıradan kartını 44 altınla yükselt":
  [36m<button[39m
    [33maria-label[39m=[32m"Kart Sıradan kartını 44 altınla yükselt"[39m
    [33mclass[39m=[32m"button button--upgrade"[39m
    [33mtype[39m=[32m"button"[39m
  [36m/>[39m

  Name "Kart Seçkin kartını 66 altınla yükselt":
  [36m<button[39m
    [33maria-label[39m=[32m"Kart Seçkin kartını 66 altınla yükselt"[39m
    [33mclass[39m=[32m"button button--upgrade"[39m
    [33mtype[39m=[32m"button"[39m
  [36m/>[39m

  Name "Kart Nadir kartını 88 altınla yükselt":
  [36m<button[39m
    [33maria-label[39m=[32m"Kart Nadir kartını 88 altınla yükselt"[39m
    [33mclass[39m=[32m"button button--upgrade"[39m
    [33mtype[39m=[32m"button"[39m
  [36m/>[39m

  Name "Kart Efsanevi kartını 132 altınla yükselt":
  [36m<button[39m
    [33maria-label[39m=[32m"Kart Efsanevi kartını 132 altınla yükselt"[39m
    [33mclass[39m=[32m"button button--upgrade"[39m
    [33mdisabled[39m=[32m""[39m
    [33mtype[39m=[32m"button"[39m
  [36m/>[39m

  Name "Kart Sıradan zaten yükseltilmiş":
  [36m<button[39m
    [33maria-label[39m=[32m"Kart Sıradan zaten yükseltilmiş"[39m
    [33mclass[39m=[32m"button button--upgrade"[39m
    [33mdisabled[39m=[32m""[39m
    [33mtype[39m=[32m"button"[39m
  [36m/>[39m

  Name "Kart Sıradan kartını 50 altın karşılığında sil":
  [36m<button[39m
    [33maria-label[39m=[32m"Kart Sıradan kartını 50 altın karşılığında sil"[39m
    [33mclass[39m=[32m"button button--remove"[39m
    [33mtype[39m=[32m"button"[39m
  [36m/>[39m

  Name "Kart Seçkin kartını 50 altın karşılığında sil":
  [36m<button[39m
    [33maria-label[39m=[32m"Kart Seçkin kartını 50 altın karşılığında sil"[39m
    [33mclass[39m=[32m"button button--remove"[39m
    [33mtype[39m=[32m"button"[39m
  [36m/>[39m

  Name "Kart Nadir kartını 50 altın karşılığında sil":
  [36m<button[39m
    [33maria-label[39m=[32m"Kart Nadir kartını 50 altın karşılığında sil"[39m
    [33mclass[39m=[32m"button button--remove"[39m
    [33mtype[39m=[32m"button"[39m
  [36m/>[39m

  Name "Kart Efsanevi kartını 50 altın karşılığında sil":
  [36m<button[39m
    [33maria-label[39m=[32m"Kart Efsanevi kartını 50 altın karşılığında sil"[39m
    [33mclass[39m=[32m"button button--remove"[39m
    [33mtype[39m=[32m"button"[39m
  [36m/>[39m

  Name "Kart Sıradan kartını 50 altın karşılığında sil":
  [36m<button[39m
    [33maria-label[39m=[32m"Kart Sıradan kartını 50 altın karşılığında sil"[39m
    [33mclass[39m=[32m"button button--remove"[39m
    [33mtype[39m=[32m"button"[39m
  [36m/>[39m

  Name "Savaşa geç":
  [36m<button[39m
    [33mclass[39m=[32m"button button--turn"[39m
    [33mtype[39m=[32m"button"[39m
  [36m/>[39m

  --------------------------------------------------

Ignored nodes: comments, script, style
[36m<body>[39m
  [36m<div>[39m
    [36m<div[39m
      [33mclass[39m=[32m"shop-layout"[39m
    [36m>[39m
      [36m<div[39m
        [33mclass[39m=[32m"shop-action shop-action--heal"[39m
      [36m>[39m
        [36m<span[39m
          [33maria-hidden[39m=[32m"true"[39m
          [33mclass[39m=[32m"shop-action__icon"[39m
        [36m>[39m
          [0m✚[0m
        [36m</span>[39m
        [36m<div>[39m
          [36m<p[39m
            [33mclass[39m=[32m"eyebrow"[39m
          [36m>[39m
            [0mŞifa[0m
          [36m</p>[39m
          [36m<h3>[39m
            [0mCanını toparla[0m
          [36m</h3>[39m
          [36m<p>[39m
            [0m+4 can · 25 altın[0m
          [36m</p>[39m
        [36m</div>[39m
        [36m<button[39m
          [33mclass[39m=[32m"button button--shop"[39m
          [33mtype[39m=[32m"button"[39m
        [36m>[39m
          [0mSatın al[0m
        [36m</button>[39m
      [36m</div>[39m
      [36m<div[39m
        [33mclass[39m=[32m"shop-action shop-action--upgrade"[39m
      [36m>[39m
        [36m<span[39m
          [33maria-hidden[39m=[32m"true"[39m
          [33mclass[39m=[32m"shop-action__icon"[39m
        [36m>[39m
          [0m↑[0m
        [36m</span>[39m
        [36m<div>[39m
          [36m<p[39m
            [33mclass[39m=[32m"eyebrow"[39m
          [36m>[39m
            [0mDemirci masası[0m
          [36m</p>[39m
          [36m<h3>[39m
            [0mKart yükselt[0m
          [36m</h3>[39m
          [36m<p>[39m
            [0mBir kartın etkisini güçlendir.[0m
          [36m</p>[39m
        [36m</div>[39m
        [36m<div[39m
          [33maria-label[39m=[32m"Yükseltilebilir kartlar"[39m
          [33mclass[39m=[32m"shop-upgrade-list"[39m
        [36m>[39m
          [36m<div[39m
            [33mclass[39m=[32m"shop-card-row shop-card-row--upgrade"[39m
          [36m>[39m
            [36m<span[39m
              [33maria-hidden[39m=[32m"true"[39m
              [33mclass[39m=[32m"shop-card-mark shop-card-mark--saldırı"[39m
            [36m/>[39m
            [36m<h4>[39m
              [0mKart Sıradan[0m
            [36m</h4>[39m
            [36m<span>[39m
              [0m44 altın[0m
            [36m</span>[39m
            [36m<button[39m
              [33maria-label[39m=[32m"Kart Sıradan kartını 44 altınla yükselt"[39m
              [33mclass[39m=[32m"button button--upgrade"[39m
              [33mtype[39m=[32m"button"[39m
            [36m>[39m
              [0mYükselt[0m
            [36m</button>[39m
          [36m</div>[39m
          [36m<div[39m
            [33mclass[39m=[32m"shop-card-row shop-card-row--upgrade"[39m
          [36m>[39m
            [36m<span[39m
              [33maria-hidden[39m=[32m"true"[39m
              [33mclass[39m=[32m"shop-card-mark shop-card-mark--savunma"[39m
            [36m/>[39m
            [36m<h4>[39m
              [0mKart Seçkin[0m
            [36m</h4>[39m
            [36m<span>[39m
              [0m66 altın[0m
            [36m</span>[39m
            [36m<button[39m
              [33maria-label[39m=[32m"Kart Seçkin kartını 66 altınla yükselt"[39m
              [33mclass[39m=[32m"button button--upgrade"[39m
              [33mtype[39m=[32m"button"[39m
            [36m>[39m
              [0mYükselt[0m
            [36m</button>[39m
          [36m</div>[39m
          [36m<div[39m
            [33mclass[39m=[32m"shop-card-row shop-card-row--upgrade"[39m
          [36m>[39m
            [36m<span[39m
              [33maria-hidden[39m=[32m"true"[39m
              [33mclass[39m=[32m"shop-card-mark shop-card-mark--yetenek"[39m
            [36m/>[39m
            [36m<h4>[39m
              [0mKart Nadir[0m
            [36m</h4>[39m
            [36m<span>[39m
              [0m88 altın[0m
            [36m</span>[39m
            [36m<button[39m
              [33maria-label[39m=[32m"Kart Nadir kartını 88 altınla yükselt"[39m
              [33mclass[39m=[32m"button button--upgrade"[39m
              [33mtype[39m=[32m"button"[39m
            [36m>[39m
              [0mYükselt[0m
            [36m</button>[39m
          [36m</div>[39m
          [36m<div[39m
            [33mclass[39m=[32m"shop-card-row shop-card-row--upgrade"[39m
          [36m>[39m
            [36m<span[39m
              [33maria-hidden[39m=[32m"true"[39m
              [33mclass[39m=[32m"shop-card-mark shop-card-mark--saldırı"[39m
            [36m/>[39m
            [36m<h4>[39m
              [0mKart Efsanevi[0m
            [36m</h4>[39m
            [36m<span>[39m
              [0m132 altın[0m
            [36m</span>[39m
            [36m<button[39m
              [33maria-label[39m=[32m"Kart Efsanevi kartını 132 altınla yükselt"[39m
              [33mclass[39m=[32m"button button--upgrade"[39m
              [33mdisabled[39m=[32m""[39m
              [33mtype[39m=[32m"button"[39m
            [36m>[39m
              [0mYetersiz altın[0m
            [36m</button>[39m
          [36m</div>[39m
          [36m<div[39m
            [33mclass[39m=[32m"shop-card-row shop-card-row--upgrade"[39m
          [36m>[39m
            [36m<span[39m
              [33maria-hidden[39m=[32m"true"[39m
              [33mclass[39m=[32m"shop-card-mark shop-card-mark--saldırı"[39m
            [36m/>[39m
            [36m<h4>[39m
              [0mKart Sıradan[0m
            [36m</h4>[39m
            [36m<span>[39m
              [0mGüçlendirildi[0m
            [36m</span>[39m
            [36m<button[39m
              [33maria-label[39m=[32m"Kart Sıradan zaten yükseltilmiş"[39m
              [33mclass[39m=[32m"button button--upgrade"[39m
              [33mdisabled[39m=[32m""[39m
              [33mtype[39m=[32m"button"[39m
            [36m>[39m
              [0mYükseltildi[0m
            [36m</button>[39m
          [36m</div>[39m
        [36m</div>[39m
      [36m</div>[39m
      [36m<div[39m
        [33mclass[39m=[32m"shop-deck"[39m
      [36m>[39m
        [36m<div[39m
          [33mclass[39m=[32m"shop-subheading"[39m
        [36m>[39m
          [36m<div>[39m
            [36m<p[39m
              [33mclass[39m=[32m"eyebrow"[39m
            [36m>[39m
              [0mDeste yönetimi[0m
            [36m</p>[39m
            [36m<h3>[39m
              [0mDesten[0m
            [36m</h3>[39m
          [36m</div>[39m
          [36m<span>[39m
            [0m5[0m
            [0m kart[0m
          [36m</span>[39m
        [36m</div>[39m
        [36m<div[39m
          [33mclass[39m=[32m"shop-card-list"[39m
        [36m>[39m
          [36m<div[39m
            [33mclass[39m=[32m"shop-card-row"[39m
          [36m>[39m
            [36m<span[39m
              [33maria-hidden[39m=[32m"true"[39m
              [33mclass[39m=[32m"shop-card-mark shop-card-mark--saldırı"[39m
            [36m/>[39m
            [36m<h4>[39m
              [0mKart Sıradan[0m
            [36m</h4>[39m
            [36m<span>[39m
              [0m1[0m
              [0m enerji[0m
            [36m</span>[39m
            [36m<button[39m
              [33maria-label[39m=[32m"Kart Sıradan kartını 50 altın karşılığında sil"[39m
              [33mclass[39m=[32m"button button--remove"[39m
              [33mtype[39m=[32m"button"[39m
            [36m>[39m
              [0mSil · 50[0m
            [36m</button>[39m
          [36m</div>[39m
          [36m<div[39m
            [33mclass[39m=[32m"shop-card-row"[39m
          [36m>[39m
            [36m<span[39m
              [33maria-hidden[39m=[32m"true"[39m
              [33mclass[39m=[32m"shop-card-mark shop-card-mark--savunma"[39m
            [36m/>[39m
            [36m<h4>[39m
              [0mKart Seçkin[0m
            [36m</h4>[39m
            [36m<span>[39m
              [0m2[0m
              [0m enerji[0m
            [36m</span>[39m
            [36m<button[39m
              [33maria-label[39m=[32m"Kart Seçkin kartını 50 altın karşılığında sil"[39m
              [33mclass[39m=[32m"button button--remove"[39m
              [33mtype[39m=[32m"button"[39m
            [36m>[39m
              [0mSil · 50[0m
            [36m</button>[39m
          [36m</div>[39m
          [36m<div[39m
            [33mclass[39m=[32m"shop-card-row"[39m
          [36m>[39m
            [36m<span[39m
              [33maria-hidden[39m=[32m"true"[39m
              [33mclass[39m=[32m"shop-card-mark shop-card-mark--yetenek"[39m
            [36m/>[39m
            [36m<h4>[39m
              [0mKart Nadir[0m
            [36m</h4>[39m
            [36m<span>[39m
              [0m0[0m
              [0m enerji[0m
            [36m</span>[39m
            [36m<button[39m
              [33maria-label[39m=[32m"Kart Nadir kartını 50 altın karşılığında sil"[39m
              [33mclass[39m=[32m"button button--remove"[39m
              [33mtype[39m=[32m"button"[39m
            [36m>[39m
              [0mSil · 50[0m
            [36m</button>[39m
          [36m</div>[39m
          [36m<div[39m
            [33mclass[39m=[32m"shop-card-row"[39m
          [36m>[39m
            [36m<span[39m
              [33maria-hidden[39m=[32m"true"[39m
              [33mclass[39m=[32m"shop-card-mark shop-card-mark--saldırı"[39m
            [36m/>[39m
            [36m<h4>[39m
              [0mKart Efsanevi[0m
            [36m</h4>[39m
            [36m<span>[39m
              [0m3[0m
              [0m enerji[0m
            [36m</span>[39m
            [36m<button[39m
              [33maria-label[39m=[32m"Kart Efsanevi kartını 50 altın karşılığında sil"[39m
              [33mclass[39m=[32m"button button--remove"[39m
              [33mtype[39m=[32m"button"[39m
            [36m>[39m
              [0mSil · 50[0m
            [36m</button>[39m
          [36m</div>[39m
          [36m<div[39m
            [33mclass[39m=[32m"shop-card-row"[39m
          [36m>[39m
            [36m<span[39m
              [33maria-hidden[39m=[32m"true"[39m
              [33mclass[39m=[32m"shop-card-mark shop-card-mark--saldırı"[39m
            [36m/>[39m
            [36m<h4>[39m
              [0mKart Sıradan[0m
            [36m</h4>[39m
            [36m<span>[39m
              [0m1[0m
              [0m enerji[0m
            [36m</span>[39m
            [36m<button[39m
              [33maria-label[39m=[32m"Kart Sıradan kartını 50 altın karşılığında sil"[39m
              [33mclass[39m=[32m"button button--remove"[39m
              [33mtype[39m=[32m"button"[39m
            [36m>[39m
              [0mSil · 50[0m
            [36m</button>[39m
          [36m</div>[39m
        [36m</div>[39m
      [36m</div>[39m
      [36m<div[39m
        [33mclass[39m=[32m"shop-footer"[39m
      [36m>[39m
        [36m<p>[39m
          [0mHazır olduğunda bir sonraki savaşa geç.[0m
        [36m</p>[39m
        [36m<button[39m
          [33mclass[39m=[32m"button button--turn"[39m
          [33mtype[39m=[32m"button"[39m
        [36m>[39m
          [0mSavaşa geç [0m
          [36m<span[39m
            [33maria-hidden[39m=[32m"true"[39m
          [36m>[39m
            [0m→[0m
          [36m</span>[39m
        [36m</button>[39m
      [36m</div>[39m
    [36m</div>[39m
  [36m</div>[39m
[36m</body>[39m
 ❯ Object.getElementError node_modules/@testing-library/dom/dist/config.js:37:19
 ❯ node_modules/@testing-library/dom/dist/query-helpers.js:76:38
 ❯ node_modules/@testing-library/dom/dist/query-helpers.js:109:15
 ❯ src/components/ShopPanel.test.tsx:156:40
    154|     render(<ShopPanel />);
    155|     // common card: baseCost 40, victoryCount=1 -> 44, gold=100 >= 44 …
    156|     const commonUpgradeButton = screen.getAllByRole('button', { name: …
       |                                        ^
    157|     expect(commonUpgradeButton).not.toBeDisabled();
    158|     await userEvent.click(commonUpgradeButton);

⎯⎯⎯⎯⎯⎯⎯⎯⎯⎯⎯⎯⎯⎯⎯⎯⎯⎯⎯⎯⎯⎯[11/16]⎯

 FAIL  src/components/ShopPanel.test.tsx > ShopPanel > displays remove action for each card in deck
TestingLibraryElementError: Unable to find an element with the text: /Desten yönetimi/i. This could be because the text is broken up by multiple elements. In this case, you can provide a function for your text matcher to make your matcher more flexible.

Ignored nodes: comments, script, style
[36m<body>[39m
  [36m<div>[39m
    [36m<div[39m
      [33mclass[39m=[32m"shop-layout"[39m
    [36m>[39m
      [36m<div[39m
        [33mclass[39m=[32m"shop-action shop-action--heal"[39m
      [36m>[39m
        [36m<span[39m
          [33maria-hidden[39m=[32m"true"[39m
          [33mclass[39m=[32m"shop-action__icon"[39m
        [36m>[39m
          [0m✚[0m
        [36m</span>[39m
        [36m<div>[39m
          [36m<p[39m
            [33mclass[39m=[32m"eyebrow"[39m
          [36m>[39m
            [0mŞifa[0m
          [36m</p>[39m
          [36m<h3>[39m
            [0mCanını toparla[0m
          [36m</h3>[39m
          [36m<p>[39m
            [0m+4 can · 25 altın[0m
          [36m</p>[39m
        [36m</div>[39m
        [36m<button[39m
          [33mclass[39m=[32m"button button--shop"[39m
          [33mtype[39m=[32m"button"[39m
        [36m>[39m
          [0mSatın al[0m
        [36m</button>[39m
      [36m</div>[39m
      [36m<div[39m
        [33mclass[39m=[32m"shop-action shop-action--upgrade"[39m
      [36m>[39m
        [36m<span[39m
          [33maria-hidden[39m=[32m"true"[39m
          [33mclass[39m=[32m"shop-action__icon"[39m
        [36m>[39m
          [0m↑[0m
        [36m</span>[39m
        [36m<div>[39m
          [36m<p[39m
            [33mclass[39m=[32m"eyebrow"[39m
          [36m>[39m
            [0mDemirci masası[0m
          [36m</p>[39m
          [36m<h3>[39m
            [0mKart yükselt[0m
          [36m</h3>[39m
          [36m<p>[39m
            [0mBir kartın etkisini güçlendir.[0m
          [36m</p>[39m
        [36m</div>[39m
        [36m<div[39m
          [33maria-label[39m=[32m"Yükseltilebilir kartlar"[39m
          [33mclass[39m=[32m"shop-upgrade-list"[39m
        [36m>[39m
          [36m<div[39m
            [33mclass[39m=[32m"shop-card-row shop-card-row--upgrade"[39m
          [36m>[39m
            [36m<span[39m
              [33maria-hidden[39m=[32m"true"[39m
              [33mclass[39m=[32m"shop-card-mark shop-card-mark--saldırı"[39m
            [36m/>[39m
            [36m<h4>[39m
              [0mKart Sıradan[0m
            [36m</h4>[39m
            [36m<span>[39m
              [0m44 altın[0m
            [36m</span>[39m
            [36m<button[39m
              [33maria-label[39m=[32m"Kart Sıradan kartını 44 altınla yükselt"[39m
              [33mclass[39m=[32m"button button--upgrade"[39m
              [33mtype[39m=[32m"button"[39m
            [36m>[39m
              [0mYükselt[0m
            [36m</button>[39m
          [36m</div>[39m
          [36m<div[39m
            [33mclass[39m=[32m"shop-card-row shop-card-row--upgrade"[39m
          [36m>[39m
            [36m<span[39m
              [33maria-hidden[39m=[32m"true"[39m
              [33mclass[39m=[32m"shop-card-mark shop-card-mark--savunma"[39m
            [36m/>[39m
            [36m<h4>[39m
              [0mKart Seçkin[0m
            [36m</h4>[39m
            [36m<span>[39m
              [0m66 altın[0m
            [36m</span>[39m
            [36m<button[39m
              [33maria-label[39m=[32m"Kart Seçkin kartını 66 altınla yükselt"[39m
              [33mclass[39m=[32m"button button--upgrade"[39m
              [33mtype[39m=[32m"button"[39m
            [36m>[39m
              [0mYükselt[0m
            [36m</button>[39m
          [36m</div>[39m
          [36m<div[39m
            [33mclass[39m=[32m"shop-card-row shop-card-row--upgrade"[39m
          [36m>[39m
            [36m<span[39m
              [33maria-hidden[39m=[32m"true"[39m
              [33mclass[39m=[32m"shop-card-mark shop-card-mark--yetenek"[39m
            [36m/>[39m
            [36m<h4>[39m
              [0mKart Nadir[0m
            [36m</h4>[39m
            [36m<span>[39m
              [0m88 altın[0m
            [36m</span>[39m
            [36m<button[39m
              [33maria-label[39m=[32m"Kart Nadir kartını 88 altınla yükselt"[39m
              [33mclass[39m=[32m"button button--upgrade"[39m
              [33mtype[39m=[32m"button"[39m
            [36m>[39m
              [0mYükselt[0m
            [36m</button>[39m
          [36m</div>[39m
          [36m<div[39m
            [33mclass[39m=[32m"shop-card-row shop-card-row--upgrade"[39m
          [36m>[39m
            [36m<span[39m
              [33maria-hidden[39m=[32m"true"[39m
              [33mclass[39m=[32m"shop-card-mark shop-card-mark--saldırı"[39m
            [36m/>[39m
            [36m<h4>[39m
              [0mKart Efsanevi[0m
            [36m</h4>[39m
            [36m<span>[39m
              [0m132 altın[0m
            [36m</span>[39m
            [36m<button[39m
              [33maria-label[39m=[32m"Kart Efsanevi kartını 132 altınla yükselt"[39m
              [33mclass[39m=[32m"button button--upgrade"[39m
              [33mdisabled[39m=[32m""[39m
              [33mtype[39m=[32m"button"[39m
            [36m>[39m
              [0mYetersiz altın[0m
            [36m</button>[39m
          [36m</div>[39m
          [36m<div[39m
            [33mclass[39m=[32m"shop-card-row shop-card-row--upgrade"[39m
          [36m>[39m
            [36m<span[39m
              [33maria-hidden[39m=[32m"true"[39m
              [33mclass[39m=[32m"shop-card-mark shop-card-mark--saldırı"[39m
            [36m/>[39m
            [36m<h4>[39m
              [0mKart Sıradan[0m
            [36m</h4>[39m
            [36m<span>[39m
              [0mGüçlendirildi[0m
            [36m</span>[39m
            [36m<button[39m
              [33maria-label[39m=[32m"Kart Sıradan zaten yükseltilmiş"[39m
              [33mclass[39m=[32m"button button--upgrade"[39m
              [33mdisabled[39m=[32m""[39m
              [33mtype[39m=[32m"button"[39m
            [36m>[39m
              [0mYükseltildi[0m
            [36m</button>[39m
          [36m</div>[39m
        [36m</div>[39m
      [36m</div>[39m
      [36m<div[39m
        [33mclass[39m=[32m"shop-deck"[39m
      [36m>[39m
        [36m<div[39m
          [33mclass[39m=[32m"shop-subheading"[39m
        [36m>[39m
          [36m<div>[39m
            [36m<p[39m
              [33mclass[39m=[32m"eyebrow"[39m
            [36m>[39m
              [0mDeste yönetimi[0m
            [36m</p>[39m
            [36m<h3>[39m
              [0mDesten[0m
            [36m</h3>[39m
          [36m</div>[39m
          [36m<span>[39m
            [0m5[0m
            [0m kart[0m
          [36m</span>[39m
        [36m</div>[39m
        [36m<div[39m
          [33mclass[39m=[32m"shop-card-list"[39m
        [36m>[39m
          [36m<div[39m
            [33mclass[39m=[32m"shop-card-row"[39m
          [36m>[39m
            [36m<span[39m
              [33maria-hidden[39m=[32m"true"[39m
              [33mclass[39m=[32m"shop-card-mark shop-card-mark--saldırı"[39m
            [36m/>[39m
            [36m<h4>[39m
              [0mKart Sıradan[0m
            [36m</h4>[39m
            [36m<span>[39m
              [0m1[0m
              [0m enerji[0m
            [36m</span>[39m
            [36m<button[39m
              [33maria-label[39m=[32m"Kart Sıradan kartını 50 altın karşılığında sil"[39m
              [33mclass[39m=[32m"button button--remove"[39m
              [33mtype[39m=[32m"button"[39m
            [36m>[39m
              [0mSil · 50[0m
            [36m</button>[39m
          [36m</div>[39m
          [36m<div[39m
            [33mclass[39m=[32m"shop-card-row"[39m
          [36m>[39m
            [36m<span[39m
              [33maria-hidden[39m=[32m"true"[39m
              [33mclass[39m=[32m"shop-card-mark shop-card-mark--savunma"[39m
            [36m/>[39m
            [36m<h4>[39m
              [0mKart Seçkin[0m
            [36m</h4>[39m
            [36m<span>[39m
              [0m2[0m
              [0m enerji[0m
            [36m</span>[39m
            [36m<button[39m
              [33maria-label[39m=[32m"Kart Seçkin kartını 50 altın karşılığında sil"[39m
              [33mclass[39m=[32m"button button--remove"[39m
              [33mtype[39m=[32m"button"[39m
            [36m>[39m
              [0mSil · 50[0m
            [36m</button>[39m
          [36m</div>[39m
          [36m<div[39m
            [33mclass[39m=[32m"shop-card-row"[39m
          [36m>[39m
            [36m<span[39m
              [33maria-hidden[39m=[32m"true"[39m
              [33mclass[39m=[32m"shop-card-mark shop-card-mark--yetenek"[39m
            [36m/>[39m
            [36m<h4>[39m
              [0mKart Nadir[0m
            [36m</h4>[39m
            [36m<span>[39m
              [0m0[0m
              [0m enerji[0m
            [36m</span>[39m
            [36m<button[39m
              [33maria-label[39m=[32m"Kart Nadir kartını 50 altın karşılığında sil"[39m
              [33mclass[39m=[32m"button button--remove"[39m
              [33mtype[39m=[32m"button"[39m
            [36m>[39m
              [0mSil · 50[0m
            [36m</button>[39m
          [36m</div>[39m
          [36m<div[39m
            [33mclass[39m=[32m"shop-card-row"[39m
          [36m>[39m
            [36m<span[39m
              [33maria-hidden[39m=[32m"true"[39m
              [33mclass[39m=[32m"shop-card-mark shop-card-mark--saldırı"[39m
            [36m/>[39m
            [36m<h4>[39m
              [0mKart Efsanevi[0m
            [36m</h4>[39m
            [36m<span>[39m
              [0m3[0m
              [0m enerji[0m
            [36m</span>[39m
            [36m<button[39m
              [33maria-label[39m=[32m"Kart Efsanevi kartını 50 altın karşılığında sil"[39m
              [33mclass[39m=[32m"button button--remove"[39m
              [33mtype[39m=[32m"button"[39m
            [36m>[39m
              [0mSil · 50[0m
            [36m</button>[39m
          [36m</div>[39m
          [36m<div[39m
            [33mclass[39m=[32m"shop-card-row"[39m
          [36m>[39m
            [36m<span[39m
              [33maria-hidden[39m=[32m"true"[39m
              [33mclass[39m=[32m"shop-card-mark shop-card-mark--saldırı"[39m
            [36m/>[39m
            [36m<h4>[39m
              [0mKart Sıradan[0m
            [36m</h4>[39m
            [36m<span>[39m
              [0m1[0m
              [0m enerji[0m
            [36m</span>[39m
            [36m<button[39m
              [33maria-label[39m=[32m"Kart Sıradan kartını 50 altın karşılığında sil"[39m
              [33mclass[39m=[32m"button button--remove"[39m
              [33mtype[39m=[32m"button"[39m
            [36m>[39m
              [0mSil · 50[0m
            [36m</button>[39m
          [36m</div>[39m
        [36m</div>[39m
      [36m</div>[39m
      [36m<div[39m
        [33mclass[39m=[32m"shop-footer"[39m
      [36m>[39m
        [36m<p>[39m
          [0mHazır olduğunda bir sonraki savaşa geç.[0m
        [36m</p>[39m
        [36m<button[39m
          [33mclass[39m=[32m"button button--turn"[39m
          [33mtype[39m=[32m"button"[39m
        [36m>[39m
          [0mSavaşa geç [0m
          [36m<span[39m
            [33maria-hidden[39m=[32m"true"[39m
          [36m>[39m
            [0m→[0m
          [36m</span>[39m
        [36m</button>[39m
      [36m</div>[39m
    [36m</div>[39m
  [36m</div>[39m
[36m</body>[39m
 ❯ Object.getElementError node_modules/@testing-library/dom/dist/config.js:37:19
 ❯ node_modules/@testing-library/dom/dist/query-helpers.js:76:38
 ❯ node_modules/@testing-library/dom/dist/query-helpers.js:52:17
 ❯ node_modules/@testing-library/dom/dist/query-helpers.js:95:19
 ❯ src/components/ShopPanel.test.tsx:202:19
    200|   it('displays remove action for each card in deck', () => {
    201|     render(<ShopPanel />);
    202|     expect(screen.getByText(/Desten yönetimi/i)).toBeInTheDocument();
       |                   ^
    203|     expect(screen.getByText(/Desten/i)).toBeInTheDocument();
    204|     expect(screen.getByText(/5 kart/i)).toBeInTheDocument(); // deck l…

⎯⎯⎯⎯⎯⎯⎯⎯⎯⎯⎯⎯⎯⎯⎯⎯⎯⎯⎯⎯⎯⎯[12/16]⎯

 FAIL  src/components/ShopPanel.test.tsx > ShopPanel > remove button is enabled when sufficient gold (>=50)
TestingLibraryElementError: Unable to find an accessible element with the role "button" and name `/Sil · 50/`

Here are the accessible roles:

  paragraph:

  Name "":
  [36m<p[39m
    [33mclass[39m=[32m"eyebrow"[39m
  [36m/>[39m

  Name "":
  [36m<p />[39m

  Name "":
  [36m<p[39m
    [33mclass[39m=[32m"eyebrow"[39m
  [36m/>[39m

  Name "":
  [36m<p />[39m

  Name "":
  [36m<p[39m
    [33mclass[39m=[32m"eyebrow"[39m
  [36m/>[39m

  Name "":
  [36m<p />[39m

  --------------------------------------------------
  heading:

  Name "Canını toparla":
  [36m<h3 />[39m

  Name "Kart yükselt":
  [36m<h3 />[39m

  Name "Kart Sıradan":
  [36m<h4 />[39m

  Name "Kart Seçkin":
  [36m<h4 />[39m

  Name "Kart Nadir":
  [36m<h4 />[39m

  Name "Kart Efsanevi":
  [36m<h4 />[39m

  Name "Kart Sıradan":
  [36m<h4 />[39m

  Name "Desten":
  [36m<h3 />[39m

  Name "Kart Sıradan":
  [36m<h4 />[39m

  Name "Kart Seçkin":
  [36m<h4 />[39m

  Name "Kart Nadir":
  [36m<h4 />[39m

  Name "Kart Efsanevi":
  [36m<h4 />[39m

  Name "Kart Sıradan":
  [36m<h4 />[39m

  --------------------------------------------------
  button:

  Name "Satın al":
  [36m<button[39m
    [33mclass[39m=[32m"button button--shop"[39m
    [33mtype[39m=[32m"button"[39m
  [36m/>[39m

  Name "Kart Sıradan kartını 44 altınla yükselt":
  [36m<button[39m
    [33maria-label[39m=[32m"Kart Sıradan kartını 44 altınla yükselt"[39m
    [33mclass[39m=[32m"button button--upgrade"[39m
    [33mtype[39m=[32m"button"[39m
  [36m/>[39m

  Name "Kart Seçkin kartını 66 altınla yükselt":
  [36m<button[39m
    [33maria-label[39m=[32m"Kart Seçkin kartını 66 altınla yükselt"[39m
    [33mclass[39m=[32m"button button--upgrade"[39m
    [33mtype[39m=[32m"button"[39m
  [36m/>[39m

  Name "Kart Nadir kartını 88 altınla yükselt":
  [36m<button[39m
    [33maria-label[39m=[32m"Kart Nadir kartını 88 altınla yükselt"[39m
    [33mclass[39m=[32m"button button--upgrade"[39m
    [33mtype[39m=[32m"button"[39m
  [36m/>[39m

  Name "Kart Efsanevi kartını 132 altınla yükselt":
  [36m<button[39m
    [33maria-label[39m=[32m"Kart Efsanevi kartını 132 altınla yükselt"[39m
    [33mclass[39m=[32m"button button--upgrade"[39m
    [33mdisabled[39m=[32m""[39m
    [33mtype[39m=[32m"button"[39m
  [36m/>[39m

  Name "Kart Sıradan zaten yükseltilmiş":
  [36m<button[39m
    [33maria-label[39m=[32m"Kart Sıradan zaten yükseltilmiş"[39m
    [33mclass[39m=[32m"button button--upgrade"[39m
    [33mdisabled[39m=[32m""[39m
    [33mtype[39m=[32m"button"[39m
  [36m/>[39m

  Name "Kart Sıradan kartını 50 altın karşılığında sil":
  [36m<button[39m
    [33maria-label[39m=[32m"Kart Sıradan kartını 50 altın karşılığında sil"[39m
    [33mclass[39m=[32m"button button--remove"[39m
    [33mtype[39m=[32m"button"[39m
  [36m/>[39m

  Name "Kart Seçkin kartını 50 altın karşılığında sil":
  [36m<button[39m
    [33maria-label[39m=[32m"Kart Seçkin kartını 50 altın karşılığında sil"[39m
    [33mclass[39m=[32m"button button--remove"[39m
    [33mtype[39m=[32m"button"[39m
  [36m/>[39m

  Name "Kart Nadir kartını 50 altın karşılığında sil":
  [36m<button[39m
    [33maria-label[39m=[32m"Kart Nadir kartını 50 altın karşılığında sil"[39m
    [33mclass[39m=[32m"button button--remove"[39m
    [33mtype[39m=[32m"button"[39m
  [36m/>[39m

  Name "Kart Efsanevi kartını 50 altın karşılığında sil":
  [36m<button[39m
    [33maria-label[39m=[32m"Kart Efsanevi kartını 50 altın karşılığında sil"[39m
    [33mclass[39m=[32m"button button--remove"[39m
    [33mtype[39m=[32m"button"[39m
  [36m/>[39m

  Name "Kart Sıradan kartını 50 altın karşılığında sil":
  [36m<button[39m
    [33maria-label[39m=[32m"Kart Sıradan kartını 50 altın karşılığında sil"[39m
    [33mclass[39m=[32m"button button--remove"[39m
    [33mtype[39m=[32m"button"[39m
  [36m/>[39m

  Name "Savaşa geç":
  [36m<button[39m
    [33mclass[39m=[32m"button button--turn"[39m
    [33mtype[39m=[32m"button"[39m
  [36m/>[39m

  --------------------------------------------------

Ignored nodes: comments, script, style
[36m<body>[39m
  [36m<div>[39m
    [36m<div[39m
      [33mclass[39m=[32m"shop-layout"[39m
    [36m>[39m
      [36m<div[39m
        [33mclass[39m=[32m"shop-action shop-action--heal"[39m
      [36m>[39m
        [36m<span[39m
          [33maria-hidden[39m=[32m"true"[39m
          [33mclass[39m=[32m"shop-action__icon"[39m
        [36m>[39m
          [0m✚[0m
        [36m</span>[39m
        [36m<div>[39m
          [36m<p[39m
            [33mclass[39m=[32m"eyebrow"[39m
          [36m>[39m
            [0mŞifa[0m
          [36m</p>[39m
          [36m<h3>[39m
            [0mCanını toparla[0m
          [36m</h3>[39m
          [36m<p>[39m
            [0m+4 can · 25 altın[0m
          [36m</p>[39m
        [36m</div>[39m
        [36m<button[39m
          [33mclass[39m=[32m"button button--shop"[39m
          [33mtype[39m=[32m"button"[39m
        [36m>[39m
          [0mSatın al[0m
        [36m</button>[39m
      [36m</div>[39m
      [36m<div[39m
        [33mclass[39m=[32m"shop-action shop-action--upgrade"[39m
      [36m>[39m
        [36m<span[39m
          [33maria-hidden[39m=[32m"true"[39m
          [33mclass[39m=[32m"shop-action__icon"[39m
        [36m>[39m
          [0m↑[0m
        [36m</span>[39m
        [36m<div>[39m
          [36m<p[39m
            [33mclass[39m=[32m"eyebrow"[39m
          [36m>[39m
            [0mDemirci masası[0m
          [36m</p>[39m
          [36m<h3>[39m
            [0mKart yükselt[0m
          [36m</h3>[39m
          [36m<p>[39m
            [0mBir kartın etkisini güçlendir.[0m
          [36m</p>[39m
        [36m</div>[39m
        [36m<div[39m
          [33maria-label[39m=[32m"Yükseltilebilir kartlar"[39m
          [33mclass[39m=[32m"shop-upgrade-list"[39m
        [36m>[39m
          [36m<div[39m
            [33mclass[39m=[32m"shop-card-row shop-card-row--upgrade"[39m
          [36m>[39m
            [36m<span[39m
              [33maria-hidden[39m=[32m"true"[39m
              [33mclass[39m=[32m"shop-card-mark shop-card-mark--saldırı"[39m
            [36m/>[39m
            [36m<h4>[39m
              [0mKart Sıradan[0m
            [36m</h4>[39m
            [36m<span>[39m
              [0m44 altın[0m
            [36m</span>[39m
            [36m<button[39m
              [33maria-label[39m=[32m"Kart Sıradan kartını 44 altınla yükselt"[39m
              [33mclass[39m=[32m"button button--upgrade"[39m
              [33mtype[39m=[32m"button"[39m
            [36m>[39m
              [0mYükselt[0m
            [36m</button>[39m
          [36m</div>[39m
          [36m<div[39m
            [33mclass[39m=[32m"shop-card-row shop-card-row--upgrade"[39m
          [36m>[39m
            [36m<span[39m
              [33maria-hidden[39m=[32m"true"[39m
              [33mclass[39m=[32m"shop-card-mark shop-card-mark--savunma"[39m
            [36m/>[39m
            [36m<h4>[39m
              [0mKart Seçkin[0m
            [36m</h4>[39m
            [36m<span>[39m
              [0m66 altın[0m
            [36m</span>[39m
            [36m<button[39m
              [33maria-label[39m=[32m"Kart Seçkin kartını 66 altınla yükselt"[39m
              [33mclass[39m=[32m"button button--upgrade"[39m
              [33mtype[39m=[32m"button"[39m
            [36m>[39m
              [0mYükselt[0m
            [36m</button>[39m
          [36m</div>[39m
          [36m<div[39m
            [33mclass[39m=[32m"shop-card-row shop-card-row--upgrade"[39m
          [36m>[39m
            [36m<span[39m
              [33maria-hidden[39m=[32m"true"[39m
              [33mclass[39m=[32m"shop-card-mark shop-card-mark--yetenek"[39m
            [36m/>[39m
            [36m<h4>[39m
              [0mKart Nadir[0m
            [36m</h4>[39m
            [36m<span>[39m
              [0m88 altın[0m
            [36m</span>[39m
            [36m<button[39m
              [33maria-label[39m=[32m"Kart Nadir kartını 88 altınla yükselt"[39m
              [33mclass[39m=[32m"button button--upgrade"[39m
              [33mtype[39m=[32m"button"[39m
            [36m>[39m
              [0mYükselt[0m
            [36m</button>[39m
          [36m</div>[39m
          [36m<div[39m
            [33mclass[39m=[32m"shop-card-row shop-card-row--upgrade"[39m
          [36m>[39m
            [36m<span[39m
              [33maria-hidden[39m=[32m"true"[39m
              [33mclass[39m=[32m"shop-card-mark shop-card-mark--saldırı"[39m
            [36m/>[39m
            [36m<h4>[39m
              [0mKart Efsanevi[0m
            [36m</h4>[39m
            [36m<span>[39m
              [0m132 altın[0m
            [36m</span>[39m
            [36m<button[39m
              [33maria-label[39m=[32m"Kart Efsanevi kartını 132 altınla yükselt"[39m
              [33mclass[39m=[32m"button button--upgrade"[39m
              [33mdisabled[39m=[32m""[39m
              [33mtype[39m=[32m"button"[39m
            [36m>[39m
              [0mYetersiz altın[0m
            [36m</button>[39m
          [36m</div>[39m
          [36m<div[39m
            [33mclass[39m=[32m"shop-card-row shop-card-row--upgrade"[39m
          [36m>[39m
            [36m<span[39m
              [33maria-hidden[39m=[32m"true"[39m
              [33mclass[39m=[32m"shop-card-mark shop-card-mark--saldırı"[39m
            [36m/>[39m
            [36m<h4>[39m
              [0mKart Sıradan[0m
            [36m</h4>[39m
            [36m<span>[39m
              [0mGüçlendirildi[0m
            [36m</span>[39m
            [36m<button[39m
              [33maria-label[39m=[32m"Kart Sıradan zaten yükseltilmiş"[39m
              [33mclass[39m=[32m"button button--upgrade"[39m
              [33mdisabled[39m=[32m""[39m
              [33mtype[39m=[32m"button"[39m
            [36m>[39m
              [0mYükseltildi[0m
            [36m</button>[39m
          [36m</div>[39m
        [36m</div>[39m
      [36m</div>[39m
      [36m<div[39m
        [33mclass[39m=[32m"shop-deck"[39m
      [36m>[39m
        [36m<div[39m
          [33mclass[39m=[32m"shop-subheading"[39m
        [36m>[39m
          [36m<div>[39m
            [36m<p[39m
              [33mclass[39m=[32m"eyebrow"[39m
            [36m>[39m
              [0mDeste yönetimi[0m
            [36m</p>[39m
            [36m<h3>[39m
              [0mDesten[0m
            [36m</h3>[39m
          [36m</div>[39m
          [36m<span>[39m
            [0m5[0m
            [0m kart[0m
          [36m</span>[39m
        [36m</div>[39m
        [36m<div[39m
          [33mclass[39m=[32m"shop-card-list"[39m
        [36m>[39m
          [36m<div[39m
            [33mclass[39m=[32m"shop-card-row"[39m
          [36m>[39m
            [36m<span[39m
              [33maria-hidden[39m=[32m"true"[39m
              [33mclass[39m=[32m"shop-card-mark shop-card-mark--saldırı"[39m
            [36m/>[39m
            [36m<h4>[39m
              [0mKart Sıradan[0m
            [36m</h4>[39m
            [36m<span>[39m
              [0m1[0m
              [0m enerji[0m
            [36m</span>[39m
            [36m<button[39m
              [33maria-label[39m=[32m"Kart Sıradan kartını 50 altın karşılığında sil"[39m
              [33mclass[39m=[32m"button button--remove"[39m
              [33mtype[39m=[32m"button"[39m
            [36m>[39m
              [0mSil · 50[0m
            [36m</button>[39m
          [36m</div>[39m
          [36m<div[39m
            [33mclass[39m=[32m"shop-card-row"[39m
          [36m>[39m
            [36m<span[39m
              [33maria-hidden[39m=[32m"true"[39m
              [33mclass[39m=[32m"shop-card-mark shop-card-mark--savunma"[39m
            [36m/>[39m
            [36m<h4>[39m
              [0mKart Seçkin[0m
            [36m</h4>[39m
            [36m<span>[39m
              [0m2[0m
              [0m enerji[0m
            [36m</span>[39m
            [36m<button[39m
              [33maria-label[39m=[32m"Kart Seçkin kartını 50 altın karşılığında sil"[39m
              [33mclass[39m=[32m"button button--remove"[39m
              [33mtype[39m=[32m"button"[39m
            [36m>[39m
              [0mSil · 50[0m
            [36m</button>[39m
          [36m</div>[39m
          [36m<div[39m
            [33mclass[39m=[32m"shop-card-row"[39m
          [36m>[39m
            [36m<span[39m
              [33maria-hidden[39m=[32m"true"[39m
              [33mclass[39m=[32m"shop-card-mark shop-card-mark--yetenek"[39m
            [36m/>[39m
            [36m<h4>[39m
              [0mKart Nadir[0m
            [36m</h4>[39m
            [36m<span>[39m
              [0m0[0m
              [0m enerji[0m
            [36m</span>[39m
            [36m<button[39m
              [33maria-label[39m=[32m"Kart Nadir kartını 50 altın karşılığında sil"[39m
              [33mclass[39m=[32m"button button--remove"[39m
              [33mtype[39m=[32m"button"[39m
            [36m>[39m
              [0mSil · 50[0m
            [36m</button>[39m
          [36m</div>[39m
          [36m<div[39m
            [33mclass[39m=[32m"shop-card-row"[39m
          [36m>[39m
            [36m<span[39m
              [33maria-hidden[39m=[32m"true"[39m
              [33mclass[39m=[32m"shop-card-mark shop-card-mark--saldırı"[39m
            [36m/>[39m
            [36m<h4>[39m
              [0mKart Efsanevi[0m
            [36m</h4>[39m
            [36m<span>[39m
              [0m3[0m
              [0m enerji[0m
            [36m</span>[39m
            [36m<button[39m
              [33maria-label[39m=[32m"Kart Efsanevi kartını 50 altın karşılığında sil"[39m
              [33mclass[39m=[32m"button button--remove"[39m
              [33mtype[39m=[32m"button"[39m
            [36m>[39m
              [0mSil · 50[0m
            [36m</button>[39m
          [36m</div>[39m
          [36m<div[39m
            [33mclass[39m=[32m"shop-card-row"[39m
          [36m>[39m
            [36m<span[39m
              [33maria-hidden[39m=[32m"true"[39m
              [33mclass[39m=[32m"shop-card-mark shop-card-mark--saldırı"[39m
            [36m/>[39m
            [36m<h4>[39m
              [0mKart Sıradan[0m
            [36m</h4>[39m
            [36m<span>[39m
              [0m1[0m
              [0m enerji[0m
            [36m</span>[39m
            [36m<button[39m
              [33maria-label[39m=[32m"Kart Sıradan kartını 50 altın karşılığında sil"[39m
              [33mclass[39m=[32m"button button--remove"[39m
              [33mtype[39m=[32m"button"[39m
            [36m>[39m
              [0mSil · 50[0m
            [36m</button>[39m
          [36m</div>[39m
        [36m</div>[39m
      [36m</div>[39m
      [36m<div[39m
        [33mclass[39m=[32m"shop-footer"[39m
      [36m>[39m
        [36m<p>[39m
          [0mHazır olduğunda bir sonraki savaşa geç.[0m
        [36m</p>[39m
        [36m<button[39m
          [33mclass[39m=[32m"button button--turn"[39m
          [33mtype[39m=[32m"button"[39m
        [36m>[39m
          [0mSavaşa geç [0m
          [36m<span[39m
            [33maria-hidden[39m=[32m"true"[39m
          [36m>[39m
            [0m→[0m
          [36m</span>[39m
        [36m</button>[39m
      [36m</div>[39m
    [36m</div>[39m
  [36m</div>[39m
[36m</body>[39m
 ❯ Object.getElementError node_modules/@testing-library/dom/dist/config.js:37:19
 ❯ node_modules/@testing-library/dom/dist/query-helpers.js:76:38
 ❯ node_modules/@testing-library/dom/dist/query-helpers.js:109:15
 ❯ src/components/ShopPanel.test.tsx:215:33
    213|     const removeCardSpy = vi.spyOn(useGameStore.getState(), 'removeCar…
    214|     render(<ShopPanel />);
    215|     const removeButton = screen.getAllByRole('button', { name: /Sil · …
       |                                 ^
    216|     expect(removeButton).not.toBeDisabled();
    217|     await userEvent.click(removeButton);

⎯⎯⎯⎯⎯⎯⎯⎯⎯⎯⎯⎯⎯⎯⎯⎯⎯⎯⎯⎯⎯⎯[13/16]⎯

 FAIL  src/components/ShopPanel.test.tsx > ShopPanel > remove button is disabled when insufficient gold (<50)
TestingLibraryElementError: Unable to find an accessible element with the role "button" and name `/Sil · 50/`

Here are the accessible roles:

  paragraph:

  Name "":
  [36m<p[39m
    [33mclass[39m=[32m"eyebrow"[39m
  [36m/>[39m

  Name "":
  [36m<p />[39m

  Name "":
  [36m<p[39m
    [33mclass[39m=[32m"eyebrow"[39m
  [36m/>[39m

  Name "":
  [36m<p />[39m

  Name "":
  [36m<p[39m
    [33mclass[39m=[32m"eyebrow"[39m
  [36m/>[39m

  Name "":
  [36m<p />[39m

  --------------------------------------------------
  heading:

  Name "Canını toparla":
  [36m<h3 />[39m

  Name "Kart yükselt":
  [36m<h3 />[39m

  Name "Kart Sıradan":
  [36m<h4 />[39m

  Name "Kart Seçkin":
  [36m<h4 />[39m

  Name "Kart Nadir":
  [36m<h4 />[39m

  Name "Kart Efsanevi":
  [36m<h4 />[39m

  Name "Kart Sıradan":
  [36m<h4 />[39m

  Name "Desten":
  [36m<h3 />[39m

  Name "Kart Sıradan":
  [36m<h4 />[39m

  Name "Kart Seçkin":
  [36m<h4 />[39m

  Name "Kart Nadir":
  [36m<h4 />[39m

  Name "Kart Efsanevi":
  [36m<h4 />[39m

  Name "Kart Sıradan":
  [36m<h4 />[39m

  --------------------------------------------------
  button:

  Name "Satın al":
  [36m<button[39m
    [33mclass[39m=[32m"button button--shop"[39m
    [33mtype[39m=[32m"button"[39m
  [36m/>[39m

  Name "Kart Sıradan kartını 44 altınla yükselt":
  [36m<button[39m
    [33maria-label[39m=[32m"Kart Sıradan kartını 44 altınla yükselt"[39m
    [33mclass[39m=[32m"button button--upgrade"[39m
    [33mdisabled[39m=[32m""[39m
    [33mtype[39m=[32m"button"[39m
  [36m/>[39m

  Name "Kart Seçkin kartını 66 altınla yükselt":
  [36m<button[39m
    [33maria-label[39m=[32m"Kart Seçkin kartını 66 altınla yükselt"[39m
    [33mclass[39m=[32m"button button--upgrade"[39m
    [33mdisabled[39m=[32m""[39m
    [33mtype[39m=[32m"button"[39m
  [36m/>[39m

  Name "Kart Nadir kartını 88 altınla yükselt":
  [36m<button[39m
    [33maria-label[39m=[32m"Kart Nadir kartını 88 altınla yükselt"[39m
    [33mclass[39m=[32m"button button--upgrade"[39m
    [33mdisabled[39m=[32m""[39m
    [33mtype[39m=[32m"button"[39m
  [36m/>[39m

  Name "Kart Efsanevi kartını 132 altınla yükselt":
  [36m<button[39m
    [33maria-label[39m=[32m"Kart Efsanevi kartını 132 altınla yükselt"[39m
    [33mclass[39m=[32m"button button--upgrade"[39m
    [33mdisabled[39m=[32m""[39m
    [33mtype[39m=[32m"button"[39m
  [36m/>[39m

  Name "Kart Sıradan zaten yükseltilmiş":
  [36m<button[39m
    [33maria-label[39m=[32m"Kart Sıradan zaten yükseltilmiş"[39m
    [33mclass[39m=[32m"button button--upgrade"[39m
    [33mdisabled[39m=[32m""[39m
    [33mtype[39m=[32m"button"[39m
  [36m/>[39m

  Name "Kart Sıradan kartını 50 altın karşılığında sil":
  [36m<button[39m
    [33maria-label[39m=[32m"Kart Sıradan kartını 50 altın karşılığında sil"[39m
    [33mclass[39m=[32m"button button--remove"[39m
    [33mdisabled[39m=[32m""[39m
    [33mtype[39m=[32m"button"[39m
  [36m/>[39m

  Name "Kart Seçkin kartını 50 altın karşılığında sil":
  [36m<button[39m
    [33maria-label[39m=[32m"Kart Seçkin kartını 50 altın karşılığında sil"[39m
    [33mclass[39m=[32m"button button--remove"[39m
    [33mdisabled[39m=[32m""[39m
    [33mtype[39m=[32m"button"[39m
  [36m/>[39m

  Name "Kart Nadir kartını 50 altın karşılığında sil":
  [36m<button[39m
    [33maria-label[39m=[32m"Kart Nadir kartını 50 altın karşılığında sil"[39m
    [33mclass[39m=[32m"button button--remove"[39m
    [33mdisabled[39m=[32m""[39m
    [33mtype[39m=[32m"button"[39m
  [36m/>[39m

  Name "Kart Efsanevi kartını 50 altın karşılığında sil":
  [36m<button[39m
    [33maria-label[39m=[32m"Kart Efsanevi kartını 50 altın karşılığında sil"[39m
    [33mclass[39m=[32m"button button--remove"[39m
    [33mdisabled[39m=[32m""[39m
    [33mtype[39m=[32m"button"[39m
  [36m/>[39m

  Name "Kart Sıradan kartını 50 altın karşılığında sil":
  [36m<button[39m
    [33maria-label[39m=[32m"Kart Sıradan kartını 50 altın karşılığında sil"[39m
    [33mclass[39m=[32m"button button--remove"[39m
    [33mdisabled[39m=[32m""[39m
    [33mtype[39m=[32m"button"[39m
  [36m/>[39m

  Name "Savaşa geç":
  [36m<button[39m
    [33mclass[39m=[32m"button button--turn"[39m
    [33mtype[39m=[32m"button"[39m
  [36m/>[39m

  --------------------------------------------------

Ignored nodes: comments, script, style
[36m<body>[39m
  [36m<div>[39m
    [36m<div[39m
      [33mclass[39m=[32m"shop-layout"[39m
    [36m>[39m
      [36m<div[39m
        [33mclass[39m=[32m"shop-action shop-action--heal"[39m
      [36m>[39m
        [36m<span[39m
          [33maria-hidden[39m=[32m"true"[39m
          [33mclass[39m=[32m"shop-action__icon"[39m
        [36m>[39m
          [0m✚[0m
        [36m</span>[39m
        [36m<div>[39m
          [36m<p[39m
            [33mclass[39m=[32m"eyebrow"[39m
          [36m>[39m
            [0mŞifa[0m
          [36m</p>[39m
          [36m<h3>[39m
            [0mCanını toparla[0m
          [36m</h3>[39m
          [36m<p>[39m
            [0m+4 can · 25 altın[0m
          [36m</p>[39m
        [36m</div>[39m
        [36m<button[39m
          [33mclass[39m=[32m"button button--shop"[39m
          [33mtype[39m=[32m"button"[39m
        [36m>[39m
          [0mSatın al[0m
        [36m</button>[39m
      [36m</div>[39m
      [36m<div[39m
        [33mclass[39m=[32m"shop-action shop-action--upgrade"[39m
      [36m>[39m
        [36m<span[39m
          [33maria-hidden[39m=[32m"true"[39m
          [33mclass[39m=[32m"shop-action__icon"[39m
        [36m>[39m
          [0m↑[0m
        [36m</span>[39m
        [36m<div>[39m
          [36m<p[39m
            [33mclass[39m=[32m"eyebrow"[39m
          [36m>[39m
            [0mDemirci masası[0m
          [36m</p>[39m
          [36m<h3>[39m
            [0mKart yükselt[0m
          [36m</h3>[39m
          [36m<p>[39m
            [0mBir kartın etkisini güçlendir.[0m
          [36m</p>[39m
        [36m</div>[39m
        [36m<div[39m
          [33maria-label[39m=[32m"Yükseltilebilir kartlar"[39m
          [33mclass[39m=[32m"shop-upgrade-list"[39m
        [36m>[39m
          [36m<div[39m
            [33mclass[39m=[32m"shop-card-row shop-card-row--upgrade"[39m
          [36m>[39m
            [36m<span[39m
              [33maria-hidden[39m=[32m"true"[39m
              [33mclass[39m=[32m"shop-card-mark shop-card-mark--saldırı"[39m
            [36m/>[39m
            [36m<h4>[39m
              [0mKart Sıradan[0m
            [36m</h4>[39m
            [36m<span>[39m
              [0m44 altın[0m
            [36m</span>[39m
            [36m<button[39m
              [33maria-label[39m=[32m"Kart Sıradan kartını 44 altınla yükselt"[39m
              [33mclass[39m=[32m"button button--upgrade"[39m
              [33mdisabled[39m=[32m""[39m
              [33mtype[39m=[32m"button"[39m
            [36m>[39m
              [0mYetersiz altın[0m
            [36m</button>[39m
          [36m</div>[39m
          [36m<div[39m
            [33mclass[39m=[32m"shop-card-row shop-card-row--upgrade"[39m
          [36m>[39m
            [36m<span[39m
              [33maria-hidden[39m=[32m"true"[39m
              [33mclass[39m=[32m"shop-card-mark shop-card-mark--savunma"[39m
            [36m/>[39m
            [36m<h4>[39m
              [0mKart Seçkin[0m
            [36m</h4>[39m
            [36m<span>[39m
              [0m66 altın[0m
            [36m</span>[39m
            [36m<button[39m
              [33maria-label[39m=[32m"Kart Seçkin kartını 66 altınla yükselt"[39m
              [33mclass[39m=[32m"button button--upgrade"[39m
              [33mdisabled[39m=[32m""[39m
              [33mtype[39m=[32m"button"[39m
            [36m>[39m
              [0mYetersiz altın[0m
            [36m</button>[39m
          [36m</div>[39m
          [36m<div[39m
            [33mclass[39m=[32m"shop-card-row shop-card-row--upgrade"[39m
          [36m>[39m
            [36m<span[39m
              [33maria-hidden[39m=[32m"true"[39m
              [33mclass[39m=[32m"shop-card-mark shop-card-mark--yetenek"[39m
            [36m/>[39m
            [36m<h4>[39m
              [0mKart Nadir[0m
            [36m</h4>[39m
            [36m<span>[39m
              [0m88 altın[0m
            [36m</span>[39m
            [36m<button[39m
              [33maria-label[39m=[32m"Kart Nadir kartını 88 altınla yükselt"[39m
              [33mclass[39m=[32m"button button--upgrade"[39m
              [33mdisabled[39m=[32m""[39m
              [33mtype[39m=[32m"button"[39m
            [36m>[39m
              [0mYetersiz altın[0m
            [36m</button>[39m
          [36m</div>[39m
          [36m<div[39m
            [33mclass[39m=[32m"shop-card-row shop-card-row--upgrade"[39m
          [36m>[39m
            [36m<span[39m
              [33maria-hidden[39m=[32m"true"[39m
              [33mclass[39m=[32m"shop-card-mark shop-card-mark--saldırı"[39m
            [36m/>[39m
            [36m<h4>[39m
              [0mKart Efsanevi[0m
            [36m</h4>[39m
            [36m<span>[39m
              [0m132 altın[0m
            [36m</span>[39m
            [36m<button[39m
              [33maria-label[39m=[32m"Kart Efsanevi kartını 132 altınla yükselt"[39m
              [33mclass[39m=[32m"button button--upgrade"[39m
              [33mdisabled[39m=[32m""[39m
              [33mtype[39m=[32m"button"[39m
            [36m>[39m
              [0mYetersiz altın[0m
            [36m</button>[39m
          [36m</div>[39m
          [36m<div[39m
            [33mclass[39m=[32m"shop-card-row shop-card-row--upgrade"[39m
          [36m>[39m
            [36m<span[39m
              [33maria-hidden[39m=[32m"true"[39m
              [33mclass[39m=[32m"shop-card-mark shop-card-mark--saldırı"[39m
            [36m/>[39m
            [36m<h4>[39m
              [0mKart Sıradan[0m
            [36m</h4>[39m
            [36m<span>[39m
              [0mGüçlendirildi[0m
            [36m</span>[39m
            [36m<button[39m
              [33maria-label[39m=[32m"Kart Sıradan zaten yükseltilmiş"[39m
              [33mclass[39m=[32m"button button--upgrade"[39m
              [33mdisabled[39m=[32m""[39m
              [33mtype[39m=[32m"button"[39m
            [36m>[39m
              [0mYükseltildi[0m
            [36m</button>[39m
          [36m</div>[39m
        [36m</div>[39m
      [36m</div>[39m
      [36m<div[39m
        [33mclass[39m=[32m"shop-deck"[39m
      [36m>[39m
        [36m<div[39m
          [33mclass[39m=[32m"shop-subheading"[39m
        [36m>[39m
          [36m<div>[39m
            [36m<p[39m
              [33mclass[39m=[32m"eyebrow"[39m
            [36m>[39m
              [0mDeste yönetimi[0m
            [36m</p>[39m
            [36m<h3>[39m
              [0mDesten[0m
            [36m</h3>[39m
          [36m</div>[39m
          [36m<span>[39m
            [0m5[0m
            [0m kart[0m
          [36m</span>[39m
        [36m</div>[39m
        [36m<div[39m
          [33mclass[39m=[32m"shop-card-list"[39m
        [36m>[39m
          [36m<div[39m
            [33mclass[39m=[32m"shop-card-row"[39m
          [36m>[39m
            [36m<span[39m
              [33maria-hidden[39m=[32m"true"[39m
              [33mclass[39m=[32m"shop-card-mark shop-card-mark--saldırı"[39m
            [36m/>[39m
            [36m<h4>[39m
              [0mKart Sıradan[0m
            [36m</h4>[39m
            [36m<span>[39m
              [0m1[0m
              [0m enerji[0m
            [36m</span>[39m
            [36m<button[39m
              [33maria-label[39m=[32m"Kart Sıradan kartını 50 altın karşılığında sil"[39m
              [33mclass[39m=[32m"button button--remove"[39m
              [33mdisabled[39m=[32m""[39m
              [33mtype[39m=[32m"button"[39m
            [36m>[39m
              [0mSil · 50[0m
            [36m</button>[39m
          [36m</div>[39m
          [36m<div[39m
            [33mclass[39m=[32m"shop-card-row"[39m
          [36m>[39m
            [36m<span[39m
              [33maria-hidden[39m=[32m"true"[39m
              [33mclass[39m=[32m"shop-card-mark shop-card-mark--savunma"[39m
            [36m/>[39m
            [36m<h4>[39m
              [0mKart Seçkin[0m
            [36m</h4>[39m
            [36m<span>[39m
              [0m2[0m
              [0m enerji[0m
            [36m</span>[39m
            [36m<button[39m
              [33maria-label[39m=[32m"Kart Seçkin kartını 50 altın karşılığında sil"[39m
              [33mclass[39m=[32m"button button--remove"[39m
              [33mdisabled[39m=[32m""[39m
              [33mtype[39m=[32m"button"[39m
            [36m>[39m
              [0mSil · 50[0m
            [36m</button>[39m
          [36m</div>[39m
          [36m<div[39m
            [33mclass[39m=[32m"shop-card-row"[39m
          [36m>[39m
            [36m<span[39m
              [33maria-hidden[39m=[32m"true"[39m
              [33mclass[39m=[32m"shop-card-mark shop-card-mark--yetenek"[39m
            [36m/>[39m
            [36m<h4>[39m
              [0mKart Nadir[0m
            [36m</h4>[39m
            [36m<span>[39m
              [0m0[0m
              [0m enerji[0m
            [36m</span>[39m
            [36m<button[39m
              [33maria-label[39m=[32m"Kart Nadir kartını 50 altın karşılığında sil"[39m
              [33mclass[39m=[32m"button button--remove"[39m
              [33mdisabled[39m=[32m""[39m
              [33mtype[39m=[32m"button"[39m
            [36m>[39m
              [0mSil · 50[0m
            [36m</button>[39m
          [36m</div>[39m
          [36m<div[39m
            [33mclass[39m=[32m"shop-card-row"[39m
          [36m>[39m
            [36m<span[39m
              [33maria-hidden[39m=[32m"true"[39m
              [33mclass[39m=[32m"shop-card-mark shop-card-mark--saldırı"[39m
            [36m/>[39m
            [36m<h4>[39m
              [0mKart Efsanevi[0m
            [36m</h4>[39m
            [36m<span>[39m
              [0m3[0m
              [0m enerji[0m
            [36m</span>[39m
            [36m<button[39m
              [33maria-label[39m=[32m"Kart Efsanevi kartını 50 altın karşılığında sil"[39m
              [33mclass[39m=[32m"button button--remove"[39m
              [33mdisabled[39m=[32m""[39m
              [33mtype[39m=[32m"button"[39m
            [36m>[39m
              [0mSil · 50[0m
            [36m</button>[39m
          [36m</div>[39m
          [36m<div[39m
            [33mclass[39m=[32m"shop-card-row"[39m
          [36m>[39m
            [36m<span[39m
              [33maria-hidden[39m=[32m"true"[39m
              [33mclass[39m=[32m"shop-card-mark shop-card-mark--saldırı"[39m
            [36m/>[39m
            [36m<h4>[39m
              [0mKart Sıradan[0m
            [36m</h4>[39m
            [36m<span>[39m
              [0m1[0m
              [0m enerji[0m
            [36m</span>[39m
            [36m<button[39m
              [33maria-label[39m=[32m"Kart Sıradan kartını 50 altın karşılığında sil"[39m
              [33mclass[39m=[32m"button button--remove"[39m
              [33mdisabled[39m=[32m""[39m
              [33mtype[39m=[32m"button"[39m
            [36m>[39m
              [0mSil · 50[0m
            [36m</button>[39m
          [36m</div>[39m
        [36m</div>[39m
      [36m</div>[39m
      [36m<div[39m
        [33mclass[39m=[32m"shop-footer"[39m
      [36m>[39m
        [36m<p>[39m
          [0mHazır olduğunda bir sonraki savaşa geç.[0m
        [36m</p>[39m
        [36m<button[39m
          [33mclass[39m=[32m"button button--turn"[39m
          [33mtype[39m=[32m"button"[39m
        [36m>[39m
          [0mSavaşa geç [0m
          [36m<span[39m
            [33maria-hidden[39m=[32m"true"[39m
          [36m>[39m
            [0m→[0m
          [36m</span>[39m
        [36m</button>[39m
      [36m</div>[39m
    [36m</div>[39m
  [36m</div>[39m
[36m</body>[39m
 ❯ Object.getElementError node_modules/@testing-library/dom/dist/config.js:37:19
 ❯ node_modules/@testing-library/dom/dist/query-helpers.js:76:38
 ❯ node_modules/@testing-library/dom/dist/query-helpers.js:109:15
 ❯ src/components/ShopPanel.test.tsx:225:33
    223|     useGameStore.setState({ ...useGameStore.getState(), gold: 40 });
    224|     render(<ShopPanel />);
    225|     const removeButton = screen.getAllByRole('button', { name: /Sil · …
       |                                 ^
    226|     expect(removeButton).toBeDisabled();
    227|     expect(removeButton).toHaveAccessibleName(/Kart Sıradan kartını 50…

⎯⎯⎯⎯⎯⎯⎯⎯⎯⎯⎯⎯⎯⎯⎯⎯⎯⎯⎯⎯⎯⎯[14/16]⎯

 FAIL  src/components/ShopPanel.test.tsx > ShopPanel > upgrade cost scales with victoryCount correctly
TestingLibraryElementError: Found multiple elements with the text: /Kart Sıradan/

Here are the matching elements:

Ignored nodes: comments, script, style
[36m<h4>[39m
  [0mKart Sıradan[0m
[36m</h4>[39m

Ignored nodes: comments, script, style
[36m<h4>[39m
  [0mKart Sıradan[0m
[36m</h4>[39m

Ignored nodes: comments, script, style
[36m<h4>[39m
  [0mKart Sıradan[0m
[36m</h4>[39m

Ignored nodes: comments, script, style
[36m<h4>[39m
  [0mKart Sıradan[0m
[36m</h4>[39m

(If this is intentional, then use the `*AllBy*` variant of the query (like `queryAllByText`, `getAllByText`, or `findAllByText`)).

Ignored nodes: comments, script, style
[36m<body>[39m
  [36m<div>[39m
    [36m<div[39m
      [33mclass[39m=[32m"shop-layout"[39m
    [36m>[39m
      [36m<div[39m
        [33mclass[39m=[32m"shop-action shop-action--heal"[39m
      [36m>[39m
        [36m<span[39m
          [33maria-hidden[39m=[32m"true"[39m
          [33mclass[39m=[32m"shop-action__icon"[39m
        [36m>[39m
          [0m✚[0m
        [36m</span>[39m
        [36m<div>[39m
          [36m<p[39m
            [33mclass[39m=[32m"eyebrow"[39m
          [36m>[39m
            [0mŞifa[0m
          [36m</p>[39m
          [36m<h3>[39m
            [0mCanını toparla[0m
          [36m</h3>[39m
          [36m<p>[39m
            [0m+4 can · 25 altın[0m
          [36m</p>[39m
        [36m</div>[39m
        [36m<button[39m
          [33mclass[39m=[32m"button button--shop"[39m
          [33mtype[39m=[32m"button"[39m
        [36m>[39m
          [0mSatın al[0m
        [36m</button>[39m
      [36m</div>[39m
      [36m<div[39m
        [33mclass[39m=[32m"shop-action shop-action--upgrade"[39m
      [36m>[39m
        [36m<span[39m
          [33maria-hidden[39m=[32m"true"[39m
          [33mclass[39m=[32m"shop-action__icon"[39m
        [36m>[39m
          [0m↑[0m
        [36m</span>[39m
        [36m<div>[39m
          [36m<p[39m
            [33mclass[39m=[32m"eyebrow"[39m
          [36m>[39m
            [0mDemirci masası[0m
          [36m</p>[39m
          [36m<h3>[39m
            [0mKart yükselt[0m
          [36m</h3>[39m
          [36m<p>[39m
            [0mBir kartın etkisini güçlendir.[0m
          [36m</p>[39m
        [36m</div>[39m
        [36m<div[39m
          [33maria-label[39m=[32m"Yükseltilebilir kartlar"[39m
          [33mclass[39m=[32m"shop-upgrade-list"[39m
        [36m>[39m
          [36m<div[39m
            [33mclass[39m=[32m"shop-card-row shop-card-row--upgrade"[39m
          [36m>[39m
            [36m<span[39m
              [33maria-hidden[39m=[32m"true"[39m
              [33mclass[39m=[32m"shop-card-mark shop-card-mark--saldırı"[39m
            [36m/>[39m
            [36m<h4>[39m
              [0mKart Sıradan[0m
            [36m</h4>[39m
            [36m<span>[39m
              [0m40 altın[0m
            [36m</span>[39m
            [36m<button[39m
              [33maria-label[39m=[32m"Kart Sıradan kartını 40 altınla yükselt"[39m
              [33mclass[39m=[32m"button button--upgrade"[39m
              [33mtype[39m=[32m"button"[39m
            [36m>[39m
              [0mYükselt[0m
            [36m</button>[39m
          [36m</div>[39m
          [36m<div[39m
            [33mclass[39m=[32m"shop-card-row shop-card-row--upgrade"[39m
          [36m>[39m
            [36m<span[39m
              [33maria-hidden[39m=[32m"true"[39m
              [33mclass[39m=[32m"shop-card-mark shop-card-mark--savunma"[39m
            [36m/>[39m
            [36m<h4>[39m
              [0mKart Seçkin[0m
            [36m</h4>[39m
            [36m<span>[39m
              [0m60 altın[0m
            [36m</span>[39m
            [36m<button[39m
              [33maria-label[39m=[32m"Kart Seçkin kartını 60 altınla yükselt"[39m
              [33mclass[39m=[32m"button button--upgrade"[39m
              [33mtype[39m=[32m"button"[39m
            [36m>[39m
              [0mYükselt[0m
            [36m</button>[39m
          [36m</div>[39m
          [36m<div[39m
            [33mclass[39m=[32m"shop-card-row shop-card-row--upgrade"[39m
          [36m>[39m
            [36m<span[39m
              [33maria-hidden[39m=[32m"true"[39m
              [33mclass[39m=[32m"shop-card-mark shop-card-mark--yetenek"[39m
            [36m/>[39m
            [36m<h4>[39m
              [0mKart Nadir[0m
            [36m</h4>[39m
            [36m<span>[39m
              [0m80 altın[0m
            [36m</span>[39m
            [36m<button[39m
              [33maria-label[39m=[32m"Kart Nadir kartını 80 altınla yükselt"[39m
              [33mclass[39m=[32m"button button--upgrade"[39m
              [33mtype[39m=[32m"button"[39m
            [36m>[39m
              [0mYükselt[0m
            [36m</button>[39m
          [36m</div>[39m
          [36m<div[39m
            [33mclass[39m=[32m"shop-card-row shop-card-row--upgrade"[39m
          [36m>[39m
            [36m<span[39m
              [33maria-hidden[39m=[32m"true"[39m
              [33mclass[39m=[32m"shop-card-mark shop-card-mark--saldırı"[39m
            [36m/>[39m
            [36m<h4>[39m
              [0mKart Efsanevi[0m
            [36m</h4>[39m
            [36m<span>[39m
              [0m120 altın[0m
            [36m</span>[39m
            [36m<button[39m
              [33maria-label[39m=[32m"Kart Efsanevi kartını 120 altınla yükselt"[39m
              [33mclass[39m=[32m"button button--upgrade"[39m
              [33mtype[39m=[32m"button"[39m
            [36m>[39m
              [0mYükselt[0m
            [36m</button>[39m
          [36m</div>[39m
          [36m<div[39m
            [33mclass[39m=[32m"shop-card-row shop-card-row--upgrade"[39m
          [36m>[39m
            [36m<span[39m
              [33maria-hidden[39m=[32m"true"[39m
              [33mclass[39m=[32m"shop-card-mark shop-card-mark--saldırı"[39m
            [36m/>[39m
            [36m<h4>[39m
              [0mKart Sıradan[0m
            [36m</h4>[39m
            [36m<span>[39m
              [0mGüçlendirildi[0m
            [36m</span>[39m
            [36m<button[39m
              [33maria-label[39m=[32m"Kart Sıradan zaten yükseltilmiş"[39m
              [33mclass[39m=[32m"button button--upgrade"[39m
              [33mdisabled[39m=[32m""[39m
              [33mtype[39m=[32m"button"[39m
            [36m>[39m
              [0mYükseltildi[0m
            [36m</button>[39m
          [36m</div>[39m
        [36m</div>[39m
      [36m</div>[39m
      [36m<div[39m
        [33mclass[39m=[32m"shop-deck"[39m
      [36m>[39m
        [36m<div[39m
          [33mclass[39m=[32m"shop-subheading"[39m
        [36m>[39m
          [36m<div>[39m
            [36m<p[39m
              [33mclass[39m=[32m"eyebrow"[39m
            [36m>[39m
              [0mDeste yönetimi[0m
            [36m</p>[39m
            [36m<h3>[39m
              [0mDesten[0m
            [36m</h3>[39m
          [36m</div>[39m
          [36m<span>[39m
            [0m5[0m
            [0m kart[0m
          [36m</span>[39m
        [36m</div>[39m
        [36m<div[39m
          [33mclass[39m=[32m"shop-card-list"[39m
        [36m>[39m
          [36m<div[39m
            [33mclass[39m=[32m"shop-card-row"[39m
          [36m>[39m
            [36m<span[39m
              [33maria-hidden[39m=[32m"true"[39m
              [33mclass[39m=[32m"shop-card-mark shop-card-mark--saldırı"[39m
            [36m/>[39m
            [36m<h4>[39m
              [0mKart Sıradan[0m
            [36m</h4>[39m
            [36m<span>[39m
              [0m1[0m
              [0m enerji[0m
            [36m</span>[39m
            [36m<button[39m
              [33maria-label[39m=[32m"Kart Sıradan kartını 50 altın karşılığında sil"[39m
              [33mclass[39m=[32m"button button--remove"[39m
              [33mtype[39m=[32m"button"[39m
            [36m>[39m
              [0mSil · 50[0m
            [36m</button>[39m
          [36m</div>[39m
          [36m<div[39m
            [33mclass[39m=[32m"shop-card-row"[39m
          [36m>[39m
            [36m<span[39m
              [33maria-hidden[39m=[32m"true"[39m
              [33mclass[39m=[32m"shop-card-mark shop-card-mark--savunma"[39m
            [36m/>[39m
            [36m<h4>[39m
              [0mKart Seçkin[0m
            [36m</h4>[39m
            [36m<span>[39m
              [0m2[0m
              [0m enerji[0m
            [36m</span>[39m
            [36m<button[39m
              [33maria-label[39m=[32m"Kart Seçkin kartını 50 altın karşılığında sil"[39m
              [33mclass[39m=[32m"button button--remove"[39m
              [33mtype[39m=[32m"button"[39m
            [36m>[39m
              [0mSil · 50[0m
            [36m</button>[39m
          [36m</div>[39m
          [36m<div[39m
            [33mclass[39m=[32m"shop-card-row"[39m
          [36m>[39m
            [36m<span[39m
              [33maria-hidden[39m=[32m"true"[39m
              [33mclass[39m=[32m"shop-card-mark shop-card-mark--yetenek"[39m
            [36m/>[39m
            [36m<h4>[39m
              [0mKart Nadir[0m
            [36m</h4>[39m
            [36m<span>[39m
              [0m0[0m
              [0m enerji[0m
            [36m</span>[39m
            [36m<button[39m
              [33maria-label[39m=[32m"Kart Nadir kartını 50 altın karşılığında sil"[39m
              [33mclass[39m=[32m"button button--remove"[39m
              [33mtype[39m=[32m"button"[39m
            [36m>[39m
              [0mSil · 50[0m
            [36m</button>[39m
          [36m</div>[39m
          [36m<div[39m
            [33mclass[39m=[32m"shop-card-row"[39m
          [36m>[39m
            [36m<span[39m
              [33maria-hidden[39m=[32m"true"[39m
              [33mclass[39m=[32m"shop-card-mark shop-card-mark--saldırı"[39m
            [36m/>[39m
            [36m<h4>[39m
              [0mKart Efsanevi[0m
            [36m</h4>[39m
            [36m<span>[39m
              [0m3[0m
              [0m enerji[0m
            [36m</span>[39m
            [36m<button[39m
              [33maria-label[39m=[32m"Kart Efsanevi kartını 50 altın karşılığında sil"[39m
              [33mclass[39m=[32m"button button--remove"[39m
              [33mtype[39m=[32m"button"[39m
            [36m>[39m
              [0mSil · 50[0m
            [36m</button>[39m
          [36m</div>[39m
          [36m<div[39m
            [33mclass[39m=[32m"shop-card-row"[39m
          [36m>[39m
            [36m<span[39m
              [33maria-hidden[39m=[32m"true"[39m
              [33mclass[39m=[32m"shop-card-mark shop-card-mark--saldırı"[39m
            [36m/>[39m
            [36m<h4>[39m
              [0mKart Sıradan[0m
            [36m</h4>[39m
            [36m<span>[39m
              [0m1[0m
              [0m enerji[0m
            [36m</span>[39m
            [36m<button[39m
              [33maria-label[39m=[32m"Kart Sıradan kartını 50 altın karşılığında sil"[39m
              [33mclass[39m=[32m"button button--remove"[39m
              [33mtype[39m=[32m"button"[39m
            [36m>[39m
              [0mSil · 50[0m
            [36m</button>[39m
          [36m</div>[39m
        [36m</div>[39m
      [36m</div>[39m
      [36m<div[39m
        [33mclass[39m=[32m"shop-footer"[39m
      [36m>[39m
        [36m<p>[39m
          [0mHazır olduğunda bir sonraki savaşa geç.[0m
        [36m</p>[39m
        [36m<button[39m
          [33mclass[39m=[32m"button button--turn"[39m
          [33mtype[39m=[32m"button"[39m
        [36m>[39m
          [0mSavaşa geç [0m
          [36m<span[39m
            [33maria-hidden[39m=[32m"true"[39m
          [36m>[39m
            [0m→[0m
          [36m</span>[39m
        [36m</button>[39m
      [36m</div>[39m
    [36m</div>[39m
  [36m</div>[39m
[36m</body>[39m
 ❯ Object.getElementError node_modules/@testing-library/dom/dist/config.js:37:19
 ❯ getElementError node_modules/@testing-library/dom/dist/query-helpers.js:20:35
 ❯ getMultipleElementsFoundError node_modules/@testing-library/dom/dist/query-helpers.js:23:10
 ❯ node_modules/@testing-library/dom/dist/query-helpers.js:55:13
 ❯ node_modules/@testing-library/dom/dist/query-helpers.js:95:19
 ❯ src/components/ShopPanel.test.tsx:248:32
    246|     render(<ShopPanel />);
    247|     // find the common card upgrade button and check its text or the c…
    248|     const commonRowV0 = screen.getByText(/Kart Sıradan/).closest('.sho…
       |                                ^
    249|     const costTextV0 = commonRowV0.querySelector('span')?.textContent;…
    250|     expect(costTextV0).toMatch(/40 altın/);

⎯⎯⎯⎯⎯⎯⎯⎯⎯⎯⎯⎯⎯⎯⎯⎯⎯⎯⎯⎯⎯⎯[15/16]⎯

 FAIL  src/components/ShopPanel.test.tsx > ShopPanel > legendary card upgrade cost is calculated correctly
TestingLibraryElementError: Found multiple elements with the text: /Kart Efsanevi/

Here are the matching elements:

Ignored nodes: comments, script, style
[36m<h4>[39m
  [0mKart Efsanevi[0m
[36m</h4>[39m

Ignored nodes: comments, script, style
[36m<h4>[39m
  [0mKart Efsanevi[0m
[36m</h4>[39m

(If this is intentional, then use the `*AllBy*` variant of the query (like `queryAllByText`, `getAllByText`, or `findAllByText`)).

Ignored nodes: comments, script, style
[36m<body>[39m
  [36m<div>[39m
    [36m<div[39m
      [33mclass[39m=[32m"shop-layout"[39m
    [36m>[39m
      [36m<div[39m
        [33mclass[39m=[32m"shop-action shop-action--heal"[39m
      [36m>[39m
        [36m<span[39m
          [33maria-hidden[39m=[32m"true"[39m
          [33mclass[39m=[32m"shop-action__icon"[39m
        [36m>[39m
          [0m✚[0m
        [36m</span>[39m
        [36m<div>[39m
          [36m<p[39m
            [33mclass[39m=[32m"eyebrow"[39m
          [36m>[39m
            [0mŞifa[0m
          [36m</p>[39m
          [36m<h3>[39m
            [0mCanını toparla[0m
          [36m</h3>[39m
          [36m<p>[39m
            [0m+4 can · 25 altın[0m
          [36m</p>[39m
        [36m</div>[39m
        [36m<button[39m
          [33mclass[39m=[32m"button button--shop"[39m
          [33mtype[39m=[32m"button"[39m
        [36m>[39m
          [0mSatın al[0m
        [36m</button>[39m
      [36m</div>[39m
      [36m<div[39m
        [33mclass[39m=[32m"shop-action shop-action--upgrade"[39m
      [36m>[39m
        [36m<span[39m
          [33maria-hidden[39m=[32m"true"[39m
          [33mclass[39m=[32m"shop-action__icon"[39m
        [36m>[39m
          [0m↑[0m
        [36m</span>[39m
        [36m<div>[39m
          [36m<p[39m
            [33mclass[39m=[32m"eyebrow"[39m
          [36m>[39m
            [0mDemirci masası[0m
          [36m</p>[39m
          [36m<h3>[39m
            [0mKart yükselt[0m
          [36m</h3>[39m
          [36m<p>[39m
            [0mBir kartın etkisini güçlendir.[0m
          [36m</p>[39m
        [36m</div>[39m
        [36m<div[39m
          [33maria-label[39m=[32m"Yükseltilebilir kartlar"[39m
          [33mclass[39m=[32m"shop-upgrade-list"[39m
        [36m>[39m
          [36m<div[39m
            [33mclass[39m=[32m"shop-card-row shop-card-row--upgrade"[39m
          [36m>[39m
            [36m<span[39m
              [33maria-hidden[39m=[32m"true"[39m
              [33mclass[39m=[32m"shop-card-mark shop-card-mark--saldırı"[39m
            [36m/>[39m
            [36m<h4>[39m
              [0mKart Sıradan[0m
            [36m</h4>[39m
            [36m<span>[39m
              [0m40 altın[0m
            [36m</span>[39m
            [36m<button[39m
              [33maria-label[39m=[32m"Kart Sıradan kartını 40 altınla yükselt"[39m
              [33mclass[39m=[32m"button button--upgrade"[39m
              [33mtype[39m=[32m"button"[39m
            [36m>[39m
              [0mYükselt[0m
            [36m</button>[39m
          [36m</div>[39m
          [36m<div[39m
            [33mclass[39m=[32m"shop-card-row shop-card-row--upgrade"[39m
          [36m>[39m
            [36m<span[39m
              [33maria-hidden[39m=[32m"true"[39m
              [33mclass[39m=[32m"shop-card-mark shop-card-mark--savunma"[39m
            [36m/>[39m
            [36m<h4>[39m
              [0mKart Seçkin[0m
            [36m</h4>[39m
            [36m<span>[39m
              [0m60 altın[0m
            [36m</span>[39m
            [36m<button[39m
              [33maria-label[39m=[32m"Kart Seçkin kartını 60 altınla yükselt"[39m
              [33mclass[39m=[32m"button button--upgrade"[39m
              [33mtype[39m=[32m"button"[39m
            [36m>[39m
              [0mYükselt[0m
            [36m</button>[39m
          [36m</div>[39m
          [36m<div[39m
            [33mclass[39m=[32m"shop-card-row shop-card-row--upgrade"[39m
          [36m>[39m
            [36m<span[39m
              [33maria-hidden[39m=[32m"true"[39m
              [33mclass[39m=[32m"shop-card-mark shop-card-mark--yetenek"[39m
            [36m/>[39m
            [36m<h4>[39m
              [0mKart Nadir[0m
            [36m</h4>[39m
            [36m<span>[39m
              [0m80 altın[0m
            [36m</span>[39m
            [36m<button[39m
              [33maria-label[39m=[32m"Kart Nadir kartını 80 altınla yükselt"[39m
              [33mclass[39m=[32m"button button--upgrade"[39m
              [33mtype[39m=[32m"button"[39m
            [36m>[39m
              [0mYükselt[0m
            [36m</button>[39m
          [36m</div>[39m
          [36m<div[39m
            [33mclass[39m=[32m"shop-card-row shop-card-row--upgrade"[39m
          [36m>[39m
            [36m<span[39m
              [33maria-hidden[39m=[32m"true"[39m
              [33mclass[39m=[32m"shop-card-mark shop-card-mark--saldırı"[39m
            [36m/>[39m
            [36m<h4>[39m
              [0mKart Efsanevi[0m
            [36m</h4>[39m
            [36m<span>[39m
              [0m120 altın[0m
            [36m</span>[39m
            [36m<button[39m
              [33maria-label[39m=[32m"Kart Efsanevi kartını 120 altınla yükselt"[39m
              [33mclass[39m=[32m"button button--upgrade"[39m
              [33mtype[39m=[32m"button"[39m
            [36m>[39m
              [0mYükselt[0m
            [36m</button>[39m
          [36m</div>[39m
          [36m<div[39m
            [33mclass[39m=[32m"shop-card-row shop-card-row--upgrade"[39m
          [36m>[39m
            [36m<span[39m
              [33maria-hidden[39m=[32m"true"[39m
              [33mclass[39m=[32m"shop-card-mark shop-card-mark--saldırı"[39m
            [36m/>[39m
            [36m<h4>[39m
              [0mKart Sıradan[0m
            [36m</h4>[39m
            [36m<span>[39m
              [0mGüçlendirildi[0m
            [36m</span>[39m
            [36m<button[39m
              [33maria-label[39m=[32m"Kart Sıradan zaten yükseltilmiş"[39m
              [33mclass[39m=[32m"button button--upgrade"[39m
              [33mdisabled[39m=[32m""[39m
              [33mtype[39m=[32m"button"[39m
            [36m>[39m
              [0mYükseltildi[0m
            [36m</button>[39m
          [36m</div>[39m
        [36m</div>[39m
      [36m</div>[39m
      [36m<div[39m
        [33mclass[39m=[32m"shop-deck"[39m
      [36m>[39m
        [36m<div[39m
          [33mclass[39m=[32m"shop-subheading"[39m
        [36m>[39m
          [36m<div>[39m
            [36m<p[39m
              [33mclass[39m=[32m"eyebrow"[39m
            [36m>[39m
              [0mDeste yönetimi[0m
            [36m</p>[39m
            [36m<h3>[39m
              [0mDesten[0m
            [36m</h3>[39m
          [36m</div>[39m
          [36m<span>[39m
            [0m5[0m
            [0m kart[0m
          [36m</span>[39m
        [36m</div>[39m
        [36m<div[39m
          [33mclass[39m=[32m"shop-card-list"[39m
        [36m>[39m
          [36m<div[39m
            [33mclass[39m=[32m"shop-card-row"[39m
          [36m>[39m
            [36m<span[39m
              [33maria-hidden[39m=[32m"true"[39m
              [33mclass[39m=[32m"shop-card-mark shop-card-mark--saldırı"[39m
            [36m/>[39m
            [36m<h4>[39m
              [0mKart Sıradan[0m
            [36m</h4>[39m
            [36m<span>[39m
              [0m1[0m
              [0m enerji[0m
            [36m</span>[39m
            [36m<button[39m
              [33maria-label[39m=[32m"Kart Sıradan kartını 50 altın karşılığında sil"[39m
              [33mclass[39m=[32m"button button--remove"[39m
              [33mtype[39m=[32m"button"[39m
            [36m>[39m
              [0mSil · 50[0m
            [36m</button>[39m
          [36m</div>[39m
          [36m<div[39m
            [33mclass[39m=[32m"shop-card-row"[39m
          [36m>[39m
            [36m<span[39m
              [33maria-hidden[39m=[32m"true"[39m
              [33mclass[39m=[32m"shop-card-mark shop-card-mark--savunma"[39m
            [36m/>[39m
            [36m<h4>[39m
              [0mKart Seçkin[0m
            [36m</h4>[39m
            [36m<span>[39m
              [0m2[0m
              [0m enerji[0m
            [36m</span>[39m
            [36m<button[39m
              [33maria-label[39m=[32m"Kart Seçkin kartını 50 altın karşılığında sil"[39m
              [33mclass[39m=[32m"button button--remove"[39m
              [33mtype[39m=[32m"button"[39m
            [36m>[39m
              [0mSil · 50[0m
            [36m</button>[39m
          [36m</div>[39m
          [36m<div[39m
            [33mclass[39m=[32m"shop-card-row"[39m
          [36m>[39m
            [36m<span[39m
              [33maria-hidden[39m=[32m"true"[39m
              [33mclass[39m=[32m"shop-card-mark shop-card-mark--yetenek"[39m
            [36m/>[39m
            [36m<h4>[39m
              [0mKart Nadir[0m
            [36m</h4>[39m
            [36m<span>[39m
              [0m0[0m
              [0m enerji[0m
            [36m</span>[39m
            [36m<button[39m
              [33maria-label[39m=[32m"Kart Nadir kartını 50 altın karşılığında sil"[39m
              [33mclass[39m=[32m"button button--remove"[39m
              [33mtype[39m=[32m"button"[39m
            [36m>[39m
              [0mSil · 50[0m
            [36m</button>[39m
          [36m</div>[39m
          [36m<div[39m
            [33mclass[39m=[32m"shop-card-row"[39m
          [36m>[39m
            [36m<span[39m
              [33maria-hidden[39m=[32m"true"[39m
              [33mclass[39m=[32m"shop-card-mark shop-card-mark--saldırı"[39m
            [36m/>[39m
            [36m<h4>[39m
              [0mKart Efsanevi[0m
            [36m</h4>[39m
            [36m<span>[39m
              [0m3[0m
              [0m enerji[0m
            [36m</span>[39m
            [36m<button[39m
              [33maria-label[39m=[32m"Kart Efsanevi kartını 50 altın karşılığında sil"[39m
              [33mclass[39m=[32m"button button--remove"[39m
              [33mtype[39m=[32m"button"[39m
            [36m>[39m
              [0mSil · 50[0m
            [36m</button>[39m
          [36m</div>[39m
          [36m<div[39m
            [33mclass[39m=[32m"shop-card-row"[39m
          [36m>[39m
            [36m<span[39m
              [33maria-hidden[39m=[32m"true"[39m
              [33mclass[39m=[32m"shop-card-mark shop-card-mark--saldırı"[39m
            [36m/>[39m
            [36m<h4>[39m
              [0mKart Sıradan[0m
            [36m</h4>[39m
            [36m<span>[39m
              [0m1[0m
              [0m enerji[0m
            [36m</span>[39m
            [36m<button[39m
              [33maria-label[39m=[32m"Kart Sıradan kartını 50 altın karşılığında sil"[39m
              [33mclass[39m=[32m"button button--remove"[39m
              [33mtype[39m=[32m"button"[39m
            [36m>[39m
              [0mSil · 50[0m
            [36m</button>[39m
          [36m</div>[39m
        [36m</div>[39m
      [36m</div>[39m
      [36m<div[39m
        [33mclass[39m=[32m"shop-footer"[39m
      [36m>[39m
        [36m<p>[39m
          [0mHazır olduğunda bir sonraki savaşa geç.[0m
        [36m</p>[39m
        [36m<button[39m
          [33mclass[39m=[32m"button button--turn"[39m
          [33mtype[39m=[32m"button"[39m
        [36m>[39m
          [0mSavaşa geç [0m
          [36m<span[39m
            [33maria-hidden[39m=[32m"true"[39m
          [36m>[39m
            [0m→[0m
          [36m</span>[39m
        [36m</button>[39m
      [36m</div>[39m
    [36m</div>[39m
  [36m</div>[39m
[36m</body>[39m
 ❯ Object.getElementError node_modules/@testing-library/dom/dist/config.js:37:19
 ❯ getElementError node_modules/@testing-library/dom/dist/query-helpers.js:20:35
 ❯ getMultipleElementsFoundError node_modules/@testing-library/dom/dist/query-helpers.js:23:10
 ❯ node_modules/@testing-library/dom/dist/query-helpers.js:55:13
 ❯ node_modules/@testing-library/dom/dist/query-helpers.js:95:19
 ❯ src/components/ShopPanel.test.tsx:277:33
    275|     useGameStore.setState({ ...useGameStore.getState(), victoryCount: …
    276|     render(<ShopPanel />);
    277|     const legendaryRow = screen.getByText(/Kart Efsanevi/).closest('.s…
       |                                 ^
    278|     const costText = legendaryRow.querySelector('span')?.textContent;
    279|     expect(costText).toMatch(/120 altın/);

⎯⎯⎯⎯⎯⎯⎯⎯⎯⎯⎯⎯⎯⎯⎯⎯⎯⎯⎯⎯⎯⎯[16/16]⎯

